Jun  5 21:05:05 alton rsyslogd: [origin software="rsyslogd" swVersion="8.4.2" x-pid="459" x-info="http://www.rsyslog.com"] rsyslogd was HUPed
Jun  5 21:06:06 alton rsyslogd0: action 'action 19' resumed (module 'builtin:ompipe') [try http://www.rsyslog.com/e/0 ]
Jun  5 21:06:06 alton rsyslogd-2359: action 'action 19' resumed (module 'builtin:ompipe') [try http://www.rsyslog.com/e/2359 ]
Jun  6 00:07:02 alton rsyslogd: [origin software="rsyslogd" swVersion="8.4.2" x-pid="459" x-info="http://www.rsyslog.com"] exiting on signal 15.
Jun  6 00:22:17 alton rsyslogd: [origin software="rsyslogd" swVersion="8.4.2" x-pid="458" x-info="http://www.rsyslog.com"] start
Jun  6 00:22:17 alton kernel: [    0.000000] Initializing cgroup subsys cpuset
Jun  6 00:22:17 alton kernel: [    0.000000] Initializing cgroup subsys cpu
Jun  6 00:22:17 alton kernel: [    0.000000] Initializing cgroup subsys cpuacct
Jun  6 00:22:17 alton kernel: [    0.000000] Linux version 3.16.0-4-amd64 (debian-kernel@lists.debian.org) (gcc version 4.8.4 (Debian 4.8.4-1) ) #1 SMP Debian 3.16.7-ckt25-2 (2016-04-08)
Jun  6 00:22:17 alton kernel: [    0.000000] Command line: BOOT_IMAGE=/boot/vmlinuz-3.16.0-4-amd64 root=UUID=f0a04bc8-0b69-4c91-b95f-4ffa1fc804d2 ro initrd=/install/initrd.gz quiet
Jun  6 00:22:17 alton kernel: [    0.000000] e820: BIOS-provided physical RAM map:
Jun  6 00:22:17 alton kernel: [    0.000000] BIOS-e820: [mem 0x0000000000000000-0x000000000009fbff] usable
Jun  6 00:22:17 alton kernel: [    0.000000] BIOS-e820: [mem 0x000000000009fc00-0x000000000009ffff] reserved
Jun  6 00:22:17 alton kernel: [    0.000000] BIOS-e820: [mem 0x00000000000f0000-0x00000000000fffff] reserved
Jun  6 00:22:17 alton kernel: [    0.000000] BIOS-e820: [mem 0x0000000000100000-0x000000003ffdefff] usable
Jun  6 00:22:17 alton kernel: [    0.000000] BIOS-e820: [mem 0x000000003ffdf000-0x000000003fffffff] reserved
Jun  6 00:22:17 alton kernel: [    0.000000] BIOS-e820: [mem 0x00000000feffc000-0x00000000feffffff] reserved
Jun  6 00:22:17 alton kernel: [    0.000000] BIOS-e820: [mem 0x00000000fffc0000-0x00000000ffffffff] reserved
Jun  6 00:22:17 alton kernel: [    0.000000] NX (Execute Disable) protection: active
Jun  6 00:22:17 alton kernel: [    0.000000] SMBIOS 0.8 present.
Jun  6 00:22:17 alton kernel: [    0.000000] Hypervisor detected: KVM
Jun  6 00:22:17 alton kernel: [    0.000000] AGP: No AGP bridge found
Jun  6 00:22:17 alton kernel: [    0.000000] e820: last_pfn = 0x3ffdf max_arch_pfn = 0x400000000
Jun  6 00:22:17 alton kernel: [    0.000000] x86 PAT enabled: cpu 0, old 0x7040600070406, new 0x7010600070106
Jun  6 00:22:17 alton kernel: [    0.000000] found SMP MP-table at [mem 0x000f6490-0x000f649f] mapped at [ffff8800000f6490]
Jun  6 00:22:17 alton kernel: [    0.000000] init_memory_mapping: [mem 0x00000000-0x000fffff]
Jun  6 00:22:17 alton kernel: [    0.000000] init_memory_mapping: [mem 0x3fc00000-0x3fdfffff]
Jun  6 00:22:17 alton kernel: [    0.000000] init_memory_mapping: [mem 0x3c000000-0x3fbfffff]
Jun  6 00:22:17 alton kernel: [    0.000000] init_memory_mapping: [mem 0x00100000-0x3bffffff]
Jun  6 00:22:17 alton kernel: [    0.000000] init_memory_mapping: [mem 0x3fe00000-0x3ffdefff]
Jun  6 00:22:17 alton kernel: [    0.000000] RAMDISK: [mem 0x363e0000-0x371e7fff]
Jun  6 00:22:17 alton kernel: [    0.000000] ACPI: Early table checksum verification disabled
Jun  6 00:22:17 alton kernel: [    0.000000] ACPI: RSDP 0x00000000000F62A0 000014 (v00 BOCHS )
Jun  6 00:22:17 alton kernel: [    0.000000] ACPI: RSDT 0x000000003FFE2538 000034 (v01 BOCHS  BXPCRSDT 00000001 BXPC 00000001)
Jun  6 00:22:17 alton kernel: [    0.000000] ACPI: FACP 0x000000003FFE0BDA 000074 (v01 BOCHS  BXPCFACP 00000001 BXPC 00000001)
Jun  6 00:22:17 alton kernel: [    0.000000] ACPI: DSDT 0x000000003FFE0040 000B9A (v01 BOCHS  BXPCDSDT 00000001 BXPC 00000001)
Jun  6 00:22:17 alton kernel: [    0.000000] ACPI: FACS 0x000000003FFE0000 000040
Jun  6 00:22:17 alton kernel: [    0.000000] ACPI: SSDT 0x000000003FFE0C4E 00183A (v01 BOCHS  BXPCSSDT 00000001 BXPC 00000001)
Jun  6 00:22:17 alton kernel: [    0.000000] ACPI: APIC 0x000000003FFE2488 000078 (v01 BOCHS  BXPCAPIC 00000001 BXPC 00000001)
Jun  6 00:22:17 alton kernel: [    0.000000] ACPI: HPET 0x000000003FFE2500 000038 (v01 BOCHS  BXPCHPET 00000001 BXPC 00000001)
Jun  6 00:22:17 alton kernel: [    0.000000] No NUMA configuration found
Jun  6 00:22:17 alton kernel: [    0.000000] Faking a node at [mem 0x0000000000000000-0x000000003ffdefff]
Jun  6 00:22:17 alton kernel: [    0.000000] Initmem setup node 0 [mem 0x00000000-0x3ffdefff]
Jun  6 00:22:17 alton kernel: [    0.000000]   NODE_DATA [mem 0x3ffda000-0x3ffdefff]
Jun  6 00:22:17 alton kernel: [    0.000000] kvm-clock: Using msrs 4b564d01 and 4b564d00
Jun  6 00:22:17 alton kernel: [    0.000000] kvm-clock: cpu 0, msr 0:3ffd2001, primary cpu clock
Jun  6 00:22:17 alton kernel: [    0.000000] Zone ranges:
Jun  6 00:22:17 alton kernel: [    0.000000]   DMA      [mem 0x00001000-0x00ffffff]
Jun  6 00:22:17 alton kernel: [    0.000000]   DMA32    [mem 0x01000000-0xffffffff]
Jun  6 00:22:17 alton kernel: [    0.000000]   Normal   empty
Jun  6 00:22:17 alton kernel: [    0.000000] Movable zone start for each node
Jun  6 00:22:17 alton kernel: [    0.000000] Early memory node ranges
Jun  6 00:22:17 alton kernel: [    0.000000]   node   0: [mem 0x00001000-0x0009efff]
Jun  6 00:22:17 alton kernel: [    0.000000]   node   0: [mem 0x00100000-0x3ffdefff]
Jun  6 00:22:17 alton kernel: [    0.000000] ACPI: PM-Timer IO Port: 0x608
Jun  6 00:22:17 alton kernel: [    0.000000] ACPI: LAPIC (acpi_id[0x00] lapic_id[0x00] enabled)
Jun  6 00:22:17 alton kernel: [    0.000000] ACPI: LAPIC_NMI (acpi_id[0xff] dfl dfl lint[0x1])
Jun  6 00:22:17 alton kernel: [    0.000000] ACPI: IOAPIC (id[0x00] address[0xfec00000] gsi_base[0])
Jun  6 00:22:17 alton kernel: [    0.000000] IOAPIC[0]: apic_id 0, version 17, address 0xfec00000, GSI 0-23
Jun  6 00:22:17 alton kernel: [    0.000000] ACPI: INT_SRC_OVR (bus 0 bus_irq 0 global_irq 2 dfl dfl)
Jun  6 00:22:17 alton kernel: [    0.000000] ACPI: INT_SRC_OVR (bus 0 bus_irq 5 global_irq 5 high level)
Jun  6 00:22:17 alton kernel: [    0.000000] ACPI: INT_SRC_OVR (bus 0 bus_irq 9 global_irq 9 high level)
Jun  6 00:22:17 alton kernel: [    0.000000] ACPI: INT_SRC_OVR (bus 0 bus_irq 10 global_irq 10 high level)
Jun  6 00:22:17 alton kernel: [    0.000000] ACPI: INT_SRC_OVR (bus 0 bus_irq 11 global_irq 11 high level)
Jun  6 00:22:17 alton kernel: [    0.000000] Using ACPI (MADT) for SMP configuration information
Jun  6 00:22:17 alton kernel: [    0.000000] ACPI: HPET id: 0x8086a201 base: 0xfed00000
Jun  6 00:22:17 alton kernel: [    0.000000] smpboot: Allowing 1 CPUs, 0 hotplug CPUs
Jun  6 00:22:17 alton kernel: [    0.000000] PM: Registered nosave memory: [mem 0x0009f000-0x0009ffff]
Jun  6 00:22:17 alton kernel: [    0.000000] PM: Registered nosave memory: [mem 0x000a0000-0x000effff]
Jun  6 00:22:17 alton kernel: [    0.000000] PM: Registered nosave memory: [mem 0x000f0000-0x000fffff]
Jun  6 00:22:17 alton kernel: [    0.000000] e820: [mem 0x40000000-0xfeffbfff] available for PCI devices
Jun  6 00:22:17 alton kernel: [    0.000000] Booting paravirtualized kernel on KVM
Jun  6 00:22:17 alton kernel: [    0.000000] setup_percpu: NR_CPUS:512 nr_cpumask_bits:512 nr_cpu_ids:1 nr_node_ids:1
Jun  6 00:22:17 alton kernel: [    0.000000] PERCPU: Embedded 27 pages/cpu @ffff88003fc00000 s80896 r8192 d21504 u2097152
Jun  6 00:22:17 alton kernel: [    0.000000] KVM setup async PF for cpu 0
Jun  6 00:22:17 alton kernel: [    0.000000] kvm-stealtime: cpu 0, msr 3fc0d080
Jun  6 00:22:17 alton kernel: [    0.000000] Built 1 zonelists in Node order, mobility grouping on.  Total pages: 258408
Jun  6 00:22:17 alton kernel: [    0.000000] Policy zone: DMA32
Jun  6 00:22:17 alton kernel: [    0.000000] Kernel command line: BOOT_IMAGE=/boot/vmlinuz-3.16.0-4-amd64 root=UUID=f0a04bc8-0b69-4c91-b95f-4ffa1fc804d2 ro initrd=/install/initrd.gz quiet
Jun  6 00:22:17 alton kernel: [    0.000000] PID hash table entries: 4096 (order: 3, 32768 bytes)
Jun  6 00:22:17 alton kernel: [    0.000000] AGP: Checking aperture...
Jun  6 00:22:17 alton kernel: [    0.000000] AGP: No AGP bridge found
Jun  6 00:22:17 alton kernel: [    0.000000] Memory: 1007612K/1048052K available (5222K kernel code, 947K rwdata, 1836K rodata, 1204K init, 840K bss, 40440K reserved)
Jun  6 00:22:17 alton kernel: [    0.000000] Hierarchical RCU implementation.
Jun  6 00:22:17 alton kernel: [    0.000000] 	RCU dyntick-idle grace-period acceleration is enabled.
Jun  6 00:22:17 alton kernel: [    0.000000] 	RCU restricting CPUs from NR_CPUS=512 to nr_cpu_ids=1.
Jun  6 00:22:17 alton kernel: [    0.000000] RCU: Adjusting geometry for rcu_fanout_leaf=16, nr_cpu_ids=1
Jun  6 00:22:17 alton kernel: [    0.000000] NR_IRQS:33024 nr_irqs:256 16
Jun  6 00:22:17 alton kernel: [    0.000000] Console: colour VGA+ 80x25
Jun  6 00:22:17 alton kernel: [    0.000000] console [tty0] enabled
Jun  6 00:22:17 alton kernel: [    0.000000] tsc: Detected 3500.156 MHz processor
Jun  6 00:22:17 alton kernel: [    0.008000] Calibrating delay loop (skipped) preset value.. 7000.31 BogoMIPS (lpj=14000624)
Jun  6 00:22:17 alton kernel: [    0.008000] pid_max: default: 32768 minimum: 301
Jun  6 00:22:17 alton kernel: [    0.008000] ACPI: Core revision 20140424
Jun  6 00:22:17 alton kernel: [    0.008000] ACPI: All ACPI Tables successfully acquired
Jun  6 00:22:17 alton kernel: [    0.008000] Security Framework initialized
Jun  6 00:22:17 alton kernel: [    0.008000] AppArmor: AppArmor disabled by boot time parameter
Jun  6 00:22:17 alton kernel: [    0.008000] Yama: disabled by default; enable with sysctl kernel.yama.*
Jun  6 00:22:17 alton kernel: [    0.008000] Dentry cache hash table entries: 131072 (order: 8, 1048576 bytes)
Jun  6 00:22:17 alton kernel: [    0.008000] Inode-cache hash table entries: 65536 (order: 7, 524288 bytes)
Jun  6 00:22:17 alton kernel: [    0.008000] Mount-cache hash table entries: 2048 (order: 2, 16384 bytes)
Jun  6 00:22:17 alton kernel: [    0.008000] Mountpoint-cache hash table entries: 2048 (order: 2, 16384 bytes)
Jun  6 00:22:17 alton kernel: [    0.008000] Initializing cgroup subsys memory
Jun  6 00:22:17 alton kernel: [    0.008000] Initializing cgroup subsys devices
Jun  6 00:22:17 alton kernel: [    0.008000] Initializing cgroup subsys freezer
Jun  6 00:22:17 alton kernel: [    0.008000] Initializing cgroup subsys net_cls
Jun  6 00:22:17 alton kernel: [    0.008000] Initializing cgroup subsys blkio
Jun  6 00:22:17 alton kernel: [    0.008000] Initializing cgroup subsys perf_event
Jun  6 00:22:17 alton kernel: [    0.008000] Initializing cgroup subsys net_prio
Jun  6 00:22:17 alton kernel: [    0.008000] mce: CPU supports 10 MCE banks
Jun  6 00:22:17 alton kernel: [    0.008000] Last level iTLB entries: 4KB 0, 2MB 0, 4MB 0
Jun  6 00:22:17 alton kernel: [    0.008000] Last level dTLB entries: 4KB 0, 2MB 0, 4MB 0, 1GB 0
Jun  6 00:22:17 alton kernel: [    0.008000] tlb_flushall_shift: 6
Jun  6 00:22:17 alton kernel: [    0.013051] Freeing SMP alternatives memory: 20K (ffffffff81a1b000 - ffffffff81a20000)
Jun  6 00:22:17 alton kernel: [    0.014474] ftrace: allocating 21683 entries in 85 pages
Jun  6 00:22:17 alton kernel: [    0.020144] Enabling x2apic
Jun  6 00:22:17 alton kernel: [    0.020147] Enabled x2apic
Jun  6 00:22:17 alton kernel: [    0.020264] Switched APIC routing to physical x2apic.
Jun  6 00:22:17 alton kernel: [    0.020861] ..TIMER: vector=0x30 apic1=0 pin1=2 apic2=-1 pin2=-1
Jun  6 00:22:17 alton kernel: [    0.020862] smpboot: CPU0: Intel Common KVM processor (fam: 0f, model: 06, stepping: 01)
Jun  6 00:22:17 alton kernel: [    0.024000] Performance Events: unsupported Netburst CPU model 6 no PMU driver, software events only.
Jun  6 00:22:17 alton kernel: [    0.024000] x86: Booted up 1 node, 1 CPUs
Jun  6 00:22:17 alton kernel: [    0.024000] smpboot: Total of 1 processors activated (7000.31 BogoMIPS)
Jun  6 00:22:17 alton kernel: [    0.024000] devtmpfs: initialized
Jun  6 00:22:17 alton kernel: [    0.024000] NMI watchdog: disabled (cpu0): hardware events not enabled
Jun  6 00:22:17 alton kernel: [    0.024000] pinctrl core: initialized pinctrl subsystem
Jun  6 00:22:17 alton kernel: [    0.024000] NET: Registered protocol family 16
Jun  6 00:22:17 alton kernel: [    0.024000] cpuidle: using governor ladder
Jun  6 00:22:17 alton kernel: [    0.024000] cpuidle: using governor menu
Jun  6 00:22:17 alton kernel: [    0.024000] ACPI: bus type PCI registered
Jun  6 00:22:17 alton kernel: [    0.024000] acpiphp: ACPI Hot Plug PCI Controller Driver version: 0.5
Jun  6 00:22:17 alton kernel: [    0.024000] PCI: Using configuration type 1 for base access
Jun  6 00:22:17 alton kernel: [    0.024000] ACPI: Added _OSI(Module Device)
Jun  6 00:22:17 alton kernel: [    0.024000] ACPI: Added _OSI(Processor Device)
Jun  6 00:22:17 alton kernel: [    0.024000] ACPI: Added _OSI(3.0 _SCP Extensions)
Jun  6 00:22:17 alton kernel: [    0.024000] ACPI: Added _OSI(Processor Aggregator Device)
Jun  6 00:22:17 alton kernel: [    0.024635] ACPI: Interpreter enabled
Jun  6 00:22:17 alton kernel: [    0.024638] ACPI Exception: AE_NOT_FOUND, While evaluating Sleep State [\_S1_] (20140424/hwxface-580)
Jun  6 00:22:17 alton kernel: [    0.024640] ACPI Exception: AE_NOT_FOUND, While evaluating Sleep State [\_S2_] (20140424/hwxface-580)
Jun  6 00:22:17 alton kernel: [    0.024645] ACPI: (supports S0 S3 S4 S5)
Jun  6 00:22:17 alton kernel: [    0.024646] ACPI: Using IOAPIC for interrupt routing
Jun  6 00:22:17 alton kernel: [    0.024653] PCI: Using host bridge windows from ACPI; if necessary, use "pci=nocrs" and report a bug
Jun  6 00:22:17 alton kernel: [    0.027135] ACPI: PCI Root Bridge [PCI0] (domain 0000 [bus 00-ff])
Jun  6 00:22:17 alton kernel: [    0.027138] acpi PNP0A03:00: _OSC: OS supports [ASPM ClockPM Segments MSI]
Jun  6 00:22:17 alton kernel: [    0.027141] acpi PNP0A03:00: _OSC failed (AE_NOT_FOUND); disabling ASPM
Jun  6 00:22:17 alton kernel: [    0.027153] acpi PNP0A03:00: fail to add MMCONFIG information, can't access extended PCI configuration space under this bridge.
Jun  6 00:22:17 alton kernel: [    0.027291] acpiphp: Slot [3] registered
Jun  6 00:22:17 alton kernel: [    0.027304] acpiphp: Slot [4] registered
Jun  6 00:22:17 alton kernel: [    0.027313] acpiphp: Slot [5] registered
Jun  6 00:22:17 alton kernel: [    0.027321] acpiphp: Slot [6] registered
Jun  6 00:22:17 alton kernel: [    0.027329] acpiphp: Slot [7] registered
Jun  6 00:22:17 alton kernel: [    0.027338] acpiphp: Slot [8] registered
Jun  6 00:22:17 alton kernel: [    0.027346] acpiphp: Slot [9] registered
Jun  6 00:22:17 alton kernel: [    0.027354] acpiphp: Slot [10] registered
Jun  6 00:22:17 alton kernel: [    0.027365] acpiphp: Slot [11] registered
Jun  6 00:22:17 alton kernel: [    0.027373] acpiphp: Slot [12] registered
Jun  6 00:22:17 alton kernel: [    0.027381] acpiphp: Slot [13] registered
Jun  6 00:22:17 alton kernel: [    0.027390] acpiphp: Slot [14] registered
Jun  6 00:22:17 alton kernel: [    0.027398] acpiphp: Slot [15] registered
Jun  6 00:22:17 alton kernel: [    0.027406] acpiphp: Slot [16] registered
Jun  6 00:22:17 alton kernel: [    0.027416] acpiphp: Slot [17] registered
Jun  6 00:22:17 alton kernel: [    0.027427] acpiphp: Slot [18] registered
Jun  6 00:22:17 alton kernel: [    0.027436] acpiphp: Slot [19] registered
Jun  6 00:22:17 alton kernel: [    0.027444] acpiphp: Slot [20] registered
Jun  6 00:22:17 alton kernel: [    0.027452] acpiphp: Slot [21] registered
Jun  6 00:22:17 alton kernel: [    0.027460] acpiphp: Slot [22] registered
Jun  6 00:22:17 alton kernel: [    0.027468] acpiphp: Slot [23] registered
Jun  6 00:22:17 alton kernel: [    0.027478] acpiphp: Slot [24] registered
Jun  6 00:22:17 alton kernel: [    0.027489] acpiphp: Slot [25] registered
Jun  6 00:22:17 alton kernel: [    0.027498] acpiphp: Slot [26] registered
Jun  6 00:22:17 alton kernel: [    0.027508] acpiphp: Slot [27] registered
Jun  6 00:22:17 alton kernel: [    0.027516] acpiphp: Slot [28] registered
Jun  6 00:22:17 alton kernel: [    0.027524] acpiphp: Slot [29] registered
Jun  6 00:22:17 alton kernel: [    0.027538] PCI host bridge to bus 0000:00
Jun  6 00:22:17 alton kernel: [    0.027540] pci_bus 0000:00: root bus resource [bus 00-ff]
Jun  6 00:22:17 alton kernel: [    0.027541] pci_bus 0000:00: root bus resource [io  0x0000-0x0cf7]
Jun  6 00:22:17 alton kernel: [    0.027542] pci_bus 0000:00: root bus resource [io  0x0d00-0xffff]
Jun  6 00:22:17 alton kernel: [    0.027542] pci_bus 0000:00: root bus resource [mem 0x000a0000-0x000bffff]
Jun  6 00:22:17 alton kernel: [    0.027543] pci_bus 0000:00: root bus resource [mem 0x40000000-0xfebfffff]
Jun  6 00:22:17 alton kernel: [    0.031236] pci 0000:00:01.1: legacy IDE quirk: reg 0x10: [io  0x01f0-0x01f7]
Jun  6 00:22:17 alton kernel: [    0.031237] pci 0000:00:01.1: legacy IDE quirk: reg 0x14: [io  0x03f6]
Jun  6 00:22:17 alton kernel: [    0.031238] pci 0000:00:01.1: legacy IDE quirk: reg 0x18: [io  0x0170-0x0177]
Jun  6 00:22:17 alton kernel: [    0.031239] pci 0000:00:01.1: legacy IDE quirk: reg 0x1c: [io  0x0376]
Jun  6 00:22:17 alton kernel: [    0.035255] pci 0000:00:01.3: quirk: [io  0x0600-0x063f] claimed by PIIX4 ACPI
Jun  6 00:22:17 alton kernel: [    0.035259] pci 0000:00:01.3: quirk: [io  0x0700-0x070f] claimed by PIIX4 SMB
Jun  6 00:22:17 alton kernel: [    0.072691] acpiphp: Slot [0] registered
Jun  6 00:22:17 alton kernel: [    0.072704] acpiphp: Slot [1] registered
Jun  6 00:22:17 alton kernel: [    0.072713] acpiphp: Slot [2] registered
Jun  6 00:22:17 alton kernel: [    0.072725] acpiphp: Slot [3-2] registered
Jun  6 00:22:17 alton kernel: [    0.072735] acpiphp: Slot [4-2] registered
Jun  6 00:22:17 alton kernel: [    0.072748] acpiphp: Slot [5-2] registered
Jun  6 00:22:17 alton kernel: [    0.072760] acpiphp: Slot [6-2] registered
Jun  6 00:22:17 alton kernel: [    0.072771] acpiphp: Slot [7-2] registered
Jun  6 00:22:17 alton kernel: [    0.072782] acpiphp: Slot [8-2] registered
Jun  6 00:22:17 alton kernel: [    0.072792] acpiphp: Slot [9-2] registered
Jun  6 00:22:17 alton kernel: [    0.072803] acpiphp: Slot [10-2] registered
Jun  6 00:22:17 alton kernel: [    0.072814] acpiphp: Slot [11-2] registered
Jun  6 00:22:17 alton kernel: [    0.072827] acpiphp: Slot [12-2] registered
Jun  6 00:22:17 alton kernel: [    0.072838] acpiphp: Slot [13-2] registered
Jun  6 00:22:17 alton kernel: [    0.072851] acpiphp: Slot [14-2] registered
Jun  6 00:22:17 alton kernel: [    0.072862] acpiphp: Slot [15-2] registered
Jun  6 00:22:17 alton kernel: [    0.072873] acpiphp: Slot [16-2] registered
Jun  6 00:22:17 alton kernel: [    0.072883] acpiphp: Slot [17-2] registered
Jun  6 00:22:17 alton kernel: [    0.072896] acpiphp: Slot [18-2] registered
Jun  6 00:22:17 alton kernel: [    0.072907] acpiphp: Slot [19-2] registered
Jun  6 00:22:17 alton kernel: [    0.072919] acpiphp: Slot [20-2] registered
Jun  6 00:22:17 alton kernel: [    0.072932] acpiphp: Slot [21-2] registered
Jun  6 00:22:17 alton kernel: [    0.072944] acpiphp: Slot [22-2] registered
Jun  6 00:22:17 alton kernel: [    0.072954] acpiphp: Slot [23-2] registered
Jun  6 00:22:17 alton kernel: [    0.072965] acpiphp: Slot [24-2] registered
Jun  6 00:22:17 alton kernel: [    0.072979] acpiphp: Slot [25-2] registered
Jun  6 00:22:17 alton kernel: [    0.072990] acpiphp: Slot [26-2] registered
Jun  6 00:22:17 alton kernel: [    0.073000] acpiphp: Slot [27-2] registered
Jun  6 00:22:17 alton kernel: [    0.073011] acpiphp: Slot [28-2] registered
Jun  6 00:22:17 alton kernel: [    0.073021] acpiphp: Slot [29-2] registered
Jun  6 00:22:17 alton kernel: [    0.073029] acpiphp: Slot [30] registered
Jun  6 00:22:17 alton kernel: [    0.073040] acpiphp: Slot [31] registered
Jun  6 00:22:17 alton kernel: [    0.073141] pci 0000:00:1e.0: PCI bridge to [bus 01]
Jun  6 00:22:17 alton kernel: [    0.073965] acpiphp: Slot [0-2] registered
Jun  6 00:22:17 alton kernel: [    0.073980] acpiphp: Slot [1-2] registered
Jun  6 00:22:17 alton kernel: [    0.073991] acpiphp: Slot [2-2] registered
Jun  6 00:22:17 alton kernel: [    0.074004] acpiphp: Slot [3-3] registered
Jun  6 00:22:17 alton kernel: [    0.074015] acpiphp: Slot [4-3] registered
Jun  6 00:22:17 alton kernel: [    0.074026] acpiphp: Slot [5-3] registered
Jun  6 00:22:17 alton kernel: [    0.074036] acpiphp: Slot [6-3] registered
Jun  6 00:22:17 alton kernel: [    0.074047] acpiphp: Slot [7-3] registered
Jun  6 00:22:17 alton kernel: [    0.074057] acpiphp: Slot [8-3] registered
Jun  6 00:22:17 alton kernel: [    0.074069] acpiphp: Slot [9-3] registered
Jun  6 00:22:17 alton kernel: [    0.074082] acpiphp: Slot [10-3] registered
Jun  6 00:22:17 alton kernel: [    0.074093] acpiphp: Slot [11-3] registered
Jun  6 00:22:17 alton kernel: [    0.074104] acpiphp: Slot [12-3] registered
Jun  6 00:22:17 alton kernel: [    0.074115] acpiphp: Slot [13-3] registered
Jun  6 00:22:17 alton kernel: [    0.074126] acpiphp: Slot [14-3] registered
Jun  6 00:22:17 alton kernel: [    0.074138] acpiphp: Slot [15-3] registered
Jun  6 00:22:17 alton kernel: [    0.074151] acpiphp: Slot [16-3] registered
Jun  6 00:22:17 alton kernel: [    0.074163] acpiphp: Slot [17-3] registered
Jun  6 00:22:17 alton kernel: [    0.074174] acpiphp: Slot [18-3] registered
Jun  6 00:22:17 alton kernel: [    0.074184] acpiphp: Slot [19-3] registered
Jun  6 00:22:17 alton kernel: [    0.074198] acpiphp: Slot [20-3] registered
Jun  6 00:22:17 alton kernel: [    0.074210] acpiphp: Slot [21-3] registered
Jun  6 00:22:17 alton kernel: [    0.074223] acpiphp: Slot [22-3] registered
Jun  6 00:22:17 alton kernel: [    0.074239] acpiphp: Slot [23-3] registered
Jun  6 00:22:17 alton kernel: [    0.074250] acpiphp: Slot [24-3] registered
Jun  6 00:22:17 alton kernel: [    0.074261] acpiphp: Slot [25-3] registered
Jun  6 00:22:17 alton kernel: [    0.074271] acpiphp: Slot [26-3] registered
Jun  6 00:22:17 alton kernel: [    0.074283] acpiphp: Slot [27-3] registered
Jun  6 00:22:17 alton kernel: [    0.074294] acpiphp: Slot [28-3] registered
Jun  6 00:22:17 alton kernel: [    0.074307] acpiphp: Slot [29-3] registered
Jun  6 00:22:17 alton kernel: [    0.074319] acpiphp: Slot [30-2] registered
Jun  6 00:22:17 alton kernel: [    0.074330] acpiphp: Slot [31-2] registered
Jun  6 00:22:17 alton kernel: [    0.074427] pci 0000:00:1f.0: PCI bridge to [bus 02]
Jun  6 00:22:17 alton kernel: [    0.076029] ACPI: PCI Interrupt Link [LNKA] (IRQs 5 *10 11)
Jun  6 00:22:17 alton kernel: [    0.076077] ACPI: PCI Interrupt Link [LNKB] (IRQs 5 *10 11)
Jun  6 00:22:17 alton kernel: [    0.076117] ACPI: PCI Interrupt Link [LNKC] (IRQs 5 10 *11)
Jun  6 00:22:17 alton kernel: [    0.076155] ACPI: PCI Interrupt Link [LNKD] (IRQs 5 10 *11)
Jun  6 00:22:17 alton kernel: [    0.076176] ACPI: PCI Interrupt Link [LNKS] (IRQs *9)
Jun  6 00:22:17 alton kernel: [    0.076321] ACPI: Enabled 16 GPEs in block 00 to 0F
Jun  6 00:22:17 alton kernel: [    0.076487] vgaarb: setting as boot device: PCI:0000:00:02.0
Jun  6 00:22:17 alton kernel: [    0.076488] vgaarb: device added: PCI:0000:00:02.0,decodes=io+mem,owns=io+mem,locks=none
Jun  6 00:22:17 alton kernel: [    0.076489] vgaarb: loaded
Jun  6 00:22:17 alton kernel: [    0.076490] vgaarb: bridge control possible 0000:00:02.0
Jun  6 00:22:17 alton kernel: [    0.076555] PCI: Using ACPI for IRQ routing
Jun  6 00:22:17 alton kernel: [    0.076793] HPET: 3 timers in total, 0 timers will be used for per-cpu timer
Jun  6 00:22:17 alton kernel: [    0.076802] hpet0: at MMIO 0xfed00000, IRQs 2, 8, 0
Jun  6 00:22:17 alton kernel: [    0.076804] hpet0: 3 comparators, 64-bit 100.000000 MHz counter
Jun  6 00:22:17 alton kernel: [    0.079944] Switched to clocksource kvm-clock
Jun  6 00:22:17 alton kernel: [    0.079944] pnp: PnP ACPI init
Jun  6 00:22:17 alton kernel: [    0.079944] ACPI: bus type PNP registered
Jun  6 00:22:17 alton kernel: [    0.080179] pnp: PnP ACPI: found 4 devices
Jun  6 00:22:17 alton kernel: [    0.080180] ACPI: bus type PNP unregistered
Jun  6 00:22:17 alton kernel: [    0.086605] pci 0000:00:1e.0: PCI bridge to [bus 01]
Jun  6 00:22:17 alton kernel: [    0.086612] pci 0000:00:1e.0:   bridge window [io  0xd000-0xdfff]
Jun  6 00:22:17 alton kernel: [    0.087311] pci 0000:00:1e.0:   bridge window [mem 0xfe800000-0xfe9fffff]
Jun  6 00:22:17 alton kernel: [    0.087847] pci 0000:00:1e.0:   bridge window [mem 0xfe200000-0xfe3fffff 64bit pref]
Jun  6 00:22:17 alton kernel: [    0.088881] pci 0000:00:1f.0: PCI bridge to [bus 02]
Jun  6 00:22:17 alton kernel: [    0.088888] pci 0000:00:1f.0:   bridge window [io  0xc000-0xcfff]
Jun  6 00:22:17 alton kernel: [    0.090080] pci 0000:00:1f.0:   bridge window [mem 0xfe600000-0xfe7fffff]
Jun  6 00:22:17 alton kernel: [    0.090528] pci 0000:00:1f.0:   bridge window [mem 0xfe000000-0xfe1fffff 64bit pref]
Jun  6 00:22:17 alton kernel: [    0.091843] NET: Registered protocol family 2
Jun  6 00:22:17 alton kernel: [    0.091992] TCP established hash table entries: 8192 (order: 4, 65536 bytes)
Jun  6 00:22:17 alton kernel: [    0.092027] TCP bind hash table entries: 8192 (order: 5, 131072 bytes)
Jun  6 00:22:17 alton kernel: [    0.092068] TCP: Hash tables configured (established 8192 bind 8192)
Jun  6 00:22:17 alton kernel: [    0.092112] TCP: reno registered
Jun  6 00:22:17 alton kernel: [    0.092114] UDP hash table entries: 512 (order: 2, 16384 bytes)
Jun  6 00:22:17 alton kernel: [    0.092120] UDP-Lite hash table entries: 512 (order: 2, 16384 bytes)
Jun  6 00:22:17 alton kernel: [    0.092152] NET: Registered protocol family 1
Jun  6 00:22:17 alton kernel: [    0.092166] pci 0000:00:00.0: Limiting direct PCI/PCI transfers
Jun  6 00:22:17 alton kernel: [    0.092176] pci 0000:00:01.0: PIIX3: Enabling Passive Release
Jun  6 00:22:17 alton kernel: [    0.092184] pci 0000:00:01.0: Activating ISA DMA hang workarounds
Jun  6 00:22:17 alton kernel: [    0.104135] ACPI: PCI Interrupt Link [LNKD] enabled at IRQ 11
Jun  6 00:22:17 alton kernel: [    0.116318] Unpacking initramfs...
Jun  6 00:22:17 alton kernel: [    0.272361] Freeing initrd memory: 14368K (ffff8800363e0000 - ffff8800371e8000)
Jun  6 00:22:17 alton kernel: [    0.272527] microcode: CPU0 sig=0xf61, pf=0x1, revision=0x1
Jun  6 00:22:17 alton kernel: [    0.272556] microcode: Microcode Update Driver: v2.00 <tigran@aivazian.fsnet.co.uk>, Peter Oruba
Jun  6 00:22:17 alton kernel: [    0.272696] futex hash table entries: 256 (order: 2, 16384 bytes)
Jun  6 00:22:17 alton kernel: [    0.272721] audit: initializing netlink subsys (disabled)
Jun  6 00:22:17 alton kernel: [    0.272739] audit: type=2000 audit(1465165336.228:1): initialized
Jun  6 00:22:17 alton kernel: [    0.272914] HugeTLB registered 2 MB page size, pre-allocated 0 pages
Jun  6 00:22:17 alton kernel: [    0.272930] zbud: loaded
Jun  6 00:22:17 alton kernel: [    0.273021] VFS: Disk quotas dquot_6.5.2
Jun  6 00:22:17 alton kernel: [    0.273030] Dquot-cache hash table entries: 512 (order 0, 4096 bytes)
Jun  6 00:22:17 alton kernel: [    0.273067] msgmni has been set to 1996
Jun  6 00:22:17 alton kernel: [    0.273240] alg: No test for stdrng (krng)
Jun  6 00:22:17 alton kernel: [    0.273249] Block layer SCSI generic (bsg) driver version 0.4 loaded (major 252)
Jun  6 00:22:17 alton kernel: [    0.273278] io scheduler noop registered
Jun  6 00:22:17 alton kernel: [    0.273279] io scheduler deadline registered
Jun  6 00:22:17 alton kernel: [    0.273292] io scheduler cfq registered (default)
Jun  6 00:22:17 alton kernel: [    0.273353] pci_hotplug: PCI Hot Plug PCI Core version: 0.5
Jun  6 00:22:17 alton kernel: [    0.273361] pciehp: PCI Express Hot Plug Controller Driver version: 0.4
Jun  6 00:22:17 alton kernel: [    0.273389] GHES: HEST is not enabled!
Jun  6 00:22:17 alton kernel: [    0.273429] Serial: 8250/16550 driver, 4 ports, IRQ sharing enabled
Jun  6 00:22:17 alton kernel: [    0.273648] Linux agpgart interface v0.103
Jun  6 00:22:17 alton kernel: [    0.273721] i8042: PNP: PS/2 Controller [PNP0303:KBD,PNP0f13:MOU] at 0x60,0x64 irq 1,12
Jun  6 00:22:17 alton kernel: [    0.274111] serio: i8042 KBD port at 0x60,0x64 irq 1
Jun  6 00:22:17 alton kernel: [    0.274114] serio: i8042 AUX port at 0x60,0x64 irq 12
Jun  6 00:22:17 alton kernel: [    0.274180] mousedev: PS/2 mouse device common for all mice
Jun  6 00:22:17 alton kernel: [    0.274217] rtc_cmos 00:00: RTC can wake from S4
Jun  6 00:22:17 alton kernel: [    0.274435] input: AT Translated Set 2 keyboard as /devices/platform/i8042/serio0/input/input0
Jun  6 00:22:17 alton kernel: [    0.274546] rtc_cmos 00:00: rtc core: registered rtc_cmos as rtc0
Jun  6 00:22:17 alton kernel: [    0.274613] rtc_cmos 00:00: alarms up to one day, 114 bytes nvram, hpet irqs
Jun  6 00:22:17 alton kernel: [    0.274623] ledtrig-cpu: registered to indicate activity on CPUs
Jun  6 00:22:17 alton kernel: [    0.274660] AMD IOMMUv2 driver by Joerg Roedel <joerg.roedel@amd.com>
Jun  6 00:22:17 alton kernel: [    0.274661] AMD IOMMUv2 functionality not available on this system
Jun  6 00:22:17 alton kernel: [    0.274707] TCP: cubic registered
Jun  6 00:22:17 alton kernel: [    0.274721] NET: Registered protocol family 10
Jun  6 00:22:17 alton kernel: [    0.274848] mip6: Mobile IPv6
Jun  6 00:22:17 alton kernel: [    0.274850] NET: Registered protocol family 17
Jun  6 00:22:17 alton kernel: [    0.274855] mpls_gso: MPLS GSO support
Jun  6 00:22:17 alton kernel: [    0.274977] registered taskstats version 1
Jun  6 00:22:17 alton kernel: [    0.275211] rtc_cmos 00:00: setting system clock to 2016-06-05 22:22:15 UTC (1465165335)
Jun  6 00:22:17 alton kernel: [    0.275705] Freeing unused kernel memory: 1204K (ffffffff818ee000 - ffffffff81a1b000)
Jun  6 00:22:17 alton kernel: [    0.275706] Write protecting the kernel read-only data: 8192k
Jun  6 00:22:17 alton kernel: [    0.275974] Freeing unused kernel memory: 912K (ffff88000151c000 - ffff880001600000)
Jun  6 00:22:17 alton kernel: [    0.276242] Freeing unused kernel memory: 212K (ffff8800017cb000 - ffff880001800000)
Jun  6 00:22:17 alton kernel: [    0.284203] random: systemd-udevd urandom read with 1 bits of entropy available
Jun  6 00:22:17 alton kernel: [    0.289462] ACPI: bus type USB registered
Jun  6 00:22:17 alton kernel: [    0.289476] usbcore: registered new interface driver usbfs
Jun  6 00:22:17 alton kernel: [    0.289481] usbcore: registered new interface driver hub
Jun  6 00:22:17 alton kernel: [    0.290596] SCSI subsystem initialized
Jun  6 00:22:17 alton kernel: [    0.297611] usbcore: registered new device driver usb
Jun  6 00:22:17 alton kernel: [    0.297926] ehci_hcd: USB 2.0 'Enhanced' Host Controller (EHCI) Driver
Jun  6 00:22:17 alton kernel: [    0.298092] uhci_hcd: USB Universal Host Controller Interface driver
Jun  6 00:22:17 alton kernel: [    0.298934] e1000: Intel(R) PRO/1000 Network Driver - version 7.3.21-k8-NAPI
Jun  6 00:22:17 alton kernel: [    0.298935] e1000: Copyright (c) 1999-2006 Intel Corporation.
Jun  6 00:22:17 alton kernel: [    0.316176] FDC 0 is a S82078B
Jun  6 00:22:17 alton kernel: [    0.323285] ACPI: PCI Interrupt Link [LNKC] enabled at IRQ 10
Jun  6 00:22:17 alton kernel: [    0.334888] uhci_hcd 0000:00:01.2: UHCI Host Controller
Jun  6 00:22:17 alton kernel: [    0.334894] uhci_hcd 0000:00:01.2: new USB bus registered, assigned bus number 1
Jun  6 00:22:17 alton kernel: [    0.334904] uhci_hcd 0000:00:01.2: detected 2 ports
Jun  6 00:22:17 alton kernel: [    0.334945] uhci_hcd 0000:00:01.2: irq 11, io base 0x0000e040
Jun  6 00:22:17 alton kernel: [    0.334986] usb usb1: New USB device found, idVendor=1d6b, idProduct=0001
Jun  6 00:22:17 alton kernel: [    0.334987] usb usb1: New USB device strings: Mfr=3, Product=2, SerialNumber=1
Jun  6 00:22:17 alton kernel: [    0.334987] usb usb1: Product: UHCI Host Controller
Jun  6 00:22:17 alton kernel: [    0.334988] usb usb1: Manufacturer: Linux 3.16.0-4-amd64 uhci_hcd
Jun  6 00:22:17 alton kernel: [    0.334989] usb usb1: SerialNumber: 0000:00:01.2
Jun  6 00:22:17 alton kernel: [    0.335088] hub 1-0:1.0: USB hub found
Jun  6 00:22:17 alton kernel: [    0.335091] hub 1-0:1.0: 2 ports detected
Jun  6 00:22:17 alton kernel: [    0.346166] ACPI: PCI Interrupt Link [LNKB] enabled at IRQ 10
Jun  6 00:22:17 alton kernel: [    0.646140] e1000 0000:00:12.0 eth0: (PCI:33MHz:32-bit) 32:34:30:32:32:34
Jun  6 00:22:17 alton kernel: [    0.646144] e1000 0000:00:12.0 eth0: Intel(R) PRO/1000 Network Connection
Jun  6 00:22:17 alton kernel: [    0.647097] scsi0 : ata_piix
Jun  6 00:22:17 alton kernel: [    0.647160] scsi1 : ata_piix
Jun  6 00:22:17 alton kernel: [    0.647182] ata1: PATA max MWDMA2 cmd 0x1f0 ctl 0x3f6 bmdma 0xe0a0 irq 14
Jun  6 00:22:17 alton kernel: [    0.647183] ata2: PATA max MWDMA2 cmd 0x170 ctl 0x376 bmdma 0xe0a8 irq 15
Jun  6 00:22:17 alton kernel: [    0.658675] ahci 0000:00:07.0: AHCI 0001.0000 32 slots 6 ports 1.5 Gbps 0x3f impl SATA mode
Jun  6 00:22:17 alton kernel: [    0.658677] ahci 0000:00:07.0: flags: ncq only 
Jun  6 00:22:17 alton kernel: [    0.659446] scsi2 : ahci
Jun  6 00:22:17 alton kernel: [    0.659506] scsi3 : ahci
Jun  6 00:22:17 alton kernel: [    0.659563] scsi4 : ahci
Jun  6 00:22:17 alton kernel: [    0.659616] scsi5 : ahci
Jun  6 00:22:17 alton kernel: [    0.659675] scsi6 : ahci
Jun  6 00:22:17 alton kernel: [    0.659739] scsi7 : ahci
Jun  6 00:22:17 alton kernel: [    0.659773] ata3: SATA max UDMA/133 abar m4096@0xfea71000 port 0xfea71100 irq 40
Jun  6 00:22:17 alton kernel: [    0.659776] ata4: SATA max UDMA/133 abar m4096@0xfea71000 port 0xfea71180 irq 40
Jun  6 00:22:17 alton kernel: [    0.659778] ata5: SATA max UDMA/133 abar m4096@0xfea71000 port 0xfea71200 irq 40
Jun  6 00:22:17 alton kernel: [    0.659782] ata6: SATA max UDMA/133 abar m4096@0xfea71000 port 0xfea71280 irq 40
Jun  6 00:22:17 alton kernel: [    0.659785] ata7: SATA max UDMA/133 abar m4096@0xfea71000 port 0xfea71300 irq 40
Jun  6 00:22:17 alton kernel: [    0.659787] ata8: SATA max UDMA/133 abar m4096@0xfea71000 port 0xfea71380 irq 40
Jun  6 00:22:17 alton kernel: [    0.808716] ata2.00: ATAPI: QEMU DVD-ROM, 2.4.1, max UDMA/100
Jun  6 00:22:17 alton kernel: [    0.808965] ata2.00: configured for MWDMA2
Jun  6 00:22:17 alton kernel: [    0.809218] scsi 1:0:0:0: CD-ROM            QEMU     QEMU DVD-ROM     2.4. PQ: 0 ANSI: 5
Jun  6 00:22:17 alton kernel: [    0.820027] usb 1-1: new full-speed USB device number 2 using uhci_hcd
Jun  6 00:22:17 alton kernel: [    0.980055] ata4: SATA link down (SStatus 0 SControl 300)
Jun  6 00:22:17 alton kernel: [    0.980111] ata7: SATA link down (SStatus 0 SControl 300)
Jun  6 00:22:17 alton kernel: [    0.980160] ata6: SATA link down (SStatus 0 SControl 300)
Jun  6 00:22:17 alton kernel: [    0.980213] ata3: SATA link up 1.5 Gbps (SStatus 113 SControl 300)
Jun  6 00:22:17 alton kernel: [    0.980256] ata3.00: ATA-7: QEMU HARDDISK, 2.4.1, max UDMA/100
Jun  6 00:22:17 alton kernel: [    0.980257] ata3.00: 41943040 sectors, multi 16: LBA48 NCQ (depth 31/32)
Jun  6 00:22:17 alton kernel: [    0.980258] ata3.00: applying bridge limits
Jun  6 00:22:17 alton kernel: [    0.980304] ata3.00: configured for UDMA/100
Jun  6 00:22:17 alton kernel: [    0.980364] scsi 2:0:0:0: Direct-Access     ATA      QEMU HARDDISK    1    PQ: 0 ANSI: 5
Jun  6 00:22:17 alton kernel: [    0.980410] ata5: SATA link down (SStatus 0 SControl 300)
Jun  6 00:22:17 alton kernel: [    0.980592] ata8: SATA link down (SStatus 0 SControl 300)
Jun  6 00:22:17 alton kernel: [    0.986138] usb 1-1: New USB device found, idVendor=0627, idProduct=0001
Jun  6 00:22:17 alton kernel: [    0.986140] usb 1-1: New USB device strings: Mfr=1, Product=3, SerialNumber=5
Jun  6 00:22:17 alton kernel: [    0.986141] usb 1-1: Product: QEMU USB Tablet
Jun  6 00:22:17 alton kernel: [    0.986142] usb 1-1: Manufacturer: QEMU
Jun  6 00:22:17 alton kernel: [    0.986142] usb 1-1: SerialNumber: 42
Jun  6 00:22:17 alton kernel: [    0.988340] sr0: scsi3-mmc drive: 4x/4x cd/rw xa/form2 tray
Jun  6 00:22:17 alton kernel: [    0.988342] cdrom: Uniform CD-ROM driver Revision: 3.20
Jun  6 00:22:17 alton kernel: [    0.989081] sd 2:0:0:0: [sda] 41943040 512-byte logical blocks: (21.4 GB/20.0 GiB)
Jun  6 00:22:17 alton kernel: [    0.989098] sd 2:0:0:0: [sda] Write Protect is off
Jun  6 00:22:17 alton kernel: [    0.989104] sd 2:0:0:0: [sda] Write cache: enabled, read cache: enabled, doesn't support DPO or FUA
Jun  6 00:22:17 alton kernel: [    0.989376] sr 1:0:0:0: Attached scsi generic sg0 type 5
Jun  6 00:22:17 alton kernel: [    0.989405] sd 2:0:0:0: Attached scsi generic sg1 type 0
Jun  6 00:22:17 alton kernel: [    0.990149]  sda: sda1 sda2
Jun  6 00:22:17 alton kernel: [    0.992115] sd 2:0:0:0: [sda] Attached SCSI disk
Jun  6 00:22:17 alton kernel: [    0.993167] hidraw: raw HID events driver (C) Jiri Kosina
Jun  6 00:22:17 alton kernel: [    0.997195] usbcore: registered new interface driver usbhid
Jun  6 00:22:17 alton kernel: [    0.997196] usbhid: USB HID core driver
Jun  6 00:22:17 alton kernel: [    0.998159] input: QEMU QEMU USB Tablet as /devices/pci0000:00/0000:00:01.2/usb1/1-1/1-1:1.0/0003:0627:0001.0001/input/input3
Jun  6 00:22:17 alton kernel: [    0.998231] hid-generic 0003:0627:0001.0001: input,hidraw0: USB HID v0.01 Pointer [QEMU QEMU USB Tablet] on usb-0000:00:01.2-1/input0
Jun  6 00:22:17 alton kernel: [    1.051497] PM: Starting manual resume from disk
Jun  6 00:22:17 alton kernel: [    1.177212] EXT4-fs (sda2): mounted filesystem with ordered data mode. Opts: (null)
Jun  6 00:22:17 alton kernel: [    1.240495] input: ImExPS/2 Generic Explorer Mouse as /devices/platform/i8042/serio1/input/input2
Jun  6 00:22:17 alton kernel: [    1.272041] tsc: Refined TSC clocksource calibration: 3500.010 MHz
Jun  6 00:22:17 alton kernel: [    1.433591] input: Power Button as /devices/LNXSYSTM:00/LNXPWRBN:00/input/input4
Jun  6 00:22:17 alton kernel: [    1.433595] ACPI: Power Button [PWRF]
Jun  6 00:22:17 alton kernel: [    1.469131] [drm] Initialized drm 1.1.0 20060810
Jun  6 00:22:17 alton kernel: [    1.492122] input: PC Speaker as /devices/platform/pcspkr/input/input5
Jun  6 00:22:17 alton kernel: [    1.508499] piix4_smbus 0000:00:01.3: SMBus Host Controller at 0x700, revision 0
Jun  6 00:22:17 alton kernel: [    1.514559] ppdev: user-space parallel port driver
Jun  6 00:22:17 alton kernel: [    1.524368] shpchp: Standard Hot Plug PCI Controller Driver version: 0.4
Jun  6 00:22:17 alton kernel: [    1.583423] Adding 975868k swap on /dev/sda1.  Priority:-1 extents:1 across:975868k FS
Jun  6 00:22:17 alton kernel: [    1.612130] EXT4-fs (sda2): re-mounted. Opts: errors=remount-ro
Jun  6 00:22:17 alton kernel: [    1.744487] e1000: eth0 NIC Link is Up 1000 Mbps Full Duplex, Flow Control: RX
Jun  6 00:22:17 alton kernel: [    1.854626] RPC: Registered named UNIX socket transport module.
Jun  6 00:22:17 alton kernel: [    1.854629] RPC: Registered udp transport module.
Jun  6 00:22:17 alton kernel: [    1.854629] RPC: Registered tcp transport module.
Jun  6 00:22:17 alton kernel: [    1.854630] RPC: Registered tcp NFSv4.1 backchannel transport module.
Jun  6 00:22:17 alton kernel: [    1.857050] FS-Cache: Loaded
Jun  6 00:22:17 alton kernel: [    1.861747] FS-Cache: Netfs 'nfs' registered for caching
Jun  6 00:22:17 alton kernel: [    1.867489] Installing knfsd (copyright (C) 1996 okir@monad.swb.de).
Jun  6 00:22:17 alton kernel: [    2.315422] random: nonblocking pool is initialized
Jun  6 00:22:17 alton heartbeat: [824]: WARN: Core dumps could be lost if multiple dumps occur.
Jun  6 00:22:17 alton heartbeat: [824]: WARN: Consider setting non-default value in /proc/sys/kernel/core_pattern (or equivalent) for maximum supportability
Jun  6 00:22:17 alton heartbeat: [824]: WARN: Consider setting /proc/sys/kernel/core_uses_pid (or equivalent) to 1 for maximum supportability
Jun  6 00:22:17 alton heartbeat: [824]: info: Pacemaker support: false
Jun  6 00:22:17 alton heartbeat: [824]: WARN: Logging daemon is disabled --enabling logging daemon is recommended
Jun  6 00:22:17 alton heartbeat: [824]: info: **************************
Jun  6 00:22:17 alton heartbeat: [824]: info: Configuration validated. Starting heartbeat 3.0.5
Jun  6 00:22:17 alton heartbeat: [827]: info: heartbeat: version 3.0.5
Jun  6 00:22:17 alton heartbeat: [827]: info: Heartbeat generation: 1463833098
Jun  6 00:22:17 alton heartbeat: [827]: info: glib: UDP Broadcast heartbeat started on port 694 (694) interface eth0
Jun  6 00:22:17 alton heartbeat: [827]: info: glib: UDP Broadcast heartbeat closed on port 694 interface eth0 - Status: 1
Jun  6 00:22:17 alton heartbeat: [827]: info: glib: ucast: write socket priority set to IPTOS_LOWDELAY on eth0
Jun  6 00:22:17 alton heartbeat: [827]: info: glib: ucast: bound send socket to device: eth0
Jun  6 00:22:17 alton heartbeat: [827]: info: glib: ucast: set SO_REUSEPORT(w)
Jun  6 00:22:17 alton heartbeat: [827]: info: glib: ucast: set SO_REUSEADDR
Jun  6 00:22:17 alton heartbeat: [827]: info: glib: ucast: bound receive socket to device: eth0
Jun  6 00:22:17 alton heartbeat: [827]: info: glib: ucast: set SO_REUSEPORT
Jun  6 00:22:17 alton heartbeat: [827]: info: glib: ucast: started on port 694 interface eth0 to 10.0.30.20
Jun  6 00:22:17 alton rsyslogd-2007: action 'action 19' suspended, next retry is Mon Jun  6 00:22:47 2016 [try http://www.rsyslog.com/e/2007 ]
Jun  6 00:22:17 alton heartbeat: [827]: info: Local status now set to: 'up'
Jun  6 00:22:17 alton heartbeat: [827]: info: Link alton:eth0 up.
Jun  6 00:22:19 alton heartbeat: [827]: info: Link tyrion:eth0 up.
Jun  6 00:22:19 alton heartbeat: [827]: info: Status update for node tyrion: status up
Jun  6 00:22:19 alton harc(default)[850]: info: Running /etc/ha.d//rc.d/status status
Jun  6 00:22:19 alton heartbeat: [827]: info: Comm_now_up(): updating status to active
Jun  6 00:22:19 alton heartbeat: [827]: info: Local status now set to: 'active'
Jun  6 00:22:20 alton heartbeat: [827]: info: Status update for node tyrion: status active
Jun  6 00:22:20 alton harc(default)[868]: info: Running /etc/ha.d//rc.d/status status
Jun  6 00:22:31 alton heartbeat: [827]: info: remote resource transition completed.
Jun  6 00:22:31 alton heartbeat: [827]: info: remote resource transition completed.
Jun  6 00:22:31 alton heartbeat: [827]: info: Initial resource acquisition complete (T_RESOURCES(us))
Jun  6 00:22:31 alton /usr/lib/ocf/resource.d//heartbeat/IPaddr(IPaddr_10.0.30.15)[918]: INFO:  Resource is stopped
Jun  6 00:22:31 alton heartbeat: [883]: info: Local Resource acquisition completed.
Jun  6 00:22:31 alton harc(default)[958]: info: Running /etc/ha.d//rc.d/ip-request-resp ip-request-resp
Jun  6 00:22:31 alton ip-request-resp(default)[958]: received ip-request-resp IPaddr::10.0.30.15//8/eth0:10 OK yes
Jun  6 00:22:31 alton ResourceManager(default)[979]: info: Acquiring resource group: alton IPaddr::10.0.30.15//8/eth0:10 haproxy
Jun  6 00:22:31 alton /usr/lib/ocf/resource.d//heartbeat/IPaddr(IPaddr_10.0.30.15)[1006]: INFO:  Resource is stopped
Jun  6 00:22:31 alton ResourceManager(default)[979]: info: Running /etc/ha.d/resource.d/IPaddr 10.0.30.15//8/eth0:10 start
Jun  6 00:22:31 alton IPaddr(IPaddr_10.0.30.15)[1086]: INFO: Using calculated netmask for 10.0.30.15: 255.0.0.0
Jun  6 00:22:31 alton IPaddr(IPaddr_10.0.30.15)[1086]: INFO: eval ifconfig eth0:0 10.0.30.15 netmask 255.0.0.0 broadcast 10.255.255.255
Jun  6 00:22:31 alton /usr/lib/ocf/resource.d//heartbeat/IPaddr(IPaddr_10.0.30.15)[1062]: INFO:  Success
Jun  6 00:22:31 alton ResourceManager(default)[979]: info: Running /etc/init.d/haproxy  start
Jun  6 00:27:17 alton rsyslogd: [origin software="rsyslogd" swVersion="8.4.2" x-pid="458" x-info="http://www.rsyslog.com"] rsyslogd was HUPed
Jun  6 00:27:17 alton rsyslogd: [origin software="rsyslogd" swVersion="8.4.2" x-pid="458" x-info="http://www.rsyslog.com"] rsyslogd was HUPed
Jun  6 00:29:04 alton rsyslogd0: action 'action 19' resumed (module 'builtin:ompipe') [try http://www.rsyslog.com/e/0 ]
Jun  6 00:29:04 alton rsyslogd-2359: action 'action 19' resumed (module 'builtin:ompipe') [try http://www.rsyslog.com/e/2359 ]
Jun  6 00:33:14 alton rsyslogd: [origin software="rsyslogd" swVersion="8.4.2" x-pid="458" x-info="http://www.rsyslog.com"] exiting on signal 15.
Jun  7 18:29:06 alton rsyslogd: [origin software="rsyslogd" swVersion="8.4.2" x-pid="448" x-info="http://www.rsyslog.com"] start
Jun  7 18:29:06 alton kernel: [    0.000000] Initializing cgroup subsys cpuset
Jun  7 18:29:06 alton kernel: [    0.000000] Initializing cgroup subsys cpu
Jun  7 18:29:06 alton kernel: [    0.000000] Initializing cgroup subsys cpuacct
Jun  7 18:29:06 alton kernel: [    0.000000] Linux version 3.16.0-4-amd64 (debian-kernel@lists.debian.org) (gcc version 4.8.4 (Debian 4.8.4-1) ) #1 SMP Debian 3.16.7-ckt25-2 (2016-04-08)
Jun  7 18:29:06 alton kernel: [    0.000000] Command line: BOOT_IMAGE=/boot/vmlinuz-3.16.0-4-amd64 root=UUID=f0a04bc8-0b69-4c91-b95f-4ffa1fc804d2 ro initrd=/install/initrd.gz quiet
Jun  7 18:29:06 alton kernel: [    0.000000] e820: BIOS-provided physical RAM map:
Jun  7 18:29:06 alton kernel: [    0.000000] BIOS-e820: [mem 0x0000000000000000-0x000000000009fbff] usable
Jun  7 18:29:06 alton kernel: [    0.000000] BIOS-e820: [mem 0x000000000009fc00-0x000000000009ffff] reserved
Jun  7 18:29:06 alton kernel: [    0.000000] BIOS-e820: [mem 0x00000000000f0000-0x00000000000fffff] reserved
Jun  7 18:29:06 alton kernel: [    0.000000] BIOS-e820: [mem 0x0000000000100000-0x000000003ffdefff] usable
Jun  7 18:29:06 alton kernel: [    0.000000] BIOS-e820: [mem 0x000000003ffdf000-0x000000003fffffff] reserved
Jun  7 18:29:06 alton kernel: [    0.000000] BIOS-e820: [mem 0x00000000feffc000-0x00000000feffffff] reserved
Jun  7 18:29:06 alton kernel: [    0.000000] BIOS-e820: [mem 0x00000000fffc0000-0x00000000ffffffff] reserved
Jun  7 18:29:06 alton kernel: [    0.000000] NX (Execute Disable) protection: active
Jun  7 18:29:06 alton kernel: [    0.000000] SMBIOS 0.8 present.
Jun  7 18:29:06 alton kernel: [    0.000000] Hypervisor detected: KVM
Jun  7 18:29:06 alton kernel: [    0.000000] AGP: No AGP bridge found
Jun  7 18:29:06 alton kernel: [    0.000000] e820: last_pfn = 0x3ffdf max_arch_pfn = 0x400000000
Jun  7 18:29:06 alton kernel: [    0.000000] x86 PAT enabled: cpu 0, old 0x7040600070406, new 0x7010600070106
Jun  7 18:29:06 alton kernel: [    0.000000] found SMP MP-table at [mem 0x000f6490-0x000f649f] mapped at [ffff8800000f6490]
Jun  7 18:29:06 alton kernel: [    0.000000] init_memory_mapping: [mem 0x00000000-0x000fffff]
Jun  7 18:29:06 alton kernel: [    0.000000] init_memory_mapping: [mem 0x3fc00000-0x3fdfffff]
Jun  7 18:29:06 alton kernel: [    0.000000] init_memory_mapping: [mem 0x3c000000-0x3fbfffff]
Jun  7 18:29:06 alton kernel: [    0.000000] init_memory_mapping: [mem 0x00100000-0x3bffffff]
Jun  7 18:29:06 alton kernel: [    0.000000] init_memory_mapping: [mem 0x3fe00000-0x3ffdefff]
Jun  7 18:29:06 alton kernel: [    0.000000] RAMDISK: [mem 0x363e0000-0x371e7fff]
Jun  7 18:29:06 alton kernel: [    0.000000] ACPI: Early table checksum verification disabled
Jun  7 18:29:06 alton kernel: [    0.000000] ACPI: RSDP 0x00000000000F62A0 000014 (v00 BOCHS )
Jun  7 18:29:06 alton kernel: [    0.000000] ACPI: RSDT 0x000000003FFE2538 000034 (v01 BOCHS  BXPCRSDT 00000001 BXPC 00000001)
Jun  7 18:29:06 alton kernel: [    0.000000] ACPI: FACP 0x000000003FFE0BDA 000074 (v01 BOCHS  BXPCFACP 00000001 BXPC 00000001)
Jun  7 18:29:06 alton kernel: [    0.000000] ACPI: DSDT 0x000000003FFE0040 000B9A (v01 BOCHS  BXPCDSDT 00000001 BXPC 00000001)
Jun  7 18:29:06 alton kernel: [    0.000000] ACPI: FACS 0x000000003FFE0000 000040
Jun  7 18:29:06 alton kernel: [    0.000000] ACPI: SSDT 0x000000003FFE0C4E 00183A (v01 BOCHS  BXPCSSDT 00000001 BXPC 00000001)
Jun  7 18:29:06 alton kernel: [    0.000000] ACPI: APIC 0x000000003FFE2488 000078 (v01 BOCHS  BXPCAPIC 00000001 BXPC 00000001)
Jun  7 18:29:06 alton kernel: [    0.000000] ACPI: HPET 0x000000003FFE2500 000038 (v01 BOCHS  BXPCHPET 00000001 BXPC 00000001)
Jun  7 18:29:06 alton kernel: [    0.000000] No NUMA configuration found
Jun  7 18:29:06 alton kernel: [    0.000000] Faking a node at [mem 0x0000000000000000-0x000000003ffdefff]
Jun  7 18:29:06 alton kernel: [    0.000000] Initmem setup node 0 [mem 0x00000000-0x3ffdefff]
Jun  7 18:29:06 alton kernel: [    0.000000]   NODE_DATA [mem 0x3ffda000-0x3ffdefff]
Jun  7 18:29:06 alton kernel: [    0.000000] kvm-clock: Using msrs 4b564d01 and 4b564d00
Jun  7 18:29:06 alton kernel: [    0.000000] kvm-clock: cpu 0, msr 0:3ffd2001, primary cpu clock
Jun  7 18:29:06 alton kernel: [    0.000000] Zone ranges:
Jun  7 18:29:06 alton kernel: [    0.000000]   DMA      [mem 0x00001000-0x00ffffff]
Jun  7 18:29:06 alton kernel: [    0.000000]   DMA32    [mem 0x01000000-0xffffffff]
Jun  7 18:29:06 alton kernel: [    0.000000]   Normal   empty
Jun  7 18:29:06 alton kernel: [    0.000000] Movable zone start for each node
Jun  7 18:29:06 alton kernel: [    0.000000] Early memory node ranges
Jun  7 18:29:06 alton kernel: [    0.000000]   node   0: [mem 0x00001000-0x0009efff]
Jun  7 18:29:06 alton kernel: [    0.000000]   node   0: [mem 0x00100000-0x3ffdefff]
Jun  7 18:29:06 alton kernel: [    0.000000] ACPI: PM-Timer IO Port: 0x608
Jun  7 18:29:06 alton kernel: [    0.000000] ACPI: LAPIC (acpi_id[0x00] lapic_id[0x00] enabled)
Jun  7 18:29:06 alton kernel: [    0.000000] ACPI: LAPIC_NMI (acpi_id[0xff] dfl dfl lint[0x1])
Jun  7 18:29:06 alton kernel: [    0.000000] ACPI: IOAPIC (id[0x00] address[0xfec00000] gsi_base[0])
Jun  7 18:29:06 alton kernel: [    0.000000] IOAPIC[0]: apic_id 0, version 17, address 0xfec00000, GSI 0-23
Jun  7 18:29:06 alton kernel: [    0.000000] ACPI: INT_SRC_OVR (bus 0 bus_irq 0 global_irq 2 dfl dfl)
Jun  7 18:29:06 alton kernel: [    0.000000] ACPI: INT_SRC_OVR (bus 0 bus_irq 5 global_irq 5 high level)
Jun  7 18:29:06 alton kernel: [    0.000000] ACPI: INT_SRC_OVR (bus 0 bus_irq 9 global_irq 9 high level)
Jun  7 18:29:06 alton kernel: [    0.000000] ACPI: INT_SRC_OVR (bus 0 bus_irq 10 global_irq 10 high level)
Jun  7 18:29:06 alton kernel: [    0.000000] ACPI: INT_SRC_OVR (bus 0 bus_irq 11 global_irq 11 high level)
Jun  7 18:29:06 alton kernel: [    0.000000] Using ACPI (MADT) for SMP configuration information
Jun  7 18:29:06 alton kernel: [    0.000000] ACPI: HPET id: 0x8086a201 base: 0xfed00000
Jun  7 18:29:06 alton kernel: [    0.000000] smpboot: Allowing 1 CPUs, 0 hotplug CPUs
Jun  7 18:29:06 alton kernel: [    0.000000] PM: Registered nosave memory: [mem 0x0009f000-0x0009ffff]
Jun  7 18:29:06 alton kernel: [    0.000000] PM: Registered nosave memory: [mem 0x000a0000-0x000effff]
Jun  7 18:29:06 alton kernel: [    0.000000] PM: Registered nosave memory: [mem 0x000f0000-0x000fffff]
Jun  7 18:29:06 alton kernel: [    0.000000] e820: [mem 0x40000000-0xfeffbfff] available for PCI devices
Jun  7 18:29:06 alton kernel: [    0.000000] Booting paravirtualized kernel on KVM
Jun  7 18:29:06 alton kernel: [    0.000000] setup_percpu: NR_CPUS:512 nr_cpumask_bits:512 nr_cpu_ids:1 nr_node_ids:1
Jun  7 18:29:06 alton kernel: [    0.000000] PERCPU: Embedded 27 pages/cpu @ffff88003fc00000 s80896 r8192 d21504 u2097152
Jun  7 18:29:06 alton kernel: [    0.000000] KVM setup async PF for cpu 0
Jun  7 18:29:06 alton kernel: [    0.000000] kvm-stealtime: cpu 0, msr 3fc0d080
Jun  7 18:29:06 alton kernel: [    0.000000] Built 1 zonelists in Node order, mobility grouping on.  Total pages: 258408
Jun  7 18:29:06 alton kernel: [    0.000000] Policy zone: DMA32
Jun  7 18:29:06 alton kernel: [    0.000000] Kernel command line: BOOT_IMAGE=/boot/vmlinuz-3.16.0-4-amd64 root=UUID=f0a04bc8-0b69-4c91-b95f-4ffa1fc804d2 ro initrd=/install/initrd.gz quiet
Jun  7 18:29:06 alton kernel: [    0.000000] PID hash table entries: 4096 (order: 3, 32768 bytes)
Jun  7 18:29:06 alton kernel: [    0.000000] AGP: Checking aperture...
Jun  7 18:29:06 alton kernel: [    0.000000] AGP: No AGP bridge found
Jun  7 18:29:06 alton kernel: [    0.000000] Memory: 1007612K/1048052K available (5222K kernel code, 947K rwdata, 1836K rodata, 1204K init, 840K bss, 40440K reserved)
Jun  7 18:29:06 alton kernel: [    0.000000] Hierarchical RCU implementation.
Jun  7 18:29:06 alton kernel: [    0.000000] 	RCU dyntick-idle grace-period acceleration is enabled.
Jun  7 18:29:06 alton kernel: [    0.000000] 	RCU restricting CPUs from NR_CPUS=512 to nr_cpu_ids=1.
Jun  7 18:29:06 alton kernel: [    0.000000] RCU: Adjusting geometry for rcu_fanout_leaf=16, nr_cpu_ids=1
Jun  7 18:29:06 alton kernel: [    0.000000] NR_IRQS:33024 nr_irqs:256 16
Jun  7 18:29:06 alton kernel: [    0.000000] Console: colour VGA+ 80x25
Jun  7 18:29:06 alton kernel: [    0.000000] console [tty0] enabled
Jun  7 18:29:06 alton kernel: [    0.000000] tsc: Detected 3500.224 MHz processor
Jun  7 18:29:06 alton kernel: [    0.008000] Calibrating delay loop (skipped) preset value.. 7000.44 BogoMIPS (lpj=14000896)
Jun  7 18:29:06 alton kernel: [    0.008000] pid_max: default: 32768 minimum: 301
Jun  7 18:29:06 alton kernel: [    0.008000] ACPI: Core revision 20140424
Jun  7 18:29:06 alton kernel: [    0.008000] ACPI: All ACPI Tables successfully acquired
Jun  7 18:29:06 alton kernel: [    0.008000] Security Framework initialized
Jun  7 18:29:06 alton kernel: [    0.008000] AppArmor: AppArmor disabled by boot time parameter
Jun  7 18:29:06 alton kernel: [    0.008000] Yama: disabled by default; enable with sysctl kernel.yama.*
Jun  7 18:29:06 alton kernel: [    0.008000] Dentry cache hash table entries: 131072 (order: 8, 1048576 bytes)
Jun  7 18:29:06 alton kernel: [    0.008000] Inode-cache hash table entries: 65536 (order: 7, 524288 bytes)
Jun  7 18:29:06 alton kernel: [    0.008000] Mount-cache hash table entries: 2048 (order: 2, 16384 bytes)
Jun  7 18:29:06 alton kernel: [    0.008000] Mountpoint-cache hash table entries: 2048 (order: 2, 16384 bytes)
Jun  7 18:29:06 alton kernel: [    0.008000] Initializing cgroup subsys memory
Jun  7 18:29:06 alton kernel: [    0.008000] Initializing cgroup subsys devices
Jun  7 18:29:06 alton kernel: [    0.008000] Initializing cgroup subsys freezer
Jun  7 18:29:06 alton kernel: [    0.008000] Initializing cgroup subsys net_cls
Jun  7 18:29:06 alton kernel: [    0.008000] Initializing cgroup subsys blkio
Jun  7 18:29:06 alton kernel: [    0.008000] Initializing cgroup subsys perf_event
Jun  7 18:29:06 alton kernel: [    0.008000] Initializing cgroup subsys net_prio
Jun  7 18:29:06 alton kernel: [    0.008000] mce: CPU supports 10 MCE banks
Jun  7 18:29:06 alton kernel: [    0.008000] Last level iTLB entries: 4KB 0, 2MB 0, 4MB 0
Jun  7 18:29:06 alton kernel: [    0.008000] Last level dTLB entries: 4KB 0, 2MB 0, 4MB 0, 1GB 0
Jun  7 18:29:06 alton kernel: [    0.008000] tlb_flushall_shift: 6
Jun  7 18:29:06 alton kernel: [    0.013025] Freeing SMP alternatives memory: 20K (ffffffff81a1b000 - ffffffff81a20000)
Jun  7 18:29:06 alton kernel: [    0.014465] ftrace: allocating 21683 entries in 85 pages
Jun  7 18:29:06 alton kernel: [    0.020160] Enabling x2apic
Jun  7 18:29:06 alton kernel: [    0.020164] Enabled x2apic
Jun  7 18:29:06 alton kernel: [    0.020285] Switched APIC routing to physical x2apic.
Jun  7 18:29:06 alton kernel: [    0.020912] ..TIMER: vector=0x30 apic1=0 pin1=2 apic2=-1 pin2=-1
Jun  7 18:29:06 alton kernel: [    0.020913] smpboot: CPU0: Intel Common KVM processor (fam: 0f, model: 06, stepping: 01)
Jun  7 18:29:06 alton kernel: [    0.024000] Performance Events: unsupported Netburst CPU model 6 no PMU driver, software events only.
Jun  7 18:29:06 alton kernel: [    0.024000] x86: Booted up 1 node, 1 CPUs
Jun  7 18:29:06 alton kernel: [    0.024000] smpboot: Total of 1 processors activated (7000.44 BogoMIPS)
Jun  7 18:29:06 alton kernel: [    0.024000] devtmpfs: initialized
Jun  7 18:29:06 alton kernel: [    0.024000] NMI watchdog: disabled (cpu0): hardware events not enabled
Jun  7 18:29:06 alton kernel: [    0.024000] pinctrl core: initialized pinctrl subsystem
Jun  7 18:29:06 alton kernel: [    0.024000] NET: Registered protocol family 16
Jun  7 18:29:06 alton kernel: [    0.024000] cpuidle: using governor ladder
Jun  7 18:29:06 alton kernel: [    0.024000] cpuidle: using governor menu
Jun  7 18:29:06 alton kernel: [    0.024000] ACPI: bus type PCI registered
Jun  7 18:29:06 alton kernel: [    0.024000] acpiphp: ACPI Hot Plug PCI Controller Driver version: 0.5
Jun  7 18:29:06 alton kernel: [    0.024000] PCI: Using configuration type 1 for base access
Jun  7 18:29:06 alton kernel: [    0.024000] ACPI: Added _OSI(Module Device)
Jun  7 18:29:06 alton kernel: [    0.024000] ACPI: Added _OSI(Processor Device)
Jun  7 18:29:06 alton kernel: [    0.024000] ACPI: Added _OSI(3.0 _SCP Extensions)
Jun  7 18:29:06 alton kernel: [    0.024000] ACPI: Added _OSI(Processor Aggregator Device)
Jun  7 18:29:06 alton kernel: [    0.024616] ACPI: Interpreter enabled
Jun  7 18:29:06 alton kernel: [    0.024619] ACPI Exception: AE_NOT_FOUND, While evaluating Sleep State [\_S1_] (20140424/hwxface-580)
Jun  7 18:29:06 alton kernel: [    0.024621] ACPI Exception: AE_NOT_FOUND, While evaluating Sleep State [\_S2_] (20140424/hwxface-580)
Jun  7 18:29:06 alton kernel: [    0.024626] ACPI: (supports S0 S3 S4 S5)
Jun  7 18:29:06 alton kernel: [    0.024626] ACPI: Using IOAPIC for interrupt routing
Jun  7 18:29:06 alton kernel: [    0.024634] PCI: Using host bridge windows from ACPI; if necessary, use "pci=nocrs" and report a bug
Jun  7 18:29:06 alton kernel: [    0.027092] ACPI: PCI Root Bridge [PCI0] (domain 0000 [bus 00-ff])
Jun  7 18:29:06 alton kernel: [    0.027095] acpi PNP0A03:00: _OSC: OS supports [ASPM ClockPM Segments MSI]
Jun  7 18:29:06 alton kernel: [    0.027098] acpi PNP0A03:00: _OSC failed (AE_NOT_FOUND); disabling ASPM
Jun  7 18:29:06 alton kernel: [    0.027108] acpi PNP0A03:00: fail to add MMCONFIG information, can't access extended PCI configuration space under this bridge.
Jun  7 18:29:06 alton kernel: [    0.027246] acpiphp: Slot [3] registered
Jun  7 18:29:06 alton kernel: [    0.027257] acpiphp: Slot [4] registered
Jun  7 18:29:06 alton kernel: [    0.027266] acpiphp: Slot [5] registered
Jun  7 18:29:06 alton kernel: [    0.027274] acpiphp: Slot [6] registered
Jun  7 18:29:06 alton kernel: [    0.027283] acpiphp: Slot [7] registered
Jun  7 18:29:06 alton kernel: [    0.027291] acpiphp: Slot [8] registered
Jun  7 18:29:06 alton kernel: [    0.027299] acpiphp: Slot [9] registered
Jun  7 18:29:06 alton kernel: [    0.027308] acpiphp: Slot [10] registered
Jun  7 18:29:06 alton kernel: [    0.027318] acpiphp: Slot [11] registered
Jun  7 18:29:06 alton kernel: [    0.027327] acpiphp: Slot [12] registered
Jun  7 18:29:06 alton kernel: [    0.027335] acpiphp: Slot [13] registered
Jun  7 18:29:06 alton kernel: [    0.027343] acpiphp: Slot [14] registered
Jun  7 18:29:06 alton kernel: [    0.027351] acpiphp: Slot [15] registered
Jun  7 18:29:06 alton kernel: [    0.027360] acpiphp: Slot [16] registered
Jun  7 18:29:06 alton kernel: [    0.027370] acpiphp: Slot [17] registered
Jun  7 18:29:06 alton kernel: [    0.027380] acpiphp: Slot [18] registered
Jun  7 18:29:06 alton kernel: [    0.027389] acpiphp: Slot [19] registered
Jun  7 18:29:06 alton kernel: [    0.027398] acpiphp: Slot [20] registered
Jun  7 18:29:06 alton kernel: [    0.027406] acpiphp: Slot [21] registered
Jun  7 18:29:06 alton kernel: [    0.027414] acpiphp: Slot [22] registered
Jun  7 18:29:06 alton kernel: [    0.027422] acpiphp: Slot [23] registered
Jun  7 18:29:06 alton kernel: [    0.027433] acpiphp: Slot [24] registered
Jun  7 18:29:06 alton kernel: [    0.027443] acpiphp: Slot [25] registered
Jun  7 18:29:06 alton kernel: [    0.027452] acpiphp: Slot [26] registered
Jun  7 18:29:06 alton kernel: [    0.027462] acpiphp: Slot [27] registered
Jun  7 18:29:06 alton kernel: [    0.027471] acpiphp: Slot [28] registered
Jun  7 18:29:06 alton kernel: [    0.027479] acpiphp: Slot [29] registered
Jun  7 18:29:06 alton kernel: [    0.027494] PCI host bridge to bus 0000:00
Jun  7 18:29:06 alton kernel: [    0.027495] pci_bus 0000:00: root bus resource [bus 00-ff]
Jun  7 18:29:06 alton kernel: [    0.027496] pci_bus 0000:00: root bus resource [io  0x0000-0x0cf7]
Jun  7 18:29:06 alton kernel: [    0.027497] pci_bus 0000:00: root bus resource [io  0x0d00-0xffff]
Jun  7 18:29:06 alton kernel: [    0.027498] pci_bus 0000:00: root bus resource [mem 0x000a0000-0x000bffff]
Jun  7 18:29:06 alton kernel: [    0.027499] pci_bus 0000:00: root bus resource [mem 0x40000000-0xfebfffff]
Jun  7 18:29:06 alton kernel: [    0.031201] pci 0000:00:01.1: legacy IDE quirk: reg 0x10: [io  0x01f0-0x01f7]
Jun  7 18:29:06 alton kernel: [    0.031202] pci 0000:00:01.1: legacy IDE quirk: reg 0x14: [io  0x03f6]
Jun  7 18:29:06 alton kernel: [    0.031203] pci 0000:00:01.1: legacy IDE quirk: reg 0x18: [io  0x0170-0x0177]
Jun  7 18:29:06 alton kernel: [    0.031203] pci 0000:00:01.1: legacy IDE quirk: reg 0x1c: [io  0x0376]
Jun  7 18:29:06 alton kernel: [    0.035309] pci 0000:00:01.3: quirk: [io  0x0600-0x063f] claimed by PIIX4 ACPI
Jun  7 18:29:06 alton kernel: [    0.035314] pci 0000:00:01.3: quirk: [io  0x0700-0x070f] claimed by PIIX4 SMB
Jun  7 18:29:06 alton kernel: [    0.072269] acpiphp: Slot [0] registered
Jun  7 18:29:06 alton kernel: [    0.072999] acpiphp: Slot [1] registered
Jun  7 18:29:06 alton kernel: [    0.073009] acpiphp: Slot [2] registered
Jun  7 18:29:06 alton kernel: [    0.073021] acpiphp: Slot [3-2] registered
Jun  7 18:29:06 alton kernel: [    0.073032] acpiphp: Slot [4-2] registered
Jun  7 18:29:06 alton kernel: [    0.073046] acpiphp: Slot [5-2] registered
Jun  7 18:29:06 alton kernel: [    0.073058] acpiphp: Slot [6-2] registered
Jun  7 18:29:06 alton kernel: [    0.073069] acpiphp: Slot [7-2] registered
Jun  7 18:29:06 alton kernel: [    0.073080] acpiphp: Slot [8-2] registered
Jun  7 18:29:06 alton kernel: [    0.073090] acpiphp: Slot [9-2] registered
Jun  7 18:29:06 alton kernel: [    0.073101] acpiphp: Slot [10-2] registered
Jun  7 18:29:06 alton kernel: [    0.073112] acpiphp: Slot [11-2] registered
Jun  7 18:29:06 alton kernel: [    0.073140] acpiphp: Slot [12-2] registered
Jun  7 18:29:06 alton kernel: [    0.073153] acpiphp: Slot [13-2] registered
Jun  7 18:29:06 alton kernel: [    0.073166] acpiphp: Slot [14-2] registered
Jun  7 18:29:06 alton kernel: [    0.073177] acpiphp: Slot [15-2] registered
Jun  7 18:29:06 alton kernel: [    0.073187] acpiphp: Slot [16-2] registered
Jun  7 18:29:06 alton kernel: [    0.073197] acpiphp: Slot [17-2] registered
Jun  7 18:29:06 alton kernel: [    0.073211] acpiphp: Slot [18-2] registered
Jun  7 18:29:06 alton kernel: [    0.073222] acpiphp: Slot [19-2] registered
Jun  7 18:29:06 alton kernel: [    0.073233] acpiphp: Slot [20-2] registered
Jun  7 18:29:06 alton kernel: [    0.073246] acpiphp: Slot [21-2] registered
Jun  7 18:29:06 alton kernel: [    0.073258] acpiphp: Slot [22-2] registered
Jun  7 18:29:06 alton kernel: [    0.073268] acpiphp: Slot [23-2] registered
Jun  7 18:29:06 alton kernel: [    0.073279] acpiphp: Slot [24-2] registered
Jun  7 18:29:06 alton kernel: [    0.073293] acpiphp: Slot [25-2] registered
Jun  7 18:29:06 alton kernel: [    0.073304] acpiphp: Slot [26-2] registered
Jun  7 18:29:06 alton kernel: [    0.073314] acpiphp: Slot [27-2] registered
Jun  7 18:29:06 alton kernel: [    0.073324] acpiphp: Slot [28-2] registered
Jun  7 18:29:06 alton kernel: [    0.073334] acpiphp: Slot [29-2] registered
Jun  7 18:29:06 alton kernel: [    0.073343] acpiphp: Slot [30] registered
Jun  7 18:29:06 alton kernel: [    0.073354] acpiphp: Slot [31] registered
Jun  7 18:29:06 alton kernel: [    0.073457] pci 0000:00:1e.0: PCI bridge to [bus 01]
Jun  7 18:29:06 alton kernel: [    0.074269] acpiphp: Slot [0-2] registered
Jun  7 18:29:06 alton kernel: [    0.074284] acpiphp: Slot [1-2] registered
Jun  7 18:29:06 alton kernel: [    0.074295] acpiphp: Slot [2-2] registered
Jun  7 18:29:06 alton kernel: [    0.074308] acpiphp: Slot [3-3] registered
Jun  7 18:29:06 alton kernel: [    0.074319] acpiphp: Slot [4-3] registered
Jun  7 18:29:06 alton kernel: [    0.074329] acpiphp: Slot [5-3] registered
Jun  7 18:29:06 alton kernel: [    0.074339] acpiphp: Slot [6-3] registered
Jun  7 18:29:06 alton kernel: [    0.074350] acpiphp: Slot [7-3] registered
Jun  7 18:29:06 alton kernel: [    0.074360] acpiphp: Slot [8-3] registered
Jun  7 18:29:06 alton kernel: [    0.074371] acpiphp: Slot [9-3] registered
Jun  7 18:29:06 alton kernel: [    0.074384] acpiphp: Slot [10-3] registered
Jun  7 18:29:06 alton kernel: [    0.074396] acpiphp: Slot [11-3] registered
Jun  7 18:29:06 alton kernel: [    0.074406] acpiphp: Slot [12-3] registered
Jun  7 18:29:06 alton kernel: [    0.074418] acpiphp: Slot [13-3] registered
Jun  7 18:29:06 alton kernel: [    0.074428] acpiphp: Slot [14-3] registered
Jun  7 18:29:06 alton kernel: [    0.074440] acpiphp: Slot [15-3] registered
Jun  7 18:29:06 alton kernel: [    0.074453] acpiphp: Slot [16-3] registered
Jun  7 18:29:06 alton kernel: [    0.074465] acpiphp: Slot [17-3] registered
Jun  7 18:29:06 alton kernel: [    0.074475] acpiphp: Slot [18-3] registered
Jun  7 18:29:06 alton kernel: [    0.074486] acpiphp: Slot [19-3] registered
Jun  7 18:29:06 alton kernel: [    0.074499] acpiphp: Slot [20-3] registered
Jun  7 18:29:06 alton kernel: [    0.074510] acpiphp: Slot [21-3] registered
Jun  7 18:29:06 alton kernel: [    0.074523] acpiphp: Slot [22-3] registered
Jun  7 18:29:06 alton kernel: [    0.074539] acpiphp: Slot [23-3] registered
Jun  7 18:29:06 alton kernel: [    0.074550] acpiphp: Slot [24-3] registered
Jun  7 18:29:06 alton kernel: [    0.074561] acpiphp: Slot [25-3] registered
Jun  7 18:29:06 alton kernel: [    0.074571] acpiphp: Slot [26-3] registered
Jun  7 18:29:06 alton kernel: [    0.074583] acpiphp: Slot [27-3] registered
Jun  7 18:29:06 alton kernel: [    0.074594] acpiphp: Slot [28-3] registered
Jun  7 18:29:06 alton kernel: [    0.074607] acpiphp: Slot [29-3] registered
Jun  7 18:29:06 alton kernel: [    0.074618] acpiphp: Slot [30-2] registered
Jun  7 18:29:06 alton kernel: [    0.074630] acpiphp: Slot [31-2] registered
Jun  7 18:29:06 alton kernel: [    0.074729] pci 0000:00:1f.0: PCI bridge to [bus 02]
Jun  7 18:29:06 alton kernel: [    0.076287] ACPI: PCI Interrupt Link [LNKA] (IRQs 5 *10 11)
Jun  7 18:29:06 alton kernel: [    0.076335] ACPI: PCI Interrupt Link [LNKB] (IRQs 5 *10 11)
Jun  7 18:29:06 alton kernel: [    0.076374] ACPI: PCI Interrupt Link [LNKC] (IRQs 5 10 *11)
Jun  7 18:29:06 alton kernel: [    0.076411] ACPI: PCI Interrupt Link [LNKD] (IRQs 5 10 *11)
Jun  7 18:29:06 alton kernel: [    0.076432] ACPI: PCI Interrupt Link [LNKS] (IRQs *9)
Jun  7 18:29:06 alton kernel: [    0.076580] ACPI: Enabled 16 GPEs in block 00 to 0F
Jun  7 18:29:06 alton kernel: [    0.076746] vgaarb: setting as boot device: PCI:0000:00:02.0
Jun  7 18:29:06 alton kernel: [    0.076748] vgaarb: device added: PCI:0000:00:02.0,decodes=io+mem,owns=io+mem,locks=none
Jun  7 18:29:06 alton kernel: [    0.076749] vgaarb: loaded
Jun  7 18:29:06 alton kernel: [    0.076750] vgaarb: bridge control possible 0000:00:02.0
Jun  7 18:29:06 alton kernel: [    0.076814] PCI: Using ACPI for IRQ routing
Jun  7 18:29:06 alton kernel: [    0.077055] HPET: 3 timers in total, 0 timers will be used for per-cpu timer
Jun  7 18:29:06 alton kernel: [    0.077064] hpet0: at MMIO 0xfed00000, IRQs 2, 8, 0
Jun  7 18:29:06 alton kernel: [    0.077066] hpet0: 3 comparators, 64-bit 100.000000 MHz counter
Jun  7 18:29:06 alton kernel: [    0.080096] Switched to clocksource kvm-clock
Jun  7 18:29:06 alton kernel: [    0.083964] pnp: PnP ACPI init
Jun  7 18:29:06 alton kernel: [    0.083973] ACPI: bus type PNP registered
Jun  7 18:29:06 alton kernel: [    0.084281] pnp: PnP ACPI: found 4 devices
Jun  7 18:29:06 alton kernel: [    0.084282] ACPI: bus type PNP unregistered
Jun  7 18:29:06 alton kernel: [    0.090850] pci 0000:00:1e.0: PCI bridge to [bus 01]
Jun  7 18:29:06 alton kernel: [    0.090859] pci 0000:00:1e.0:   bridge window [io  0xd000-0xdfff]
Jun  7 18:29:06 alton kernel: [    0.091563] pci 0000:00:1e.0:   bridge window [mem 0xfe800000-0xfe9fffff]
Jun  7 18:29:06 alton kernel: [    0.092038] pci 0000:00:1e.0:   bridge window [mem 0xfe200000-0xfe3fffff 64bit pref]
Jun  7 18:29:06 alton kernel: [    0.093090] pci 0000:00:1f.0: PCI bridge to [bus 02]
Jun  7 18:29:06 alton kernel: [    0.093098] pci 0000:00:1f.0:   bridge window [io  0xc000-0xcfff]
Jun  7 18:29:06 alton kernel: [    0.094482] pci 0000:00:1f.0:   bridge window [mem 0xfe600000-0xfe7fffff]
Jun  7 18:29:06 alton kernel: [    0.095014] pci 0000:00:1f.0:   bridge window [mem 0xfe000000-0xfe1fffff 64bit pref]
Jun  7 18:29:06 alton kernel: [    0.096089] NET: Registered protocol family 2
Jun  7 18:29:06 alton kernel: [    0.096252] TCP established hash table entries: 8192 (order: 4, 65536 bytes)
Jun  7 18:29:06 alton kernel: [    0.096278] TCP bind hash table entries: 8192 (order: 5, 131072 bytes)
Jun  7 18:29:06 alton kernel: [    0.096325] TCP: Hash tables configured (established 8192 bind 8192)
Jun  7 18:29:06 alton kernel: [    0.096371] TCP: reno registered
Jun  7 18:29:06 alton kernel: [    0.096373] UDP hash table entries: 512 (order: 2, 16384 bytes)
Jun  7 18:29:06 alton kernel: [    0.096379] UDP-Lite hash table entries: 512 (order: 2, 16384 bytes)
Jun  7 18:29:06 alton kernel: [    0.096416] NET: Registered protocol family 1
Jun  7 18:29:06 alton kernel: [    0.096431] pci 0000:00:00.0: Limiting direct PCI/PCI transfers
Jun  7 18:29:06 alton kernel: [    0.096443] pci 0000:00:01.0: PIIX3: Enabling Passive Release
Jun  7 18:29:06 alton kernel: [    0.096451] pci 0000:00:01.0: Activating ISA DMA hang workarounds
Jun  7 18:29:06 alton kernel: [    0.108513] ACPI: PCI Interrupt Link [LNKD] enabled at IRQ 11
Jun  7 18:29:06 alton kernel: [    0.120891] Unpacking initramfs...
Jun  7 18:29:06 alton kernel: [    0.301885] Freeing initrd memory: 14368K (ffff8800363e0000 - ffff8800371e8000)
Jun  7 18:29:06 alton kernel: [    0.302016] microcode: CPU0 sig=0xf61, pf=0x1, revision=0x1
Jun  7 18:29:06 alton kernel: [    0.302042] microcode: Microcode Update Driver: v2.00 <tigran@aivazian.fsnet.co.uk>, Peter Oruba
Jun  7 18:29:06 alton kernel: [    0.302184] futex hash table entries: 256 (order: 2, 16384 bytes)
Jun  7 18:29:06 alton kernel: [    0.302211] audit: initializing netlink subsys (disabled)
Jun  7 18:29:06 alton kernel: [    0.302229] audit: type=2000 audit(1465316945.705:1): initialized
Jun  7 18:29:06 alton kernel: [    0.302406] HugeTLB registered 2 MB page size, pre-allocated 0 pages
Jun  7 18:29:06 alton kernel: [    0.302422] zbud: loaded
Jun  7 18:29:06 alton kernel: [    0.302515] VFS: Disk quotas dquot_6.5.2
Jun  7 18:29:06 alton kernel: [    0.302525] Dquot-cache hash table entries: 512 (order 0, 4096 bytes)
Jun  7 18:29:06 alton kernel: [    0.302565] msgmni has been set to 1996
Jun  7 18:29:06 alton kernel: [    0.302744] alg: No test for stdrng (krng)
Jun  7 18:29:06 alton kernel: [    0.302764] Block layer SCSI generic (bsg) driver version 0.4 loaded (major 252)
Jun  7 18:29:06 alton kernel: [    0.302795] io scheduler noop registered
Jun  7 18:29:06 alton kernel: [    0.302796] io scheduler deadline registered
Jun  7 18:29:06 alton kernel: [    0.302811] io scheduler cfq registered (default)
Jun  7 18:29:06 alton kernel: [    0.302862] pci_hotplug: PCI Hot Plug PCI Core version: 0.5
Jun  7 18:29:06 alton kernel: [    0.302871] pciehp: PCI Express Hot Plug Controller Driver version: 0.4
Jun  7 18:29:06 alton kernel: [    0.302900] GHES: HEST is not enabled!
Jun  7 18:29:06 alton kernel: [    0.302941] Serial: 8250/16550 driver, 4 ports, IRQ sharing enabled
Jun  7 18:29:06 alton kernel: [    0.303170] Linux agpgart interface v0.103
Jun  7 18:29:06 alton kernel: [    0.303245] i8042: PNP: PS/2 Controller [PNP0303:KBD,PNP0f13:MOU] at 0x60,0x64 irq 1,12
Jun  7 18:29:06 alton kernel: [    0.303644] serio: i8042 KBD port at 0x60,0x64 irq 1
Jun  7 18:29:06 alton kernel: [    0.303647] serio: i8042 AUX port at 0x60,0x64 irq 12
Jun  7 18:29:06 alton kernel: [    0.303726] mousedev: PS/2 mouse device common for all mice
Jun  7 18:29:06 alton kernel: [    0.303766] rtc_cmos 00:00: RTC can wake from S4
Jun  7 18:29:06 alton kernel: [    0.304013] input: AT Translated Set 2 keyboard as /devices/platform/i8042/serio0/input/input0
Jun  7 18:29:06 alton kernel: [    0.304129] rtc_cmos 00:00: rtc core: registered rtc_cmos as rtc0
Jun  7 18:29:06 alton kernel: [    0.304196] rtc_cmos 00:00: alarms up to one day, 114 bytes nvram, hpet irqs
Jun  7 18:29:06 alton kernel: [    0.304207] ledtrig-cpu: registered to indicate activity on CPUs
Jun  7 18:29:06 alton kernel: [    0.304248] AMD IOMMUv2 driver by Joerg Roedel <joerg.roedel@amd.com>
Jun  7 18:29:06 alton kernel: [    0.304248] AMD IOMMUv2 functionality not available on this system
Jun  7 18:29:06 alton kernel: [    0.304295] TCP: cubic registered
Jun  7 18:29:06 alton kernel: [    0.304309] NET: Registered protocol family 10
Jun  7 18:29:06 alton kernel: [    0.304442] mip6: Mobile IPv6
Jun  7 18:29:06 alton kernel: [    0.304445] NET: Registered protocol family 17
Jun  7 18:29:06 alton kernel: [    0.304449] mpls_gso: MPLS GSO support
Jun  7 18:29:06 alton kernel: [    0.304580] registered taskstats version 1
Jun  7 18:29:06 alton kernel: [    0.304837] rtc_cmos 00:00: setting system clock to 2016-06-07 16:29:05 UTC (1465316945)
Jun  7 18:29:06 alton kernel: [    0.305343] Freeing unused kernel memory: 1204K (ffffffff818ee000 - ffffffff81a1b000)
Jun  7 18:29:06 alton kernel: [    0.305344] Write protecting the kernel read-only data: 8192k
Jun  7 18:29:06 alton kernel: [    0.305617] Freeing unused kernel memory: 912K (ffff88000151c000 - ffff880001600000)
Jun  7 18:29:06 alton kernel: [    0.305875] Freeing unused kernel memory: 212K (ffff8800017cb000 - ffff880001800000)
Jun  7 18:29:06 alton kernel: [    0.312210] random: systemd-udevd urandom read with 1 bits of entropy available
Jun  7 18:29:06 alton kernel: [    0.321517] ACPI: bus type USB registered
Jun  7 18:29:06 alton kernel: [    0.321534] usbcore: registered new interface driver usbfs
Jun  7 18:29:06 alton kernel: [    0.321539] usbcore: registered new interface driver hub
Jun  7 18:29:06 alton kernel: [    0.322804] SCSI subsystem initialized
Jun  7 18:29:06 alton kernel: [    0.330442] usbcore: registered new device driver usb
Jun  7 18:29:06 alton kernel: [    0.330815] ehci_hcd: USB 2.0 'Enhanced' Host Controller (EHCI) Driver
Jun  7 18:29:06 alton kernel: [    0.331028] uhci_hcd: USB Universal Host Controller Interface driver
Jun  7 18:29:06 alton kernel: [    0.332652] e1000: Intel(R) PRO/1000 Network Driver - version 7.3.21-k8-NAPI
Jun  7 18:29:06 alton kernel: [    0.332653] e1000: Copyright (c) 1999-2006 Intel Corporation.
Jun  7 18:29:06 alton kernel: [    0.352187] FDC 0 is a S82078B
Jun  7 18:29:06 alton kernel: [    0.358408] ACPI: PCI Interrupt Link [LNKC] enabled at IRQ 10
Jun  7 18:29:06 alton kernel: [    0.370581] uhci_hcd 0000:00:01.2: UHCI Host Controller
Jun  7 18:29:06 alton kernel: [    0.370589] uhci_hcd 0000:00:01.2: new USB bus registered, assigned bus number 1
Jun  7 18:29:06 alton kernel: [    0.370599] uhci_hcd 0000:00:01.2: detected 2 ports
Jun  7 18:29:06 alton kernel: [    0.370642] uhci_hcd 0000:00:01.2: irq 11, io base 0x0000e040
Jun  7 18:29:06 alton kernel: [    0.370685] usb usb1: New USB device found, idVendor=1d6b, idProduct=0001
Jun  7 18:29:06 alton kernel: [    0.370686] usb usb1: New USB device strings: Mfr=3, Product=2, SerialNumber=1
Jun  7 18:29:06 alton kernel: [    0.370687] usb usb1: Product: UHCI Host Controller
Jun  7 18:29:06 alton kernel: [    0.370687] usb usb1: Manufacturer: Linux 3.16.0-4-amd64 uhci_hcd
Jun  7 18:29:06 alton kernel: [    0.370688] usb usb1: SerialNumber: 0000:00:01.2
Jun  7 18:29:06 alton kernel: [    0.370795] hub 1-0:1.0: USB hub found
Jun  7 18:29:06 alton kernel: [    0.370798] hub 1-0:1.0: 2 ports detected
Jun  7 18:29:06 alton kernel: [    0.371871] scsi0 : ata_piix
Jun  7 18:29:06 alton kernel: [    0.371939] scsi1 : ata_piix
Jun  7 18:29:06 alton kernel: [    0.371968] ata1: PATA max MWDMA2 cmd 0x1f0 ctl 0x3f6 bmdma 0xe0a0 irq 14
Jun  7 18:29:06 alton kernel: [    0.371969] ata2: PATA max MWDMA2 cmd 0x170 ctl 0x376 bmdma 0xe0a8 irq 15
Jun  7 18:29:06 alton kernel: [    0.383264] ahci 0000:00:07.0: AHCI 0001.0000 32 slots 6 ports 1.5 Gbps 0x3f impl SATA mode
Jun  7 18:29:06 alton kernel: [    0.383266] ahci 0000:00:07.0: flags: ncq only 
Jun  7 18:29:06 alton kernel: [    0.384104] scsi2 : ahci
Jun  7 18:29:06 alton kernel: [    0.384169] scsi3 : ahci
Jun  7 18:29:06 alton kernel: [    0.384235] scsi4 : ahci
Jun  7 18:29:06 alton kernel: [    0.384293] scsi5 : ahci
Jun  7 18:29:06 alton kernel: [    0.384355] scsi6 : ahci
Jun  7 18:29:06 alton kernel: [    0.384435] scsi7 : ahci
Jun  7 18:29:06 alton kernel: [    0.384470] ata3: SATA max UDMA/133 abar m4096@0xfea71000 port 0xfea71100 irq 40
Jun  7 18:29:06 alton kernel: [    0.384473] ata4: SATA max UDMA/133 abar m4096@0xfea71000 port 0xfea71180 irq 40
Jun  7 18:29:06 alton kernel: [    0.384476] ata5: SATA max UDMA/133 abar m4096@0xfea71000 port 0xfea71200 irq 40
Jun  7 18:29:06 alton kernel: [    0.384479] ata6: SATA max UDMA/133 abar m4096@0xfea71000 port 0xfea71280 irq 40
Jun  7 18:29:06 alton kernel: [    0.384481] ata7: SATA max UDMA/133 abar m4096@0xfea71000 port 0xfea71300 irq 40
Jun  7 18:29:06 alton kernel: [    0.384484] ata8: SATA max UDMA/133 abar m4096@0xfea71000 port 0xfea71380 irq 40
Jun  7 18:29:06 alton kernel: [    0.395551] ACPI: PCI Interrupt Link [LNKB] enabled at IRQ 10
Jun  7 18:29:06 alton kernel: [    0.668161] ata2.00: ATAPI: QEMU DVD-ROM, 2.4.1, max UDMA/100
Jun  7 18:29:06 alton kernel: [    0.668434] ata2.00: configured for MWDMA2
Jun  7 18:29:06 alton kernel: [    0.668696] scsi 1:0:0:0: CD-ROM            QEMU     QEMU DVD-ROM     2.4. PQ: 0 ANSI: 5
Jun  7 18:29:06 alton kernel: [    0.702548] e1000 0000:00:12.0 eth0: (PCI:33MHz:32-bit) 32:34:30:32:32:34
Jun  7 18:29:06 alton kernel: [    0.702553] e1000 0000:00:12.0 eth0: Intel(R) PRO/1000 Network Connection
Jun  7 18:29:06 alton kernel: [    0.772076] ata7: SATA link down (SStatus 0 SControl 300)
Jun  7 18:29:06 alton kernel: [    0.772135] ata4: SATA link down (SStatus 0 SControl 300)
Jun  7 18:29:06 alton kernel: [    0.772187] ata6: SATA link down (SStatus 0 SControl 300)
Jun  7 18:29:06 alton kernel: [    0.772239] ata5: SATA link down (SStatus 0 SControl 300)
Jun  7 18:29:06 alton kernel: [    0.772293] ata3: SATA link up 1.5 Gbps (SStatus 113 SControl 300)
Jun  7 18:29:06 alton kernel: [    0.772342] ata3.00: ATA-7: QEMU HARDDISK, 2.4.1, max UDMA/100
Jun  7 18:29:06 alton kernel: [    0.772343] ata3.00: 41943040 sectors, multi 16: LBA48 NCQ (depth 31/32)
Jun  7 18:29:06 alton kernel: [    0.772345] ata3.00: applying bridge limits
Jun  7 18:29:06 alton kernel: [    0.772397] ata3.00: configured for UDMA/100
Jun  7 18:29:06 alton kernel: [    0.772453] scsi 2:0:0:0: Direct-Access     ATA      QEMU HARDDISK    1    PQ: 0 ANSI: 5
Jun  7 18:29:06 alton kernel: [    0.772674] ata8: SATA link down (SStatus 0 SControl 300)
Jun  7 18:29:06 alton kernel: [    0.780295] sr0: scsi3-mmc drive: 4x/4x cd/rw xa/form2 tray
Jun  7 18:29:06 alton kernel: [    0.780297] cdrom: Uniform CD-ROM driver Revision: 3.20
Jun  7 18:29:06 alton kernel: [    0.780989] sd 2:0:0:0: [sda] 41943040 512-byte logical blocks: (21.4 GB/20.0 GiB)
Jun  7 18:29:06 alton kernel: [    0.781007] sd 2:0:0:0: [sda] Write Protect is off
Jun  7 18:29:06 alton kernel: [    0.781013] sd 2:0:0:0: [sda] Write cache: enabled, read cache: enabled, doesn't support DPO or FUA
Jun  7 18:29:06 alton kernel: [    0.781285] sr 1:0:0:0: Attached scsi generic sg0 type 5
Jun  7 18:29:06 alton kernel: [    0.781361] sd 2:0:0:0: Attached scsi generic sg1 type 0
Jun  7 18:29:06 alton kernel: [    0.781699]  sda: sda1 sda2
Jun  7 18:29:06 alton kernel: [    0.781819] sd 2:0:0:0: [sda] Attached SCSI disk
Jun  7 18:29:06 alton kernel: [    0.839739] PM: Starting manual resume from disk
Jun  7 18:29:06 alton kernel: [    0.876021] usb 1-1: new full-speed USB device number 2 using uhci_hcd
Jun  7 18:29:06 alton kernel: [    0.891955] EXT4-fs (sda2): mounted filesystem with ordered data mode. Opts: (null)
Jun  7 18:29:06 alton kernel: [    1.036046] usb 1-1: New USB device found, idVendor=0627, idProduct=0001
Jun  7 18:29:06 alton kernel: [    1.036048] usb 1-1: New USB device strings: Mfr=1, Product=3, SerialNumber=5
Jun  7 18:29:06 alton kernel: [    1.036049] usb 1-1: Product: QEMU USB Tablet
Jun  7 18:29:06 alton kernel: [    1.036050] usb 1-1: Manufacturer: QEMU
Jun  7 18:29:06 alton kernel: [    1.036051] usb 1-1: SerialNumber: 42
Jun  7 18:29:06 alton kernel: [    1.109923] input: Power Button as /devices/LNXSYSTM:00/LNXPWRBN:00/input/input3
Jun  7 18:29:06 alton kernel: [    1.109927] ACPI: Power Button [PWRF]
Jun  7 18:29:06 alton kernel: [    1.177871] shpchp: Standard Hot Plug PCI Controller Driver version: 0.4
Jun  7 18:29:06 alton kernel: [    1.182071] input: PC Speaker as /devices/platform/pcspkr/input/input4
Jun  7 18:29:06 alton kernel: [    1.194450] piix4_smbus 0000:00:01.3: SMBus Host Controller at 0x700, revision 0
Jun  7 18:29:06 alton kernel: [    1.202764] [drm] Initialized drm 1.1.0 20060810
Jun  7 18:29:06 alton kernel: [    1.206532] hidraw: raw HID events driver (C) Jiri Kosina
Jun  7 18:29:06 alton kernel: [    1.213955] usbcore: registered new interface driver usbhid
Jun  7 18:29:06 alton kernel: [    1.213956] usbhid: USB HID core driver
Jun  7 18:29:06 alton kernel: [    1.218250] ppdev: user-space parallel port driver
Jun  7 18:29:06 alton kernel: [    1.234250] input: QEMU QEMU USB Tablet as /devices/pci0000:00/0000:00:01.2/usb1/1-1/1-1:1.0/0003:0627:0001.0001/input/input5
Jun  7 18:29:06 alton kernel: [    1.234349] hid-generic 0003:0627:0001.0001: input,hidraw0: USB HID v0.01 Pointer [QEMU QEMU USB Tablet] on usb-0000:00:01.2-1/input0
Jun  7 18:29:06 alton kernel: [    1.247643] Adding 975868k swap on /dev/sda1.  Priority:-1 extents:1 across:975868k FS
Jun  7 18:29:06 alton kernel: [    1.296438] input: ImExPS/2 Generic Explorer Mouse as /devices/platform/i8042/serio1/input/input2
Jun  7 18:29:06 alton kernel: [    1.300058] tsc: Refined TSC clocksource calibration: 3500.012 MHz
Jun  7 18:29:06 alton kernel: [    1.328143] EXT4-fs (sda2): re-mounted. Opts: errors=remount-ro
Jun  7 18:29:06 alton kernel: [    1.461856] IPv6: ADDRCONF(NETDEV_UP): eth0: link is not ready
Jun  7 18:29:06 alton kernel: [    1.464452] e1000: eth0 NIC Link is Up 1000 Mbps Full Duplex, Flow Control: RX
Jun  7 18:29:06 alton kernel: [    1.464696] IPv6: ADDRCONF(NETDEV_CHANGE): eth0: link becomes ready
Jun  7 18:29:06 alton kernel: [    1.570130] RPC: Registered named UNIX socket transport module.
Jun  7 18:29:06 alton kernel: [    1.570132] RPC: Registered udp transport module.
Jun  7 18:29:06 alton kernel: [    1.570133] RPC: Registered tcp transport module.
Jun  7 18:29:06 alton kernel: [    1.570133] RPC: Registered tcp NFSv4.1 backchannel transport module.
Jun  7 18:29:06 alton kernel: [    1.574830] FS-Cache: Loaded
Jun  7 18:29:06 alton kernel: [    1.580313] FS-Cache: Netfs 'nfs' registered for caching
Jun  7 18:29:06 alton kernel: [    1.587751] Installing knfsd (copyright (C) 1996 okir@monad.swb.de).
Jun  7 18:29:07 alton heartbeat: [825]: WARN: Core dumps could be lost if multiple dumps occur.
Jun  7 18:29:07 alton heartbeat: [825]: WARN: Consider setting non-default value in /proc/sys/kernel/core_pattern (or equivalent) for maximum supportability
Jun  7 18:29:07 alton heartbeat: [825]: WARN: Consider setting /proc/sys/kernel/core_uses_pid (or equivalent) to 1 for maximum supportability
Jun  7 18:29:07 alton heartbeat: [825]: info: Pacemaker support: false
Jun  7 18:29:07 alton heartbeat: [825]: WARN: Logging daemon is disabled --enabling logging daemon is recommended
Jun  7 18:29:07 alton heartbeat: [825]: info: **************************
Jun  7 18:29:07 alton heartbeat: [825]: info: Configuration validated. Starting heartbeat 3.0.5
Jun  7 18:29:07 alton heartbeat: [826]: info: heartbeat: version 3.0.5
Jun  7 18:29:07 alton heartbeat: [826]: info: Heartbeat generation: 1463833099
Jun  7 18:29:07 alton heartbeat: [826]: info: glib: UDP Broadcast heartbeat started on port 694 (694) interface eth0
Jun  7 18:29:07 alton heartbeat: [826]: info: glib: UDP Broadcast heartbeat closed on port 694 interface eth0 - Status: 1
Jun  7 18:29:07 alton heartbeat: [826]: info: glib: ucast: write socket priority set to IPTOS_LOWDELAY on eth0
Jun  7 18:29:07 alton heartbeat: [826]: info: glib: ucast: bound send socket to device: eth0
Jun  7 18:29:07 alton heartbeat: [826]: info: glib: ucast: set SO_REUSEPORT(w)
Jun  7 18:29:07 alton heartbeat: [826]: info: glib: ucast: set SO_REUSEADDR
Jun  7 18:29:07 alton heartbeat: [826]: info: glib: ucast: bound receive socket to device: eth0
Jun  7 18:29:07 alton heartbeat: [826]: info: glib: ucast: set SO_REUSEPORT
Jun  7 18:29:07 alton heartbeat: [826]: info: glib: ucast: started on port 694 interface eth0 to 10.0.30.20
Jun  7 18:29:07 alton rsyslogd-2007: action 'action 19' suspended, next retry is Tue Jun  7 18:29:37 2016 [try http://www.rsyslog.com/e/2007 ]
Jun  7 18:29:07 alton heartbeat: [826]: info: Local status now set to: 'up'
Jun  7 18:29:07 alton heartbeat: [826]: info: Link alton:eth0 up.
Jun  7 18:29:09 alton heartbeat: [826]: info: Link tyrion:eth0 up.
Jun  7 18:29:09 alton heartbeat: [826]: info: Status update for node tyrion: status up
Jun  7 18:29:09 alton kernel: [    4.008189] random: nonblocking pool is initialized
Jun  7 18:29:09 alton harc(default)[852]: info: Running /etc/ha.d//rc.d/status status
Jun  7 18:29:09 alton heartbeat: [826]: info: Comm_now_up(): updating status to active
Jun  7 18:29:09 alton heartbeat: [826]: info: Local status now set to: 'active'
Jun  7 18:29:10 alton heartbeat: [826]: info: Status update for node tyrion: status active
Jun  7 18:29:10 alton harc(default)[870]: info: Running /etc/ha.d//rc.d/status status
Jun  7 18:29:20 alton heartbeat: [826]: info: remote resource transition completed.
Jun  7 18:29:20 alton heartbeat: [826]: info: remote resource transition completed.
Jun  7 18:29:20 alton heartbeat: [826]: info: Initial resource acquisition complete (T_RESOURCES(us))
Jun  7 18:29:20 alton /usr/lib/ocf/resource.d//heartbeat/IPaddr(IPaddr_10.0.30.15)[920]: INFO:  Resource is stopped
Jun  7 18:29:20 alton heartbeat: [885]: info: Local Resource acquisition completed.
Jun  7 18:29:20 alton harc(default)[960]: info: Running /etc/ha.d//rc.d/ip-request-resp ip-request-resp
Jun  7 18:29:20 alton ip-request-resp(default)[960]: received ip-request-resp IPaddr::10.0.30.15//8/eth0:10 OK yes
Jun  7 18:29:20 alton ResourceManager(default)[981]: info: Acquiring resource group: alton IPaddr::10.0.30.15//8/eth0:10 haproxy
Jun  7 18:29:20 alton /usr/lib/ocf/resource.d//heartbeat/IPaddr(IPaddr_10.0.30.15)[1008]: INFO:  Resource is stopped
Jun  7 18:29:20 alton ResourceManager(default)[981]: info: Running /etc/ha.d/resource.d/IPaddr 10.0.30.15//8/eth0:10 start
Jun  7 18:29:20 alton IPaddr(IPaddr_10.0.30.15)[1088]: INFO: Using calculated netmask for 10.0.30.15: 255.0.0.0
Jun  7 18:29:20 alton IPaddr(IPaddr_10.0.30.15)[1088]: INFO: eval ifconfig eth0:0 10.0.30.15 netmask 255.0.0.0 broadcast 10.255.255.255
Jun  7 18:29:20 alton /usr/lib/ocf/resource.d//heartbeat/IPaddr(IPaddr_10.0.30.15)[1064]: INFO:  Success
Jun  7 18:29:20 alton ResourceManager(default)[981]: info: Running /etc/init.d/haproxy  start
Jun  7 18:34:07 alton rsyslogd: [origin software="rsyslogd" swVersion="8.4.2" x-pid="448" x-info="http://www.rsyslog.com"] rsyslogd was HUPed
Jun  7 18:34:07 alton rsyslogd: [origin software="rsyslogd" swVersion="8.4.2" x-pid="448" x-info="http://www.rsyslog.com"] rsyslogd was HUPed
Jun  7 18:36:53 alton rsyslogd0: action 'action 19' resumed (module 'builtin:ompipe') [try http://www.rsyslog.com/e/0 ]
Jun  7 18:36:53 alton rsyslogd-2359: action 'action 19' resumed (module 'builtin:ompipe') [try http://www.rsyslog.com/e/2359 ]
Jun  8 00:46:59 alton heartbeat: [826]: info: Received shutdown notice from 'tyrion'.
Jun  8 00:46:59 alton heartbeat: [826]: info: Resources being acquired from tyrion.
Jun  8 00:46:59 alton heartbeat: [2598]: info: acquire local HA resources (standby).
Jun  8 00:46:59 alton ResourceManager(default)[2627]: info: Acquiring resource group: alton IPaddr::10.0.30.15//8/eth0:10 haproxy
Jun  8 00:46:59 alton /usr/lib/ocf/resource.d//heartbeat/IPaddr(IPaddr_10.0.30.15)[2669]: INFO:  Running OK
Jun  8 00:46:59 alton heartbeat: [2599]: info: Local Resource acquisition completed.
Jun  8 00:46:59 alton /usr/lib/ocf/resource.d//heartbeat/IPaddr(IPaddr_10.0.30.15)[2680]: INFO:  Running OK
Jun  8 00:46:59 alton heartbeat: [2598]: info: local HA resource acquisition completed (standby).
Jun  8 00:46:59 alton heartbeat: [826]: info: Standby resource acquisition done [all].
Jun  8 00:46:59 alton harc(default)[2777]: info: Running /etc/ha.d//rc.d/status status
Jun  8 00:46:59 alton mach_down(default)[2792]: info: /usr/share/heartbeat/mach_down: nice_failback: foreign resources acquired
Jun  8 00:46:59 alton mach_down(default)[2792]: info: mach_down takeover complete for node tyrion.
Jun  8 00:46:59 alton heartbeat: [826]: info: mach_down takeover complete.
Jun  8 00:47:02 alton rsyslogd: [origin software="rsyslogd" swVersion="8.4.2" x-pid="448" x-info="http://www.rsyslog.com"] exiting on signal 15.
Jun  8 12:37:52 alton rsyslogd: [origin software="rsyslogd" swVersion="8.4.2" x-pid="493" x-info="http://www.rsyslog.com"] start
Jun  8 12:37:52 alton kernel: [    0.000000] Initializing cgroup subsys cpuset
Jun  8 12:37:52 alton kernel: [    0.000000] Initializing cgroup subsys cpu
Jun  8 12:37:52 alton kernel: [    0.000000] Initializing cgroup subsys cpuacct
Jun  8 12:37:52 alton kernel: [    0.000000] Linux version 3.16.0-4-amd64 (debian-kernel@lists.debian.org) (gcc version 4.8.4 (Debian 4.8.4-1) ) #1 SMP Debian 3.16.7-ckt25-2 (2016-04-08)
Jun  8 12:37:52 alton kernel: [    0.000000] Command line: BOOT_IMAGE=/boot/vmlinuz-3.16.0-4-amd64 root=UUID=f0a04bc8-0b69-4c91-b95f-4ffa1fc804d2 ro initrd=/install/initrd.gz quiet
Jun  8 12:37:52 alton kernel: [    0.000000] e820: BIOS-provided physical RAM map:
Jun  8 12:37:52 alton kernel: [    0.000000] BIOS-e820: [mem 0x0000000000000000-0x000000000009fbff] usable
Jun  8 12:37:52 alton kernel: [    0.000000] BIOS-e820: [mem 0x000000000009fc00-0x000000000009ffff] reserved
Jun  8 12:37:52 alton kernel: [    0.000000] BIOS-e820: [mem 0x00000000000f0000-0x00000000000fffff] reserved
Jun  8 12:37:52 alton kernel: [    0.000000] BIOS-e820: [mem 0x0000000000100000-0x000000003ffdefff] usable
Jun  8 12:37:52 alton kernel: [    0.000000] BIOS-e820: [mem 0x000000003ffdf000-0x000000003fffffff] reserved
Jun  8 12:37:52 alton kernel: [    0.000000] BIOS-e820: [mem 0x00000000feffc000-0x00000000feffffff] reserved
Jun  8 12:37:52 alton kernel: [    0.000000] BIOS-e820: [mem 0x00000000fffc0000-0x00000000ffffffff] reserved
Jun  8 12:37:52 alton kernel: [    0.000000] NX (Execute Disable) protection: active
Jun  8 12:37:52 alton kernel: [    0.000000] SMBIOS 0.8 present.
Jun  8 12:37:52 alton kernel: [    0.000000] Hypervisor detected: KVM
Jun  8 12:37:52 alton kernel: [    0.000000] AGP: No AGP bridge found
Jun  8 12:37:52 alton kernel: [    0.000000] e820: last_pfn = 0x3ffdf max_arch_pfn = 0x400000000
Jun  8 12:37:52 alton kernel: [    0.000000] x86 PAT enabled: cpu 0, old 0x7040600070406, new 0x7010600070106
Jun  8 12:37:52 alton kernel: [    0.000000] found SMP MP-table at [mem 0x000f6490-0x000f649f] mapped at [ffff8800000f6490]
Jun  8 12:37:52 alton kernel: [    0.000000] init_memory_mapping: [mem 0x00000000-0x000fffff]
Jun  8 12:37:52 alton kernel: [    0.000000] init_memory_mapping: [mem 0x3fc00000-0x3fdfffff]
Jun  8 12:37:52 alton kernel: [    0.000000] init_memory_mapping: [mem 0x3c000000-0x3fbfffff]
Jun  8 12:37:52 alton kernel: [    0.000000] init_memory_mapping: [mem 0x00100000-0x3bffffff]
Jun  8 12:37:52 alton kernel: [    0.000000] init_memory_mapping: [mem 0x3fe00000-0x3ffdefff]
Jun  8 12:37:52 alton kernel: [    0.000000] RAMDISK: [mem 0x363e0000-0x371e7fff]
Jun  8 12:37:52 alton kernel: [    0.000000] ACPI: Early table checksum verification disabled
Jun  8 12:37:52 alton kernel: [    0.000000] ACPI: RSDP 0x00000000000F62A0 000014 (v00 BOCHS )
Jun  8 12:37:52 alton kernel: [    0.000000] ACPI: RSDT 0x000000003FFE2581 000034 (v01 BOCHS  BXPCRSDT 00000001 BXPC 00000001)
Jun  8 12:37:52 alton kernel: [    0.000000] ACPI: FACP 0x000000003FFE0BDA 000074 (v01 BOCHS  BXPCFACP 00000001 BXPC 00000001)
Jun  8 12:37:52 alton kernel: [    0.000000] ACPI: DSDT 0x000000003FFE0040 000B9A (v01 BOCHS  BXPCDSDT 00000001 BXPC 00000001)
Jun  8 12:37:52 alton kernel: [    0.000000] ACPI: FACS 0x000000003FFE0000 000040
Jun  8 12:37:52 alton kernel: [    0.000000] ACPI: SSDT 0x000000003FFE0C4E 00187B (v01 BOCHS  BXPCSSDT 00000001 BXPC 00000001)
Jun  8 12:37:52 alton kernel: [    0.000000] ACPI: APIC 0x000000003FFE24C9 000080 (v01 BOCHS  BXPCAPIC 00000001 BXPC 00000001)
Jun  8 12:37:52 alton kernel: [    0.000000] ACPI: HPET 0x000000003FFE2549 000038 (v01 BOCHS  BXPCHPET 00000001 BXPC 00000001)
Jun  8 12:37:52 alton kernel: [    0.000000] No NUMA configuration found
Jun  8 12:37:52 alton kernel: [    0.000000] Faking a node at [mem 0x0000000000000000-0x000000003ffdefff]
Jun  8 12:37:52 alton kernel: [    0.000000] Initmem setup node 0 [mem 0x00000000-0x3ffdefff]
Jun  8 12:37:52 alton kernel: [    0.000000]   NODE_DATA [mem 0x3ffda000-0x3ffdefff]
Jun  8 12:37:52 alton kernel: [    0.000000] kvm-clock: Using msrs 4b564d01 and 4b564d00
Jun  8 12:37:52 alton kernel: [    0.000000] kvm-clock: cpu 0, msr 0:3ffd2001, primary cpu clock
Jun  8 12:37:52 alton kernel: [    0.000000] Zone ranges:
Jun  8 12:37:52 alton kernel: [    0.000000]   DMA      [mem 0x00001000-0x00ffffff]
Jun  8 12:37:52 alton kernel: [    0.000000]   DMA32    [mem 0x01000000-0xffffffff]
Jun  8 12:37:52 alton kernel: [    0.000000]   Normal   empty
Jun  8 12:37:52 alton kernel: [    0.000000] Movable zone start for each node
Jun  8 12:37:52 alton kernel: [    0.000000] Early memory node ranges
Jun  8 12:37:52 alton kernel: [    0.000000]   node   0: [mem 0x00001000-0x0009efff]
Jun  8 12:37:52 alton kernel: [    0.000000]   node   0: [mem 0x00100000-0x3ffdefff]
Jun  8 12:37:52 alton kernel: [    0.000000] ACPI: PM-Timer IO Port: 0x608
Jun  8 12:37:52 alton kernel: [    0.000000] ACPI: LAPIC (acpi_id[0x00] lapic_id[0x00] enabled)
Jun  8 12:37:52 alton kernel: [    0.000000] ACPI: LAPIC (acpi_id[0x01] lapic_id[0x01] enabled)
Jun  8 12:37:52 alton kernel: [    0.000000] ACPI: LAPIC_NMI (acpi_id[0xff] dfl dfl lint[0x1])
Jun  8 12:37:52 alton kernel: [    0.000000] ACPI: IOAPIC (id[0x00] address[0xfec00000] gsi_base[0])
Jun  8 12:37:52 alton kernel: [    0.000000] IOAPIC[0]: apic_id 0, version 17, address 0xfec00000, GSI 0-23
Jun  8 12:37:52 alton kernel: [    0.000000] ACPI: INT_SRC_OVR (bus 0 bus_irq 0 global_irq 2 dfl dfl)
Jun  8 12:37:52 alton kernel: [    0.000000] ACPI: INT_SRC_OVR (bus 0 bus_irq 5 global_irq 5 high level)
Jun  8 12:37:52 alton kernel: [    0.000000] ACPI: INT_SRC_OVR (bus 0 bus_irq 9 global_irq 9 high level)
Jun  8 12:37:52 alton kernel: [    0.000000] ACPI: INT_SRC_OVR (bus 0 bus_irq 10 global_irq 10 high level)
Jun  8 12:37:52 alton kernel: [    0.000000] ACPI: INT_SRC_OVR (bus 0 bus_irq 11 global_irq 11 high level)
Jun  8 12:37:52 alton kernel: [    0.000000] Using ACPI (MADT) for SMP configuration information
Jun  8 12:37:52 alton kernel: [    0.000000] ACPI: HPET id: 0x8086a201 base: 0xfed00000
Jun  8 12:37:52 alton kernel: [    0.000000] smpboot: Allowing 2 CPUs, 0 hotplug CPUs
Jun  8 12:37:52 alton kernel: [    0.000000] PM: Registered nosave memory: [mem 0x0009f000-0x0009ffff]
Jun  8 12:37:52 alton kernel: [    0.000000] PM: Registered nosave memory: [mem 0x000a0000-0x000effff]
Jun  8 12:37:52 alton kernel: [    0.000000] PM: Registered nosave memory: [mem 0x000f0000-0x000fffff]
Jun  8 12:37:52 alton kernel: [    0.000000] e820: [mem 0x40000000-0xfeffbfff] available for PCI devices
Jun  8 12:37:52 alton kernel: [    0.000000] Booting paravirtualized kernel on KVM
Jun  8 12:37:52 alton kernel: [    0.000000] setup_percpu: NR_CPUS:512 nr_cpumask_bits:512 nr_cpu_ids:2 nr_node_ids:1
Jun  8 12:37:52 alton kernel: [    0.000000] PERCPU: Embedded 27 pages/cpu @ffff88003fc00000 s80896 r8192 d21504 u1048576
Jun  8 12:37:52 alton kernel: [    0.000000] KVM setup async PF for cpu 0
Jun  8 12:37:52 alton kernel: [    0.000000] kvm-stealtime: cpu 0, msr 3fc0d080
Jun  8 12:37:52 alton kernel: [    0.000000] Built 1 zonelists in Node order, mobility grouping on.  Total pages: 258408
Jun  8 12:37:52 alton kernel: [    0.000000] Policy zone: DMA32
Jun  8 12:37:52 alton kernel: [    0.000000] Kernel command line: BOOT_IMAGE=/boot/vmlinuz-3.16.0-4-amd64 root=UUID=f0a04bc8-0b69-4c91-b95f-4ffa1fc804d2 ro initrd=/install/initrd.gz quiet
Jun  8 12:37:52 alton kernel: [    0.000000] PID hash table entries: 4096 (order: 3, 32768 bytes)
Jun  8 12:37:52 alton kernel: [    0.000000] AGP: Checking aperture...
Jun  8 12:37:52 alton kernel: [    0.000000] AGP: No AGP bridge found
Jun  8 12:37:52 alton kernel: [    0.000000] Memory: 1007504K/1048052K available (5222K kernel code, 947K rwdata, 1836K rodata, 1204K init, 840K bss, 40548K reserved)
Jun  8 12:37:52 alton kernel: [    0.000000] Hierarchical RCU implementation.
Jun  8 12:37:52 alton kernel: [    0.000000] 	RCU dyntick-idle grace-period acceleration is enabled.
Jun  8 12:37:52 alton kernel: [    0.000000] 	RCU restricting CPUs from NR_CPUS=512 to nr_cpu_ids=2.
Jun  8 12:37:52 alton kernel: [    0.000000] RCU: Adjusting geometry for rcu_fanout_leaf=16, nr_cpu_ids=2
Jun  8 12:37:52 alton kernel: [    0.000000] NR_IRQS:33024 nr_irqs:512 16
Jun  8 12:37:52 alton kernel: [    0.000000] Console: colour VGA+ 80x25
Jun  8 12:37:52 alton kernel: [    0.000000] console [tty0] enabled
Jun  8 12:37:52 alton kernel: [    0.000000] tsc: Detected 3500.138 MHz processor
Jun  8 12:37:52 alton kernel: [    0.008000] Calibrating delay loop (skipped) preset value.. 7000.27 BogoMIPS (lpj=14000552)
Jun  8 12:37:52 alton kernel: [    0.008000] pid_max: default: 32768 minimum: 301
Jun  8 12:37:52 alton kernel: [    0.008000] ACPI: Core revision 20140424
Jun  8 12:37:52 alton kernel: [    0.008000] ACPI: All ACPI Tables successfully acquired
Jun  8 12:37:52 alton kernel: [    0.008000] Security Framework initialized
Jun  8 12:37:52 alton kernel: [    0.008000] AppArmor: AppArmor disabled by boot time parameter
Jun  8 12:37:52 alton kernel: [    0.008000] Yama: disabled by default; enable with sysctl kernel.yama.*
Jun  8 12:37:52 alton kernel: [    0.008000] Dentry cache hash table entries: 131072 (order: 8, 1048576 bytes)
Jun  8 12:37:52 alton kernel: [    0.008000] Inode-cache hash table entries: 65536 (order: 7, 524288 bytes)
Jun  8 12:37:52 alton kernel: [    0.008000] Mount-cache hash table entries: 2048 (order: 2, 16384 bytes)
Jun  8 12:37:52 alton kernel: [    0.008000] Mountpoint-cache hash table entries: 2048 (order: 2, 16384 bytes)
Jun  8 12:37:52 alton kernel: [    0.008000] Initializing cgroup subsys memory
Jun  8 12:37:52 alton kernel: [    0.008000] Initializing cgroup subsys devices
Jun  8 12:37:52 alton kernel: [    0.008000] Initializing cgroup subsys freezer
Jun  8 12:37:52 alton kernel: [    0.008000] Initializing cgroup subsys net_cls
