Jun 12 16:38:09 alton rsyslogd: [origin software="rsyslogd" swVersion="8.4.2" x-pid="495" x-info="http://www.rsyslog.com"] rsyslogd was HUPed
Jun 12 16:38:09 alton anacron[452]: Job `cron.daily' terminated
Jun 12 16:38:09 alton anacron[452]: Normal exit (1 job run)
Jun 12 16:39:04 alton rsyslogd0: action 'action 19' resumed (module 'builtin:ompipe') [try http://www.rsyslog.com/e/0 ]
Jun 12 16:39:04 alton rsyslogd-2359: action 'action 19' resumed (module 'builtin:ompipe') [try http://www.rsyslog.com/e/2359 ]
Jun 12 17:17:01 alton CRON[2533]: (root) CMD (   cd / && run-parts --report /etc/cron.hourly)
Jun 12 18:17:01 alton CRON[3992]: (root) CMD (   cd / && run-parts --report /etc/cron.hourly)
Jun 12 19:17:01 alton CRON[5453]: (root) CMD (   cd / && run-parts --report /etc/cron.hourly)
Jun 12 20:17:01 alton CRON[6912]: (root) CMD (   cd / && run-parts --report /etc/cron.hourly)
Jun 12 21:17:01 alton CRON[8371]: (root) CMD (   cd / && run-parts --report /etc/cron.hourly)
Jun 12 22:06:16 alton heartbeat: [887]: info: Link tyrion:eth0 up.
Jun 12 22:06:16 alton heartbeat: [887]: info: Status update for node tyrion: status init
Jun 12 22:06:16 alton heartbeat: [9571]: debug: notify_world: setting SIGCHLD Handler to SIG_DFL
Jun 12 22:06:16 alton heartbeat: [887]: info: Status update for node tyrion: status up
Jun 12 22:06:16 alton heartbeat: [887]: debug: StartNextRemoteRscReq(): child count 1
Jun 12 22:06:16 alton harc(default)[9571]: info: Running /etc/ha.d//rc.d/status status
Jun 12 22:06:16 alton heartbeat: [9587]: debug: notify_world: setting SIGCHLD Handler to SIG_DFL
Jun 12 22:06:16 alton harc(default)[9587]: info: Running /etc/ha.d//rc.d/status status
Jun 12 22:06:16 alton named[450]: client 10.0.30.20#14051: received notify for zone 'got'
Jun 12 22:06:16 alton named[450]: zone got/IN: refused notify from non-master: 10.0.30.20#14051
Jun 12 22:06:16 alton named[450]: client 10.0.30.20#14051: received notify for zone '10.in-addr.arpa'
Jun 12 22:06:16 alton named[450]: zone 10.in-addr.arpa/IN: refused notify from non-master: 10.0.30.20#14051
Jun 12 22:06:17 alton heartbeat: [887]: debug: get_delnodelist: delnodelist=
Jun 12 22:06:17 alton heartbeat: [887]: info: all clients are now paused
Jun 12 22:06:17 alton heartbeat: [887]: info: Status update for node tyrion: status active
Jun 12 22:06:17 alton heartbeat: [9602]: debug: notify_world: setting SIGCHLD Handler to SIG_DFL
Jun 12 22:06:17 alton harc(default)[9602]: info: Running /etc/ha.d//rc.d/status status
Jun 12 22:06:18 alton heartbeat: [887]: info: remote resource transition completed.
Jun 12 22:06:18 alton heartbeat: [887]: info: all clients are now resumed
Jun 12 22:07:01 alton named[450]: error (unexpected RCODE REFUSED) resolving '61.50.143.213.in-addr.arpa/PTR/IN': 85.62.229.137#53
Jun 12 22:07:01 alton named[450]: error (unexpected RCODE REFUSED) resolving '61.50.143.213.in-addr.arpa/PTR/IN': 85.62.233.129#53
Jun 12 22:07:02 alton named[450]: error (unexpected RCODE REFUSED) resolving '61.50.143.213.in-addr.arpa/PTR/IN': 85.62.229.137#53
Jun 12 22:07:02 alton rsyslogd-2007: action 'action 19' suspended, next retry is Sun Jun 12 22:07:32 2016 [try http://www.rsyslog.com/e/2007 ]
Jun 12 22:07:02 alton named[450]: error (unexpected RCODE REFUSED) resolving '61.50.143.213.in-addr.arpa/PTR/IN': 85.62.233.129#53
Jun 12 22:07:24 alton named[450]: error (unexpected RCODE REFUSED) resolving '61.50.143.213.in-addr.arpa/PTR/IN': 85.62.233.129#53
Jun 12 22:07:24 alton named[450]: error (unexpected RCODE REFUSED) resolving '61.50.143.213.in-addr.arpa/PTR/IN': 85.62.229.137#53
Jun 12 22:07:25 alton named[450]: error (unexpected RCODE REFUSED) resolving '61.50.143.213.in-addr.arpa/PTR/IN': 85.62.233.129#53
Jun 12 22:07:25 alton named[450]: error (unexpected RCODE REFUSED) resolving '61.50.143.213.in-addr.arpa/PTR/IN': 85.62.229.137#53
Jun 12 22:17:01 alton CRON[9877]: (root) CMD (   cd / && run-parts --report /etc/cron.hourly)
Jun 12 23:17:01 alton CRON[11336]: (root) CMD (   cd / && run-parts --report /etc/cron.hourly)
Jun 13 00:10:01 alton CRON[12626]: (root) CMD (/root/scripts/backups_daily.sh >/dev/null 2>&1)
Jun 13 00:17:01 alton CRON[12849]: (root) CMD (   cd / && run-parts --report /etc/cron.hourly)
Jun 13 01:17:01 alton CRON[14313]: (root) CMD (   cd / && run-parts --report /etc/cron.hourly)
Jun 13 01:30:09 alton heartbeat: [887]: info: Received shutdown notice from 'tyrion'.
Jun 13 01:30:09 alton heartbeat: [887]: info: Resources being acquired from tyrion.
Jun 13 01:30:09 alton heartbeat: [14630]: debug: notify_world: setting SIGCHLD Handler to SIG_DFL
Jun 13 01:30:09 alton harc(default)[14630]: info: Running /etc/ha.d//rc.d/status status
Jun 13 01:30:09 alton mach_down(default)[14660]: info: /usr/share/heartbeat/mach_down: nice_failback: foreign resources acquired
Jun 13 01:30:09 alton mach_down(default)[14660]: info: mach_down takeover complete for node tyrion.
Jun 13 01:30:09 alton heartbeat: [887]: info: mach_down takeover complete.
Jun 13 01:30:09 alton heartbeat: [887]: debug: StartNextRemoteRscReq(): child count 1
Jun 13 01:30:09 alton /usr/lib/ocf/resource.d//heartbeat/IPaddr(IPaddr_10.0.30.15)[14699]: INFO:  Running OK
Jun 13 01:30:09 alton heartbeat: [14631]: info: Local Resource acquisition completed.
Jun 13 01:30:13 alton heartbeat: [887]: WARN: node tyrion: is dead
Jun 13 01:30:13 alton heartbeat: [887]: info: Dead node tyrion gave up resources.
Jun 13 01:30:13 alton heartbeat: [887]: info: Link tyrion:eth0 dead.
Jun 13 01:30:13 alton rsyslogd: [origin software="rsyslogd" swVersion="8.4.2" x-pid="495" x-info="http://www.rsyslog.com"] exiting on signal 15.
Jun 13 10:56:54 alton rsyslogd: [origin software="rsyslogd" swVersion="8.4.2" x-pid="478" x-info="http://www.rsyslog.com"] start
Jun 13 10:56:54 alton rsyslogd-2307: warning: ~ action is deprecated, consider using the 'stop' statement instead [try http://www.rsyslog.com/e/2307 ]
Jun 13 10:56:54 alton keyboard-setup[175]: Setting preliminary keymap...done.
Jun 13 10:56:54 alton kbd[241]: Setting console screen modes.
Jun 13 10:56:54 alton kbd[241]: setterm: $TERM no estÃ¡ definido.
Jun 13 10:56:54 alton networking[254]: Configuring network interfaces...done.
Jun 13 10:56:54 alton rpcbind[400]: Starting rpcbind daemon....
Jun 13 10:56:54 alton console-setup[298]: Setting up console font and keymap...done.
Jun 13 10:56:54 alton rpc.statd[433]: Version 1.2.8 starting
Jun 13 10:56:54 alton sm-notify[434]: Version 1.2.8 starting
Jun 13 10:56:54 alton nfs-common[426]: Starting NFS common utilities: statd idmapd.
Jun 13 10:56:54 alton cron[453]: (CRON) INFO (pidfile fd = 3)
Jun 13 10:56:54 alton anacron[450]: Anacron 2.3 started on 2016-06-13
Jun 13 10:56:54 alton dbus[462]: [system] Successfully activated service 'org.freedesktop.systemd1'
Jun 13 10:56:54 alton named[448]: starting BIND 9.9.5-9+deb8u6-Debian -f -u bind
Jun 13 10:56:54 alton named[448]: built with '--prefix=/usr' '--mandir=/usr/share/man' '--infodir=/usr/share/info' '--sysconfdir=/etc/bind' '--localstatedir=/var' '--enable-threads' '--enable-largefile' '--with-libtool' '--enable-shared' '--enable-static' '--with-openssl=/usr' '--with-gssapi=/usr' '--with-gnu-ld' '--with-geoip=/usr' '--with-atf=no' '--enable-ipv6' '--enable-rrl' '--enable-filter-aaaa' 'CFLAGS=-fno-strict-aliasing -fno-delete-null-pointer-checks -DDIG_SIGCHASE -O2'
Jun 13 10:56:54 alton named[448]: ----------------------------------------------------
Jun 13 10:56:54 alton named[448]: BIND 9 is maintained by Internet Systems Consortium,
Jun 13 10:56:54 alton named[448]: Inc. (ISC), a non-profit 501(c)(3) public-benefit
Jun 13 10:56:54 alton named[448]: corporation.  Support and training for BIND 9 are
Jun 13 10:56:54 alton named[448]: available at https://www.isc.org/support
Jun 13 10:56:54 alton named[448]: ----------------------------------------------------
Jun 13 10:56:54 alton named[448]: adjusted limit on open files from 4096 to 1048576
Jun 13 10:56:54 alton named[448]: found 2 CPUs, using 2 worker threads
Jun 13 10:56:54 alton named[448]: using 2 UDP listeners per interface
Jun 13 10:56:54 alton named[448]: using up to 4096 sockets
Jun 13 10:56:54 alton named[448]: loading configuration from '/etc/bind/named.conf'
Jun 13 10:56:54 alton anacron[450]: Will run job `cron.daily' in 5 min.
Jun 13 10:56:54 alton anacron[450]: Jobs will be executed sequentially
Jun 13 10:56:54 alton irqbalance[461]: Starting SMP IRQ Balancer: irqbalance.
Jun 13 10:56:54 alton ntpd[495]: ntpd 4.2.6p5@1.2349-o Wed Oct 28 20:16:08 UTC 2015 (1)
Jun 13 10:56:54 alton ntp[460]: Starting NTP server: ntpd.
Jun 13 10:56:54 alton ntpd[496]: proto: precision = 0.148 usec
Jun 13 10:56:54 alton cron[453]: (CRON) INFO (Running @reboot jobs)
Jun 13 10:56:54 alton ntpd[496]: Listen and drop on 0 v4wildcard 0.0.0.0 UDP 123
Jun 13 10:56:54 alton ntpd[496]: Listen and drop on 1 v6wildcard :: UDP 123
Jun 13 10:56:54 alton ntpd[496]: Listen normally on 2 lo 127.0.0.1 UDP 123
Jun 13 10:56:54 alton ntpd[496]: Listen normally on 3 eth0 10.0.30.10 UDP 123
Jun 13 10:56:54 alton ntpd[496]: Listen normally on 4 lo ::1 UDP 123
Jun 13 10:56:54 alton ntpd[496]: peers refreshed
Jun 13 10:56:54 alton ntpd[496]: Listening on routing socket on fd #21 for interface updates
Jun 13 10:56:54 alton named[448]: reading built-in trusted keys from file '/etc/bind/bind.keys'
Jun 13 10:56:54 alton named[448]: using default UDP/IPv4 port range: [1024, 65535]
Jun 13 10:56:54 alton named[448]: using default UDP/IPv6 port range: [1024, 65535]
Jun 13 10:56:54 alton named[448]: listening on IPv4 interface lo, 127.0.0.1#53
Jun 13 10:56:54 alton named[448]: listening on IPv4 interface eth0, 10.0.30.10#53
Jun 13 10:56:54 alton named[448]: generating session key for dynamic DNS
Jun 13 10:56:54 alton named[448]: sizing zone task pool based on 7 zones
Jun 13 10:56:54 alton named[448]: using built-in root key for view _default
Jun 13 10:56:54 alton named[448]: set up managed keys zone for view _default, file 'managed-keys.bind'
Jun 13 10:56:54 alton named[448]: automatic empty zone: 16.172.IN-ADDR.ARPA
Jun 13 10:56:54 alton named[448]: automatic empty zone: 17.172.IN-ADDR.ARPA
Jun 13 10:56:54 alton named[448]: automatic empty zone: 18.172.IN-ADDR.ARPA
Jun 13 10:56:54 alton named[448]: automatic empty zone: 19.172.IN-ADDR.ARPA
Jun 13 10:56:54 alton named[448]: automatic empty zone: 20.172.IN-ADDR.ARPA
Jun 13 10:56:54 alton named[448]: automatic empty zone: 21.172.IN-ADDR.ARPA
Jun 13 10:56:54 alton named[448]: automatic empty zone: 22.172.IN-ADDR.ARPA
Jun 13 10:56:54 alton named[448]: automatic empty zone: 23.172.IN-ADDR.ARPA
Jun 13 10:56:54 alton named[448]: automatic empty zone: 24.172.IN-ADDR.ARPA
Jun 13 10:56:54 alton named[448]: automatic empty zone: 25.172.IN-ADDR.ARPA
Jun 13 10:56:54 alton named[448]: automatic empty zone: 26.172.IN-ADDR.ARPA
Jun 13 10:56:54 alton named[448]: automatic empty zone: 27.172.IN-ADDR.ARPA
Jun 13 10:56:54 alton named[448]: automatic empty zone: 28.172.IN-ADDR.ARPA
Jun 13 10:56:54 alton named[448]: automatic empty zone: 29.172.IN-ADDR.ARPA
Jun 13 10:56:54 alton named[448]: automatic empty zone: 30.172.IN-ADDR.ARPA
Jun 13 10:56:54 alton named[448]: automatic empty zone: 31.172.IN-ADDR.ARPA
Jun 13 10:56:54 alton named[448]: automatic empty zone: 168.192.IN-ADDR.ARPA
Jun 13 10:56:54 alton named[448]: automatic empty zone: 64.100.IN-ADDR.ARPA
Jun 13 10:56:54 alton named[448]: automatic empty zone: 65.100.IN-ADDR.ARPA
Jun 13 10:56:54 alton named[448]: automatic empty zone: 66.100.IN-ADDR.ARPA
Jun 13 10:56:54 alton named[448]: automatic empty zone: 67.100.IN-ADDR.ARPA
Jun 13 10:56:54 alton named[448]: automatic empty zone: 68.100.IN-ADDR.ARPA
Jun 13 10:56:54 alton named[448]: automatic empty zone: 69.100.IN-ADDR.ARPA
Jun 13 10:56:54 alton named[448]: automatic empty zone: 70.100.IN-ADDR.ARPA
Jun 13 10:56:54 alton named[448]: automatic empty zone: 71.100.IN-ADDR.ARPA
Jun 13 10:56:54 alton named[448]: automatic empty zone: 72.100.IN-ADDR.ARPA
Jun 13 10:56:54 alton named[448]: automatic empty zone: 73.100.IN-ADDR.ARPA
Jun 13 10:56:54 alton named[448]: automatic empty zone: 74.100.IN-ADDR.ARPA
Jun 13 10:56:54 alton named[448]: automatic empty zone: 75.100.IN-ADDR.ARPA
Jun 13 10:56:54 alton named[448]: automatic empty zone: 76.100.IN-ADDR.ARPA
Jun 13 10:56:54 alton named[448]: automatic empty zone: 77.100.IN-ADDR.ARPA
Jun 13 10:56:54 alton named[448]: automatic empty zone: 78.100.IN-ADDR.ARPA
Jun 13 10:56:54 alton named[448]: automatic empty zone: 79.100.IN-ADDR.ARPA
Jun 13 10:56:54 alton named[448]: automatic empty zone: 80.100.IN-ADDR.ARPA
Jun 13 10:56:54 alton named[448]: automatic empty zone: 81.100.IN-ADDR.ARPA
Jun 13 10:56:54 alton named[448]: automatic empty zone: 82.100.IN-ADDR.ARPA
Jun 13 10:56:54 alton named[448]: automatic empty zone: 83.100.IN-ADDR.ARPA
Jun 13 10:56:54 alton named[448]: automatic empty zone: 84.100.IN-ADDR.ARPA
Jun 13 10:56:54 alton named[448]: automatic empty zone: 85.100.IN-ADDR.ARPA
Jun 13 10:56:54 alton named[448]: automatic empty zone: 86.100.IN-ADDR.ARPA
Jun 13 10:56:54 alton named[448]: automatic empty zone: 87.100.IN-ADDR.ARPA
Jun 13 10:56:54 alton named[448]: automatic empty zone: 88.100.IN-ADDR.ARPA
Jun 13 10:56:54 alton named[448]: automatic empty zone: 89.100.IN-ADDR.ARPA
Jun 13 10:56:54 alton named[448]: automatic empty zone: 90.100.IN-ADDR.ARPA
Jun 13 10:56:54 alton named[448]: automatic empty zone: 91.100.IN-ADDR.ARPA
Jun 13 10:56:54 alton named[448]: automatic empty zone: 92.100.IN-ADDR.ARPA
Jun 13 10:56:54 alton named[448]: automatic empty zone: 93.100.IN-ADDR.ARPA
Jun 13 10:56:54 alton named[448]: automatic empty zone: 94.100.IN-ADDR.ARPA
Jun 13 10:56:54 alton named[448]: automatic empty zone: 95.100.IN-ADDR.ARPA
Jun 13 10:56:54 alton named[448]: automatic empty zone: 96.100.IN-ADDR.ARPA
Jun 13 10:56:54 alton named[448]: automatic empty zone: 97.100.IN-ADDR.ARPA
Jun 13 10:56:54 alton logd[458]: Starting ha_logd: ok
Jun 13 10:56:54 alton named[448]: automatic empty zone: 98.100.IN-ADDR.ARPA
Jun 13 10:56:54 alton named[448]: automatic empty zone: 99.100.IN-ADDR.ARPA
Jun 13 10:56:54 alton named[448]: automatic empty zone: 100.100.IN-ADDR.ARPA
Jun 13 10:56:54 alton named[448]: automatic empty zone: 101.100.IN-ADDR.ARPA
Jun 13 10:56:54 alton named[448]: automatic empty zone: 102.100.IN-ADDR.ARPA
Jun 13 10:56:54 alton named[448]: automatic empty zone: 103.100.IN-ADDR.ARPA
Jun 13 10:56:54 alton named[448]: automatic empty zone: 104.100.IN-ADDR.ARPA
Jun 13 10:56:54 alton named[448]: automatic empty zone: 105.100.IN-ADDR.ARPA
Jun 13 10:56:54 alton named[448]: automatic empty zone: 106.100.IN-ADDR.ARPA
Jun 13 10:56:54 alton named[448]: automatic empty zone: 107.100.IN-ADDR.ARPA
Jun 13 10:56:54 alton named[448]: automatic empty zone: 108.100.IN-ADDR.ARPA
Jun 13 10:56:54 alton named[448]: automatic empty zone: 109.100.IN-ADDR.ARPA
Jun 13 10:56:54 alton named[448]: automatic empty zone: 110.100.IN-ADDR.ARPA
Jun 13 10:56:54 alton named[448]: automatic empty zone: 111.100.IN-ADDR.ARPA
Jun 13 10:56:54 alton named[448]: automatic empty zone: 112.100.IN-ADDR.ARPA
Jun 13 10:56:54 alton named[448]: automatic empty zone: 113.100.IN-ADDR.ARPA
Jun 13 10:56:54 alton named[448]: automatic empty zone: 114.100.IN-ADDR.ARPA
Jun 13 10:56:54 alton named[448]: automatic empty zone: 115.100.IN-ADDR.ARPA
Jun 13 10:56:54 alton named[448]: automatic empty zone: 116.100.IN-ADDR.ARPA
Jun 13 10:56:54 alton named[448]: automatic empty zone: 117.100.IN-ADDR.ARPA
Jun 13 10:56:54 alton named[448]: automatic empty zone: 118.100.IN-ADDR.ARPA
Jun 13 10:56:54 alton named[448]: automatic empty zone: 119.100.IN-ADDR.ARPA
Jun 13 10:56:54 alton named[448]: automatic empty zone: 120.100.IN-ADDR.ARPA
Jun 13 10:56:54 alton named[448]: automatic empty zone: 121.100.IN-ADDR.ARPA
Jun 13 10:56:54 alton named[448]: automatic empty zone: 122.100.IN-ADDR.ARPA
Jun 13 10:56:54 alton named[448]: automatic empty zone: 123.100.IN-ADDR.ARPA
Jun 13 10:56:54 alton named[448]: automatic empty zone: 124.100.IN-ADDR.ARPA
Jun 13 10:56:54 alton named[448]: automatic empty zone: 125.100.IN-ADDR.ARPA
Jun 13 10:56:54 alton named[448]: automatic empty zone: 126.100.IN-ADDR.ARPA
Jun 13 10:56:54 alton named[448]: automatic empty zone: 127.100.IN-ADDR.ARPA
Jun 13 10:56:54 alton named[448]: automatic empty zone: 254.169.IN-ADDR.ARPA
Jun 13 10:56:54 alton named[448]: automatic empty zone: 2.0.192.IN-ADDR.ARPA
Jun 13 10:56:54 alton named[448]: automatic empty zone: 100.51.198.IN-ADDR.ARPA
Jun 13 10:56:54 alton named[448]: automatic empty zone: 113.0.203.IN-ADDR.ARPA
Jun 13 10:56:54 alton named[448]: automatic empty zone: 255.255.255.255.IN-ADDR.ARPA
Jun 13 10:56:54 alton named[448]: automatic empty zone: 0.0.0.0.0.0.0.0.0.0.0.0.0.0.0.0.0.0.0.0.0.0.0.0.0.0.0.0.0.0.0.0.IP6.ARPA
Jun 13 10:56:54 alton named[448]: automatic empty zone: 1.0.0.0.0.0.0.0.0.0.0.0.0.0.0.0.0.0.0.0.0.0.0.0.0.0.0.0.0.0.0.0.IP6.ARPA
Jun 13 10:56:54 alton named[448]: automatic empty zone: D.F.IP6.ARPA
Jun 13 10:56:54 alton named[448]: automatic empty zone: 8.E.F.IP6.ARPA
Jun 13 10:56:54 alton openhpid[459]: Starting openhpid: success.
Jun 13 10:56:54 alton named[448]: automatic empty zone: 9.E.F.IP6.ARPA
Jun 13 10:56:54 alton named[448]: automatic empty zone: A.E.F.IP6.ARPA
Jun 13 10:56:54 alton named[448]: automatic empty zone: B.E.F.IP6.ARPA
Jun 13 10:56:54 alton named[448]: automatic empty zone: 8.B.D.0.1.0.0.2.IP6.ARPA
Jun 13 10:56:54 alton named[448]: command channel listening on 127.0.0.1#953
Jun 13 10:56:54 alton named[448]: command channel listening on ::1#953
Jun 13 10:56:54 alton logd: [512]: info: logd started with /etc/logd.cf.
Jun 13 10:56:54 alton logd: [512]: WARN: Core dumps could be lost if multiple dumps occur.
Jun 13 10:56:54 alton logd: [512]: WARN: Consider setting non-default value in /proc/sys/kernel/core_pattern (or equivalent) for maximum supportability
Jun 13 10:56:54 alton logd: [512]: WARN: Consider setting /proc/sys/kernel/core_uses_pid (or equivalent) to 1 for maximum supportability
Jun 13 10:56:54 alton named[448]: managed-keys-zone: journal file is out of date: removing journal file
Jun 13 10:56:54 alton named[448]: managed-keys-zone: loaded serial 4
Jun 13 10:56:54 alton named[448]: zone 0.in-addr.arpa/IN: loaded serial 1
Jun 13 10:56:54 alton openhpid: ERROR: (init.c, 76, OpenHPI is not configured.  See openhpi.conf file.)
Jun 13 10:56:54 alton openhpid: ERROR: (openhpid.cpp, 270, There was an error initializing OpenHPI)
Jun 13 10:56:54 alton named[448]: zone 255.in-addr.arpa/IN: loaded serial 1
Jun 13 10:56:54 alton systemd[1]: openhpid.service: main process exited, code=exited, status=8/n/a
Jun 13 10:56:54 alton openhpid[540]: Stopping openhpid: success.
Jun 13 10:56:54 alton named[448]: zone 127.in-addr.arpa/IN: loaded serial 1
Jun 13 10:56:54 alton named[448]: zone got/IN: loaded serial 96
Jun 13 10:56:54 alton systemd[1]: Unit openhpid.service entered failed state.
Jun 13 10:56:54 alton kernel: [    0.000000] Initializing cgroup subsys cpuset
Jun 13 10:56:54 alton kernel: [    0.000000] Initializing cgroup subsys cpu
Jun 13 10:56:54 alton kernel: [    0.000000] Initializing cgroup subsys cpuacct
Jun 13 10:56:54 alton kernel: [    0.000000] Linux version 3.16.0-4-amd64 (debian-kernel@lists.debian.org) (gcc version 4.8.4 (Debian 4.8.4-1) ) #1 SMP Debian 3.16.7-ckt25-2 (2016-04-08)
Jun 13 10:56:54 alton kernel: [    0.000000] Command line: BOOT_IMAGE=/boot/vmlinuz-3.16.0-4-amd64 root=UUID=f0a04bc8-0b69-4c91-b95f-4ffa1fc804d2 ro initrd=/install/initrd.gz quiet
Jun 13 10:56:54 alton kernel: [    0.000000] e820: BIOS-provided physical RAM map:
Jun 13 10:56:54 alton kernel: [    0.000000] BIOS-e820: [mem 0x0000000000000000-0x000000000009fbff] usable
Jun 13 10:56:54 alton kernel: [    0.000000] BIOS-e820: [mem 0x000000000009fc00-0x000000000009ffff] reserved
Jun 13 10:56:54 alton kernel: [    0.000000] BIOS-e820: [mem 0x00000000000f0000-0x00000000000fffff] reserved
Jun 13 10:56:54 alton kernel: [    0.000000] BIOS-e820: [mem 0x0000000000100000-0x000000003ffdefff] usable
Jun 13 10:56:54 alton kernel: [    0.000000] BIOS-e820: [mem 0x000000003ffdf000-0x000000003fffffff] reserved
Jun 13 10:56:54 alton kernel: [    0.000000] BIOS-e820: [mem 0x00000000feffc000-0x00000000feffffff] reserved
Jun 13 10:56:54 alton kernel: [    0.000000] BIOS-e820: [mem 0x00000000fffc0000-0x00000000ffffffff] reserved
Jun 13 10:56:54 alton kernel: [    0.000000] NX (Execute Disable) protection: active
Jun 13 10:56:54 alton kernel: [    0.000000] SMBIOS 0.8 present.
Jun 13 10:56:54 alton kernel: [    0.000000] DMI: QEMU Standard PC (i440FX + PIIX, 1996), BIOS rel-1.8.2-0-g33fbe13 by qemu-project.org 04/01/2014
Jun 13 10:56:54 alton kernel: [    0.000000] Hypervisor detected: KVM
Jun 13 10:56:54 alton kernel: [    0.000000] e820: update [mem 0x00000000-0x00000fff] usable ==> reserved
Jun 13 10:56:54 alton kernel: [    0.000000] e820: remove [mem 0x000a0000-0x000fffff] usable
Jun 13 10:56:54 alton kernel: [    0.000000] AGP: No AGP bridge found
Jun 13 10:56:54 alton kernel: [    0.000000] e820: last_pfn = 0x3ffdf max_arch_pfn = 0x400000000
Jun 13 10:56:54 alton kernel: [    0.000000] MTRR default type: write-back
Jun 13 10:56:54 alton kernel: [    0.000000] MTRR fixed ranges enabled:
Jun 13 10:56:54 alton kernel: [    0.000000]   00000-9FFFF write-back
Jun 13 10:56:54 alton kernel: [    0.000000]   A0000-BFFFF uncachable
Jun 13 10:56:54 alton kernel: [    0.000000]   C0000-FFFFF write-protect
Jun 13 10:56:54 alton kernel: [    0.000000] MTRR variable ranges enabled:
Jun 13 10:56:54 alton kernel: [    0.000000]   0 base 0080000000 mask FF80000000 uncachable
Jun 13 10:56:54 alton kernel: [    0.000000]   1 disabled
Jun 13 10:56:54 alton kernel: [    0.000000]   2 disabled
Jun 13 10:56:54 alton kernel: [    0.000000]   3 disabled
Jun 13 10:56:54 alton kernel: [    0.000000]   4 disabled
Jun 13 10:56:54 alton kernel: [    0.000000]   5 disabled
Jun 13 10:56:54 alton kernel: [    0.000000]   6 disabled
Jun 13 10:56:54 alton kernel: [    0.000000]   7 disabled
Jun 13 10:56:54 alton kernel: [    0.000000] x86 PAT enabled: cpu 0, old 0x7040600070406, new 0x7010600070106
Jun 13 10:56:54 alton kernel: [    0.000000] found SMP MP-table at [mem 0x000f6490-0x000f649f] mapped at [ffff8800000f6490]
Jun 13 10:56:54 alton kernel: [    0.000000] Base memory trampoline at [ffff880000099000] 99000 size 24576
Jun 13 10:56:54 alton kernel: [    0.000000] init_memory_mapping: [mem 0x00000000-0x000fffff]
Jun 13 10:56:54 alton kernel: [    0.000000]  [mem 0x00000000-0x000fffff] page 4k
Jun 13 10:56:54 alton kernel: [    0.000000] BRK [0x01af4000, 0x01af4fff] PGTABLE
Jun 13 10:56:54 alton kernel: [    0.000000] BRK [0x01af5000, 0x01af5fff] PGTABLE
Jun 13 10:56:54 alton kernel: [    0.000000] BRK [0x01af6000, 0x01af6fff] PGTABLE
Jun 13 10:56:54 alton kernel: [    0.000000] init_memory_mapping: [mem 0x3fc00000-0x3fdfffff]
Jun 13 10:56:54 alton kernel: [    0.000000]  [mem 0x3fc00000-0x3fdfffff] page 2M
Jun 13 10:56:54 alton kernel: [    0.000000] init_memory_mapping: [mem 0x3c000000-0x3fbfffff]
Jun 13 10:56:54 alton kernel: [    0.000000]  [mem 0x3c000000-0x3fbfffff] page 2M
Jun 13 10:56:54 alton kernel: [    0.000000] init_memory_mapping: [mem 0x00100000-0x3bffffff]
Jun 13 10:56:54 alton kernel: [    0.000000]  [mem 0x00100000-0x001fffff] page 4k
Jun 13 10:56:54 alton kernel: [    0.000000]  [mem 0x00200000-0x3bffffff] page 2M
Jun 13 10:56:54 alton kernel: [    0.000000] init_memory_mapping: [mem 0x3fe00000-0x3ffdefff]
Jun 13 10:56:54 alton kernel: [    0.000000]  [mem 0x3fe00000-0x3ffdefff] page 4k
Jun 13 10:56:54 alton kernel: [    0.000000] BRK [0x01af7000, 0x01af7fff] PGTABLE
Jun 13 10:56:54 alton kernel: [    0.000000] RAMDISK: [mem 0x363e0000-0x371e7fff]
Jun 13 10:56:54 alton kernel: [    0.000000] ACPI: Early table checksum verification disabled
Jun 13 10:56:54 alton kernel: [    0.000000] ACPI: RSDP 0x00000000000F62A0 000014 (v00 BOCHS )
Jun 13 10:56:54 alton kernel: [    0.000000] ACPI: RSDT 0x000000003FFE2581 000034 (v01 BOCHS  BXPCRSDT 00000001 BXPC 00000001)
Jun 13 10:56:54 alton kernel: [    0.000000] ACPI: FACP 0x000000003FFE0BDA 000074 (v01 BOCHS  BXPCFACP 00000001 BXPC 00000001)
Jun 13 10:56:54 alton kernel: [    0.000000] ACPI: DSDT 0x000000003FFE0040 000B9A (v01 BOCHS  BXPCDSDT 00000001 BXPC 00000001)
Jun 13 10:56:54 alton kernel: [    0.000000] ACPI: FACS 0x000000003FFE0000 000040
Jun 13 10:56:54 alton kernel: [    0.000000] ACPI: SSDT 0x000000003FFE0C4E 00187B (v01 BOCHS  BXPCSSDT 00000001 BXPC 00000001)
Jun 13 10:56:54 alton kernel: [    0.000000] ACPI: APIC 0x000000003FFE24C9 000080 (v01 BOCHS  BXPCAPIC 00000001 BXPC 00000001)
Jun 13 10:56:54 alton kernel: [    0.000000] ACPI: HPET 0x000000003FFE2549 000038 (v01 BOCHS  BXPCHPET 00000001 BXPC 00000001)
Jun 13 10:56:54 alton kernel: [    0.000000] ACPI: Local APIC address 0xfee00000
Jun 13 10:56:54 alton kernel: [    0.000000] No NUMA configuration found
Jun 13 10:56:54 alton kernel: [    0.000000] Faking a node at [mem 0x0000000000000000-0x000000003ffdefff]
Jun 13 10:56:54 alton kernel: [    0.000000] Initmem setup node 0 [mem 0x00000000-0x3ffdefff]
Jun 13 10:56:54 alton kernel: [    0.000000]   NODE_DATA [mem 0x3ffda000-0x3ffdefff]
Jun 13 10:56:54 alton kernel: [    0.000000] kvm-clock: Using msrs 4b564d01 and 4b564d00
Jun 13 10:56:54 alton kernel: [    0.000000] kvm-clock: cpu 0, msr 0:3ffd2001, primary cpu clock
Jun 13 10:56:54 alton kernel: [    0.000000]  [ffffea0000000000-ffffea0000dfffff] PMD -> [ffff88003e600000-ffff88003f3fffff] on node 0
Jun 13 10:56:54 alton kernel: [    0.000000] Zone ranges:
Jun 13 10:56:54 alton kernel: [    0.000000]   DMA      [mem 0x00001000-0x00ffffff]
Jun 13 10:56:54 alton kernel: [    0.000000]   DMA32    [mem 0x01000000-0xffffffff]
Jun 13 10:56:54 alton kernel: [    0.000000]   Normal   empty
Jun 13 10:56:54 alton kernel: [    0.000000] Movable zone start for each node
Jun 13 10:56:54 alton kernel: [    0.000000] Early memory node ranges
Jun 13 10:56:54 alton kernel: [    0.000000]   node   0: [mem 0x00001000-0x0009efff]
Jun 13 10:56:54 alton kernel: [    0.000000]   node   0: [mem 0x00100000-0x3ffdefff]
Jun 13 10:56:54 alton kernel: [    0.000000] On node 0 totalpages: 262013
Jun 13 10:56:54 alton kernel: [    0.000000]   DMA zone: 56 pages used for memmap
Jun 13 10:56:54 alton kernel: [    0.000000]   DMA zone: 21 pages reserved
Jun 13 10:56:54 alton kernel: [    0.000000]   DMA zone: 3998 pages, LIFO batch:0
Jun 13 10:56:54 alton kernel: [    0.000000]   DMA32 zone: 3528 pages used for memmap
Jun 13 10:56:54 alton kernel: [    0.000000]   DMA32 zone: 258015 pages, LIFO batch:31
Jun 13 10:56:54 alton kernel: [    0.000000] ACPI: PM-Timer IO Port: 0x608
Jun 13 10:56:54 alton kernel: [    0.000000] ACPI: Local APIC address 0xfee00000
Jun 13 10:56:54 alton kernel: [    0.000000] ACPI: LAPIC (acpi_id[0x00] lapic_id[0x00] enabled)
Jun 13 10:56:54 alton kernel: [    0.000000] ACPI: LAPIC (acpi_id[0x01] lapic_id[0x01] enabled)
Jun 13 10:56:54 alton kernel: [    0.000000] ACPI: LAPIC_NMI (acpi_id[0xff] dfl dfl lint[0x1])
Jun 13 10:56:54 alton kernel: [    0.000000] ACPI: IOAPIC (id[0x00] address[0xfec00000] gsi_base[0])
Jun 13 10:56:54 alton kernel: [    0.000000] IOAPIC[0]: apic_id 0, version 17, address 0xfec00000, GSI 0-23
Jun 13 10:56:54 alton kernel: [    0.000000] ACPI: INT_SRC_OVR (bus 0 bus_irq 0 global_irq 2 dfl dfl)
Jun 13 10:56:54 alton kernel: [    0.000000] ACPI: INT_SRC_OVR (bus 0 bus_irq 5 global_irq 5 high level)
Jun 13 10:56:54 alton kernel: [    0.000000] ACPI: INT_SRC_OVR (bus 0 bus_irq 9 global_irq 9 high level)
Jun 13 10:56:54 alton kernel: [    0.000000] ACPI: INT_SRC_OVR (bus 0 bus_irq 10 global_irq 10 high level)
Jun 13 10:56:54 alton kernel: [    0.000000] ACPI: INT_SRC_OVR (bus 0 bus_irq 11 global_irq 11 high level)
Jun 13 10:56:54 alton kernel: [    0.000000] ACPI: IRQ0 used by override.
Jun 13 10:56:54 alton kernel: [    0.000000] ACPI: IRQ2 used by override.
Jun 13 10:56:54 alton kernel: [    0.000000] ACPI: IRQ5 used by override.
Jun 13 10:56:54 alton kernel: [    0.000000] ACPI: IRQ9 used by override.
Jun 13 10:56:54 alton kernel: [    0.000000] ACPI: IRQ10 used by override.
Jun 13 10:56:54 alton kernel: [    0.000000] ACPI: IRQ11 used by override.
Jun 13 10:56:54 alton kernel: [    0.000000] Using ACPI (MADT) for SMP configuration information
Jun 13 10:56:54 alton kernel: [    0.000000] ACPI: HPET id: 0x8086a201 base: 0xfed00000
Jun 13 10:56:54 alton kernel: [    0.000000] smpboot: Allowing 2 CPUs, 0 hotplug CPUs
Jun 13 10:56:54 alton kernel: [    0.000000] nr_irqs_gsi: 40
Jun 13 10:56:54 alton kernel: [    0.000000] PM: Registered nosave memory: [mem 0x0009f000-0x0009ffff]
Jun 13 10:56:54 alton kernel: [    0.000000] PM: Registered nosave memory: [mem 0x000a0000-0x000effff]
Jun 13 10:56:54 alton kernel: [    0.000000] PM: Registered nosave memory: [mem 0x000f0000-0x000fffff]
Jun 13 10:56:54 alton kernel: [    0.000000] e820: [mem 0x40000000-0xfeffbfff] available for PCI devices
Jun 13 10:56:54 alton kernel: [    0.000000] Booting paravirtualized kernel on KVM
Jun 13 10:56:54 alton kernel: [    0.000000] setup_percpu: NR_CPUS:512 nr_cpumask_bits:512 nr_cpu_ids:2 nr_node_ids:1
Jun 13 10:56:54 alton kernel: [    0.000000] PERCPU: Embedded 27 pages/cpu @ffff88003fc00000 s80896 r8192 d21504 u1048576
Jun 13 10:56:54 alton kernel: [    0.000000] pcpu-alloc: s80896 r8192 d21504 u1048576 alloc=1*2097152
Jun 13 10:56:54 alton kernel: [    0.000000] pcpu-alloc: [0] 0 1 
Jun 13 10:56:54 alton kernel: [    0.000000] KVM setup async PF for cpu 0
Jun 13 10:56:54 alton kernel: [    0.000000] kvm-stealtime: cpu 0, msr 3fc0d080
Jun 13 10:56:54 alton kernel: [    0.000000] Built 1 zonelists in Node order, mobility grouping on.  Total pages: 258408
Jun 13 10:56:54 alton kernel: [    0.000000] Policy zone: DMA32
Jun 13 10:56:54 alton kernel: [    0.000000] Kernel command line: BOOT_IMAGE=/boot/vmlinuz-3.16.0-4-amd64 root=UUID=f0a04bc8-0b69-4c91-b95f-4ffa1fc804d2 ro initrd=/install/initrd.gz quiet
Jun 13 10:56:54 alton kernel: [    0.000000] PID hash table entries: 4096 (order: 3, 32768 bytes)
Jun 13 10:56:54 alton kernel: [    0.000000] AGP: Checking aperture...
Jun 13 10:56:54 alton kernel: [    0.000000] AGP: No AGP bridge found
Jun 13 10:56:54 alton kernel: [    0.000000] Calgary: detecting Calgary via BIOS EBDA area
Jun 13 10:56:54 alton kernel: [    0.000000] Calgary: Unable to locate Rio Grande table in EBDA - bailing!
Jun 13 10:56:54 alton kernel: [    0.000000] Memory: 1007504K/1048052K available (5222K kernel code, 947K rwdata, 1836K rodata, 1204K init, 840K bss, 40548K reserved)
Jun 13 10:56:54 alton kernel: [    0.000000] Hierarchical RCU implementation.
Jun 13 10:56:54 alton kernel: [    0.000000] 	RCU dyntick-idle grace-period acceleration is enabled.
Jun 13 10:56:54 alton kernel: [    0.000000] 	RCU restricting CPUs from NR_CPUS=512 to nr_cpu_ids=2.
Jun 13 10:56:54 alton kernel: [    0.000000] RCU: Adjusting geometry for rcu_fanout_leaf=16, nr_cpu_ids=2
Jun 13 10:56:54 alton kernel: [    0.000000] NR_IRQS:33024 nr_irqs:512 16
Jun 13 10:56:54 alton kernel: [    0.000000] Console: colour VGA+ 80x25
Jun 13 10:56:54 alton kernel: [    0.000000] console [tty0] enabled
Jun 13 10:56:54 alton kernel: [    0.000000] hpet clockevent registered
Jun 13 10:56:54 alton kernel: [    0.000000] tsc: Detected 3500.132 MHz processor
Jun 13 10:56:54 alton kernel: [    0.008000] Calibrating delay loop (skipped) preset value.. 7000.26 BogoMIPS (lpj=14000528)
Jun 13 10:56:54 alton kernel: [    0.008000] pid_max: default: 32768 minimum: 301
Jun 13 10:56:54 alton kernel: [    0.008000] ACPI: Core revision 20140424
Jun 13 10:56:54 alton kernel: [    0.008000] ACPI: All ACPI Tables successfully acquired
Jun 13 10:56:54 alton kernel: [    0.008000] Security Framework initialized
Jun 13 10:56:54 alton kernel: [    0.008000] AppArmor: AppArmor disabled by boot time parameter
Jun 13 10:56:54 alton kernel: [    0.008000] Yama: disabled by default; enable with sysctl kernel.yama.*
Jun 13 10:56:54 alton kernel: [    0.008000] Dentry cache hash table entries: 131072 (order: 8, 1048576 bytes)
Jun 13 10:56:54 alton kernel: [    0.008000] Inode-cache hash table entries: 65536 (order: 7, 524288 bytes)
Jun 13 10:56:54 alton kernel: [    0.008000] Mount-cache hash table entries: 2048 (order: 2, 16384 bytes)
Jun 13 10:56:54 alton kernel: [    0.008000] Mountpoint-cache hash table entries: 2048 (order: 2, 16384 bytes)
Jun 13 10:56:54 alton kernel: [    0.008000] Initializing cgroup subsys memory
Jun 13 10:56:54 alton kernel: [    0.008000] Initializing cgroup subsys devices
Jun 13 10:56:54 alton kernel: [    0.008000] Initializing cgroup subsys freezer
Jun 13 10:56:54 alton kernel: [    0.008000] Initializing cgroup subsys net_cls
Jun 13 10:56:54 alton kernel: [    0.008000] Initializing cgroup subsys blkio
Jun 13 10:56:54 alton kernel: [    0.008000] Initializing cgroup subsys perf_event
Jun 13 10:56:54 alton kernel: [    0.008000] Initializing cgroup subsys net_prio
Jun 13 10:56:54 alton kernel: [    0.008000] CPU: Physical Processor ID: 0
Jun 13 10:56:54 alton kernel: [    0.008000] CPU: Processor Core ID: 0
Jun 13 10:56:54 alton kernel: [    0.008000] mce: CPU supports 10 MCE banks
Jun 13 10:56:54 alton kernel: [    0.008000] Last level iTLB entries: 4KB 0, 2MB 0, 4MB 0
Jun 13 10:56:54 alton kernel: [    0.008000] Last level dTLB entries: 4KB 0, 2MB 0, 4MB 0, 1GB 0
Jun 13 10:56:54 alton kernel: [    0.008000] tlb_flushall_shift: 6
Jun 13 10:56:54 alton kernel: [    0.008000] Freeing SMP alternatives memory: 20K (ffffffff81a1b000 - ffffffff81a20000)
Jun 13 10:56:54 alton kernel: [    0.008000] ftrace: allocating 21683 entries in 85 pages
Jun 13 10:56:54 alton kernel: [    0.016088] Enabling x2apic
Jun 13 10:56:54 alton kernel: [    0.016092] Enabled x2apic
Jun 13 10:56:54 alton kernel: [    0.016210] Switched APIC routing to physical x2apic.
Jun 13 10:56:54 alton kernel: [    0.016823] ..TIMER: vector=0x30 apic1=0 pin1=2 apic2=-1 pin2=-1
Jun 13 10:56:54 alton kernel: [    0.016824] smpboot: CPU0: Intel Common KVM processor (fam: 0f, model: 06, stepping: 01)
Jun 13 10:56:54 alton kernel: [    0.020000] APIC calibration not consistent with PM-Timer: 120ms instead of 100ms
Jun 13 10:56:54 alton kernel: [    0.020000] APIC delta adjusted to PM-Timer: 6250025 (7500139)
Jun 13 10:56:54 alton kernel: [    0.020000] Performance Events: unsupported Netburst CPU model 6 no PMU driver, software events only.
Jun 13 10:56:54 alton kernel: [    0.020000] x86: Booting SMP configuration:
Jun 13 10:56:54 alton kernel: [    0.020000] .... node  #0, CPUs:      #1
Jun 13 10:56:54 alton kernel: [    0.008000] kvm-clock: cpu 1, msr 0:3ffd2041, secondary cpu clock
Jun 13 10:56:54 alton kernel: [    0.028082] NMI watchdog: disabled (cpu0): hardware events not enabled
Jun 13 10:56:54 alton kernel: [    0.030107] x86: Booted up 1 node, 2 CPUs
Jun 13 10:56:54 alton kernel: [    0.030108] smpboot: Total of 2 processors activated (14000.52 BogoMIPS)
Jun 13 10:56:54 alton kernel: [    0.030097] KVM setup async PF for cpu 1
Jun 13 10:56:54 alton kernel: [    0.030097] kvm-stealtime: cpu 1, msr 3fd0d080
Jun 13 10:56:54 alton kernel: [    0.040048] devtmpfs: initialized
Jun 13 10:56:54 alton kernel: [    0.041762] pinctrl core: initialized pinctrl subsystem
Jun 13 10:56:54 alton kernel: [    0.041762] NET: Registered protocol family 16
Jun 13 10:56:54 alton kernel: [    0.041762] cpuidle: using governor ladder
Jun 13 10:56:54 alton kernel: [    0.041762] cpuidle: using governor menu
Jun 13 10:56:54 alton kernel: [    0.041762] ACPI: bus type PCI registered
Jun 13 10:56:54 alton kernel: [    0.041762] acpiphp: ACPI Hot Plug PCI Controller Driver version: 0.5
Jun 13 10:56:54 alton kernel: [    0.041762] PCI: Using configuration type 1 for base access
Jun 13 10:56:54 alton kernel: [    0.072018] ACPI: Added _OSI(Module Device)
Jun 13 10:56:54 alton kernel: [    0.072020] ACPI: Added _OSI(Processor Device)
Jun 13 10:56:54 alton kernel: [    0.072021] ACPI: Added _OSI(3.0 _SCP Extensions)
Jun 13 10:56:54 alton kernel: [    0.072022] ACPI: Added _OSI(Processor Aggregator Device)
Jun 13 10:56:54 alton kernel: [    0.073186] ACPI: Interpreter enabled
Jun 13 10:56:54 alton kernel: [    0.073189] ACPI Exception: AE_NOT_FOUND, While evaluating Sleep State [\_S1_] (20140424/hwxface-580)
Jun 13 10:56:54 alton kernel: [    0.073191] ACPI Exception: AE_NOT_FOUND, While evaluating Sleep State [\_S2_] (20140424/hwxface-580)
Jun 13 10:56:54 alton kernel: [    0.073197] ACPI: (supports S0 S3 S4 S5)
Jun 13 10:56:54 alton kernel: [    0.073198] ACPI: Using IOAPIC for interrupt routing
Jun 13 10:56:54 alton kernel: [    0.073207] PCI: Using host bridge windows from ACPI; if necessary, use "pci=nocrs" and report a bug
Jun 13 10:56:54 alton kernel: [    0.076330] ACPI: PCI Root Bridge [PCI0] (domain 0000 [bus 00-ff])
Jun 13 10:56:54 alton kernel: [    0.076333] acpi PNP0A03:00: _OSC: OS supports [ASPM ClockPM Segments MSI]
Jun 13 10:56:54 alton kernel: [    0.076336] acpi PNP0A03:00: _OSC failed (AE_NOT_FOUND); disabling ASPM
Jun 13 10:56:54 alton kernel: [    0.076347] acpi PNP0A03:00: fail to add MMCONFIG information, can't access extended PCI configuration space under this bridge.
Jun 13 10:56:54 alton kernel: [    0.076499] acpiphp: Slot [3] registered
Jun 13 10:56:54 alton kernel: [    0.076510] acpiphp: Slot [4] registered
Jun 13 10:56:54 alton kernel: [    0.076518] acpiphp: Slot [5] registered
Jun 13 10:56:54 alton kernel: [    0.076527] acpiphp: Slot [6] registered
Jun 13 10:56:54 alton kernel: [    0.076535] acpiphp: Slot [7] registered
Jun 13 10:56:54 alton kernel: [    0.076544] acpiphp: Slot [8] registered
Jun 13 10:56:54 alton kernel: [    0.076553] acpiphp: Slot [9] registered
Jun 13 10:56:54 alton kernel: [    0.076563] acpiphp: Slot [10] registered
Jun 13 10:56:54 alton kernel: [    0.076582] acpiphp: Slot [11] registered
Jun 13 10:56:54 alton kernel: [    0.076591] acpiphp: Slot [12] registered
Jun 13 10:56:54 alton kernel: [    0.076600] acpiphp: Slot [13] registered
Jun 13 10:56:54 alton kernel: [    0.076608] acpiphp: Slot [14] registered
Jun 13 10:56:54 alton kernel: [    0.076617] acpiphp: Slot [15] registered
Jun 13 10:56:54 alton kernel: [    0.076626] acpiphp: Slot [16] registered
Jun 13 10:56:54 alton kernel: [    0.076638] acpiphp: Slot [17] registered
Jun 13 10:56:54 alton kernel: [    0.076648] acpiphp: Slot [18] registered
Jun 13 10:56:54 alton kernel: [    0.076656] acpiphp: Slot [19] registered
Jun 13 10:56:54 alton kernel: [    0.076665] acpiphp: Slot [20] registered
Jun 13 10:56:54 alton kernel: [    0.076673] acpiphp: Slot [21] registered
Jun 13 10:56:54 alton kernel: [    0.076682] acpiphp: Slot [22] registered
Jun 13 10:56:54 alton kernel: [    0.076692] acpiphp: Slot [23] registered
Jun 13 10:56:54 alton kernel: [    0.076701] acpiphp: Slot [24] registered
Jun 13 10:56:54 alton kernel: [    0.076712] acpiphp: Slot [25] registered
Jun 13 10:56:54 alton kernel: [    0.076721] acpiphp: Slot [26] registered
Jun 13 10:56:54 alton kernel: [    0.076730] acpiphp: Slot [27] registered
Jun 13 10:56:54 alton kernel: [    0.076738] acpiphp: Slot [28] registered
Jun 13 10:56:54 alton kernel: [    0.076749] acpiphp: Slot [29] registered
Jun 13 10:56:54 alton kernel: [    0.076764] PCI host bridge to bus 0000:00
Jun 13 10:56:54 alton kernel: [    0.076766] pci_bus 0000:00: root bus resource [bus 00-ff]
Jun 13 10:56:54 alton kernel: [    0.076767] pci_bus 0000:00: root bus resource [io  0x0000-0x0cf7]
Jun 13 10:56:54 alton kernel: [    0.076768] pci_bus 0000:00: root bus resource [io  0x0d00-0xffff]
Jun 13 10:56:54 alton kernel: [    0.076769] pci_bus 0000:00: root bus resource [mem 0x000a0000-0x000bffff]
Jun 13 10:56:54 alton kernel: [    0.076770] pci_bus 0000:00: root bus resource [mem 0x40000000-0xfebfffff]
Jun 13 10:56:54 alton kernel: [    0.076786] pci 0000:00:00.0: [8086:1237] type 00 class 0x060000
Jun 13 10:56:54 alton kernel: [    0.076950] pci 0000:00:01.0: [8086:7000] type 00 class 0x060100
Jun 13 10:56:54 alton kernel: [    0.077188] pci 0000:00:01.1: [8086:7010] type 00 class 0x010180
Jun 13 10:56:54 alton kernel: [    0.079952] pci 0000:00:01.1: reg 0x20: [io  0xe0a0-0xe0af]
Jun 13 10:56:54 alton kernel: [    0.081432] pci 0000:00:01.1: legacy IDE quirk: reg 0x10: [io  0x01f0-0x01f7]
Jun 13 10:56:54 alton kernel: [    0.081433] pci 0000:00:01.1: legacy IDE quirk: reg 0x14: [io  0x03f6]
Jun 13 10:56:54 alton kernel: [    0.081434] pci 0000:00:01.1: legacy IDE quirk: reg 0x18: [io  0x0170-0x0177]
Jun 13 10:56:54 alton kernel: [    0.081435] pci 0000:00:01.1: legacy IDE quirk: reg 0x1c: [io  0x0376]
Jun 13 10:56:54 alton kernel: [    0.081526] pci 0000:00:01.2: [8086:7020] type 00 class 0x0c0300
Jun 13 10:56:54 alton kernel: [    0.085006] pci 0000:00:01.2: reg 0x20: [io  0xe040-0xe05f]
Jun 13 10:56:54 alton kernel: [    0.086191] pci 0000:00:01.3: [8086:7113] type 00 class 0x068000
Jun 13 10:56:54 alton kernel: [    0.086343] pci 0000:00:01.3: quirk: [io  0x0600-0x063f] claimed by PIIX4 ACPI
Jun 13 10:56:54 alton kernel: [    0.086348] pci 0000:00:01.3: quirk: [io  0x0700-0x070f] claimed by PIIX4 SMB
Jun 13 10:56:54 alton kernel: [    0.086452] pci 0000:00:02.0: [1013:00b8] type 00 class 0x030000
Jun 13 10:56:54 alton kernel: [    0.088611] pci 0000:00:02.0: reg 0x10: [mem 0xfc000000-0xfdffffff pref]
Jun 13 10:56:54 alton kernel: [    0.089768] pci 0000:00:02.0: reg 0x14: [mem 0xfea70000-0xfea70fff]
Jun 13 10:56:54 alton kernel: [    0.096033] pci 0000:00:02.0: reg 0x30: [mem 0xfea60000-0xfea6ffff pref]
Jun 13 10:56:54 alton kernel: [    0.096278] pci 0000:00:03.0: [1af4:1002] type 00 class 0x00ff00
Jun 13 10:56:54 alton kernel: [    0.100281] pci 0000:00:03.0: reg 0x10: [io  0xe060-0xe07f]
Jun 13 10:56:54 alton kernel: [    0.105389] pci 0000:00:07.0: [8086:2922] type 00 class 0x010601
Jun 13 10:56:54 alton kernel: [    0.116006] pci 0000:00:07.0: reg 0x20: [io  0xe080-0xe09f]
Jun 13 10:56:54 alton kernel: [    0.116971] pci 0000:00:07.0: reg 0x24: [mem 0xfea71000-0xfea71fff]
Jun 13 10:56:54 alton kernel: [    0.118122] pci 0000:00:12.0: [8086:100e] type 00 class 0x020000
Jun 13 10:56:54 alton kernel: [    0.119059] pci 0000:00:12.0: reg 0x10: [mem 0xfea40000-0xfea5ffff]
Jun 13 10:56:54 alton kernel: [    0.120003] pci 0000:00:12.0: reg 0x14: [io  0xe000-0xe03f]
Jun 13 10:56:54 alton kernel: [    0.128006] pci 0000:00:12.0: reg 0x30: [mem 0xfea00000-0xfea3ffff pref]
Jun 13 10:56:54 alton kernel: [    0.128181] pci 0000:00:1e.0: [1b36:0001] type 01 class 0x060400
Jun 13 10:56:54 alton kernel: [    0.132003] pci 0000:00:1e.0: reg 0x10: [mem 0xfea72000-0xfea720ff 64bit]
Jun 13 10:56:54 alton kernel: [    0.133226] pci 0000:00:1f.0: [1b36:0001] type 01 class 0x060400
Jun 13 10:56:54 alton kernel: [    0.134231] pci 0000:00:1f.0: reg 0x10: [mem 0xfea73000-0xfea730ff 64bit]
Jun 13 10:56:54 alton kernel: [    0.136051] acpiphp: Slot [0] registered
Jun 13 10:56:54 alton kernel: [    0.136064] acpiphp: Slot [1] registered
Jun 13 10:56:54 alton kernel: [    0.136073] acpiphp: Slot [2] registered
Jun 13 10:56:54 alton kernel: [    0.136085] acpiphp: Slot [3-2] registered
Jun 13 10:56:54 alton kernel: [    0.136098] acpiphp: Slot [4-2] registered
Jun 13 10:56:54 alton kernel: [    0.136110] acpiphp: Slot [5-2] registered
Jun 13 10:56:54 alton kernel: [    0.136121] acpiphp: Slot [6-2] registered
Jun 13 10:56:54 alton kernel: [    0.136133] acpiphp: Slot [7-2] registered
Jun 13 10:56:54 alton kernel: [    0.136143] acpiphp: Slot [8-2] registered
Jun 13 10:56:54 alton kernel: [    0.136155] acpiphp: Slot [9-2] registered
Jun 13 10:56:54 alton kernel: [    0.136166] acpiphp: Slot [10-2] registered
Jun 13 10:56:54 alton kernel: [    0.136180] acpiphp: Slot [11-2] registered
Jun 13 10:56:54 alton kernel: [    0.136191] acpiphp: Slot [12-2] registered
Jun 13 10:56:54 alton kernel: [    0.136204] acpiphp: Slot [13-2] registered
Jun 13 10:56:54 alton kernel: [    0.136215] acpiphp: Slot [14-2] registered
Jun 13 10:56:54 alton kernel: [    0.136225] acpiphp: Slot [15-2] registered
Jun 13 10:56:54 alton kernel: [    0.136236] acpiphp: Slot [16-2] registered
Jun 13 10:56:54 alton kernel: [    0.136248] acpiphp: Slot [17-2] registered
Jun 13 10:56:54 alton kernel: [    0.136260] acpiphp: Slot [18-2] registered
Jun 13 10:56:54 alton kernel: [    0.136272] acpiphp: Slot [19-2] registered
Jun 13 10:56:54 alton kernel: [    0.136282] acpiphp: Slot [20-2] registered
Jun 13 10:56:54 alton kernel: [    0.136296] acpiphp: Slot [21-2] registered
Jun 13 10:56:54 alton kernel: [    0.136307] acpiphp: Slot [22-2] registered
Jun 13 10:56:54 alton kernel: [    0.136318] acpiphp: Slot [23-2] registered
Jun 13 10:56:54 alton kernel: [    0.136330] acpiphp: Slot [24-2] registered
Jun 13 10:56:54 alton kernel: [    0.136346] acpiphp: Slot [25-2] registered
Jun 13 10:56:54 alton kernel: [    0.136357] acpiphp: Slot [26-2] registered
Jun 13 10:56:54 alton kernel: [    0.136367] acpiphp: Slot [27-2] registered
Jun 13 10:56:54 alton kernel: [    0.136378] acpiphp: Slot [28-2] registered
Jun 13 10:56:54 alton kernel: [    0.136388] acpiphp: Slot [29-2] registered
Jun 13 10:56:54 alton kernel: [    0.136399] acpiphp: Slot [30] registered
Jun 13 10:56:54 alton kernel: [    0.136408] acpiphp: Slot [31] registered
Jun 13 10:56:54 alton kernel: [    0.136512] pci 0000:00:1e.0: PCI bridge to [bus 01]
Jun 13 10:56:54 alton kernel: [    0.136520] pci 0000:00:1e.0:   bridge window [io  0xd000-0xdfff]
Jun 13 10:56:54 alton kernel: [    0.136527] pci 0000:00:1e.0:   bridge window [mem 0xfe800000-0xfe9fffff]
Jun 13 10:56:54 alton kernel: [    0.136539] pci 0000:00:1e.0:   bridge window [mem 0xfe200000-0xfe3fffff 64bit pref]
Jun 13 10:56:54 alton kernel: [    0.137313] acpiphp: Slot [0-2] registered
Jun 13 10:56:54 alton kernel: [    0.137325] acpiphp: Slot [1-2] registered
Jun 13 10:56:54 alton kernel: [    0.137338] acpiphp: Slot [2-2] registered
Jun 13 10:56:54 alton kernel: [    0.137350] acpiphp: Slot [3-3] registered
Jun 13 10:56:54 alton kernel: [    0.137361] acpiphp: Slot [4-3] registered
Jun 13 10:56:54 alton kernel: [    0.137372] acpiphp: Slot [5-3] registered
Jun 13 10:56:54 alton kernel: [    0.137384] acpiphp: Slot [6-3] registered
Jun 13 10:56:54 alton kernel: [    0.137395] acpiphp: Slot [7-3] registered
Jun 13 10:56:54 alton kernel: [    0.137406] acpiphp: Slot [8-3] registered
Jun 13 10:56:54 alton kernel: [    0.137420] acpiphp: Slot [9-3] registered
Jun 13 10:56:54 alton kernel: [    0.137432] acpiphp: Slot [10-3] registered
Jun 13 10:56:54 alton kernel: [    0.137443] acpiphp: Slot [11-3] registered
Jun 13 10:56:54 alton kernel: [    0.137454] acpiphp: Slot [12-3] registered
Jun 13 10:56:54 alton kernel: [    0.137464] acpiphp: Slot [13-3] registered
Jun 13 10:56:54 alton kernel: [    0.137476] acpiphp: Slot [14-3] registered
Jun 13 10:56:54 alton kernel: [    0.137489] acpiphp: Slot [15-3] registered
Jun 13 10:56:54 alton kernel: [    0.137500] acpiphp: Slot [16-3] registered
Jun 13 10:56:54 alton kernel: [    0.137511] acpiphp: Slot [17-3] registered
Jun 13 10:56:54 alton kernel: [    0.137521] acpiphp: Slot [18-3] registered
Jun 13 10:56:54 alton kernel: [    0.137532] acpiphp: Slot [19-3] registered
Jun 13 10:56:54 alton kernel: [    0.137545] acpiphp: Slot [20-3] registered
Jun 13 10:56:54 alton kernel: [    0.137557] acpiphp: Slot [21-3] registered
Jun 13 10:56:54 alton kernel: [    0.137571] acpiphp: Slot [22-3] registered
Jun 13 10:56:54 alton kernel: [    0.137583] acpiphp: Slot [23-3] registered
Jun 13 10:56:54 alton kernel: [    0.137593] acpiphp: Slot [24-3] registered
Jun 13 10:56:54 alton kernel: [    0.137604] acpiphp: Slot [25-3] registered
Jun 13 10:56:54 alton kernel: [    0.137616] acpiphp: Slot [26-3] registered
Jun 13 10:56:54 alton kernel: [    0.137627] acpiphp: Slot [27-3] registered
Jun 13 10:56:54 alton kernel: [    0.137640] acpiphp: Slot [28-3] registered
Jun 13 10:56:54 alton kernel: [    0.137652] acpiphp: Slot [29-3] registered
Jun 13 10:56:54 alton kernel: [    0.137664] acpiphp: Slot [30-2] registered
Jun 13 10:56:54 alton kernel: [    0.137675] acpiphp: Slot [31-2] registered
Jun 13 10:56:54 alton kernel: [    0.137776] pci 0000:00:1f.0: PCI bridge to [bus 02]
Jun 13 10:56:54 alton kernel: [    0.137783] pci 0000:00:1f.0:   bridge window [io  0xc000-0xcfff]
Jun 13 10:56:54 alton kernel: [    0.137790] pci 0000:00:1f.0:   bridge window [mem 0xfe600000-0xfe7fffff]
Jun 13 10:56:54 alton kernel: [    0.137803] pci 0000:00:1f.0:   bridge window [mem 0xfe000000-0xfe1fffff 64bit pref]
Jun 13 10:56:54 alton kernel: [    0.139283] ACPI: PCI Interrupt Link [LNKA] (IRQs 5 *10 11)
Jun 13 10:56:54 alton kernel: [    0.139333] ACPI: PCI Interrupt Link [LNKB] (IRQs 5 *10 11)
Jun 13 10:56:54 alton kernel: [    0.139371] ACPI: PCI Interrupt Link [LNKC] (IRQs 5 10 *11)
Jun 13 10:56:54 alton kernel: [    0.139408] ACPI: PCI Interrupt Link [LNKD] (IRQs 5 10 *11)
Jun 13 10:56:54 alton kernel: [    0.139428] ACPI: PCI Interrupt Link [LNKS] (IRQs *9)
Jun 13 10:56:54 alton kernel: [    0.139603] ACPI: Enabled 16 GPEs in block 00 to 0F
Jun 13 10:56:54 alton kernel: [    0.139745] vgaarb: setting as boot device: PCI:0000:00:02.0
Jun 13 10:56:54 alton kernel: [    0.139745] vgaarb: device added: PCI:0000:00:02.0,decodes=io+mem,owns=io+mem,locks=none
Jun 13 10:56:54 alton kernel: [    0.139745] vgaarb: loaded
Jun 13 10:56:54 alton kernel: [    0.139745] vgaarb: bridge control possible 0000:00:02.0
Jun 13 10:56:54 alton kernel: [    0.139745] PCI: Using ACPI for IRQ routing
Jun 13 10:56:54 alton kernel: [    0.139745] PCI: pci_cache_line_size set to 64 bytes
Jun 13 10:56:54 alton kernel: [    0.139745] e820: reserve RAM buffer [mem 0x0009fc00-0x0009ffff]
Jun 13 10:56:54 alton kernel: [    0.139745] e820: reserve RAM buffer [mem 0x3ffdf000-0x3fffffff]
Jun 13 10:56:54 alton kernel: [    0.140143] HPET: 3 timers in total, 0 timers will be used for per-cpu timer
Jun 13 10:56:54 alton kernel: [    0.140153] hpet0: at MMIO 0xfed00000, IRQs 2, 8, 0
Jun 13 10:56:54 alton kernel: [    0.140154] hpet0: 3 comparators, 64-bit 100.000000 MHz counter
Jun 13 10:56:54 alton kernel: [    0.155572] Switched to clocksource kvm-clock
Jun 13 10:56:54 alton kernel: [    0.168271] pnp: PnP ACPI init
Jun 13 10:56:54 alton kernel: [    0.168279] ACPI: bus type PNP registered
Jun 13 10:56:54 alton kernel: [    0.168332] pnp 00:00: Plug and Play ACPI device, IDs PNP0b00 (active)
Jun 13 10:56:54 alton kernel: [    0.168368] pnp 00:01: Plug and Play ACPI device, IDs PNP0303 (active)
Jun 13 10:56:54 alton kernel: [    0.168392] pnp 00:02: Plug and Play ACPI device, IDs PNP0f13 (active)
Jun 13 10:56:54 alton kernel: [    0.168414] pnp 00:03: [dma 2]
Jun 13 10:56:54 alton kernel: [    0.168423] pnp 00:03: Plug and Play ACPI device, IDs PNP0700 (active)
Jun 13 10:56:54 alton kernel: [    0.168588] pnp: PnP ACPI: found 4 devices
Jun 13 10:56:54 alton kernel: [    0.168588] ACPI: bus type PNP unregistered
Jun 13 10:56:54 alton kernel: [    0.189697] pci 0000:00:1e.0: PCI bridge to [bus 01]
Jun 13 10:56:54 alton kernel: [    0.189705] pci 0000:00:1e.0:   bridge window [io  0xd000-0xdfff]
Jun 13 10:56:54 alton kernel: [    0.190460] pci 0000:00:1e.0:   bridge window [mem 0xfe800000-0xfe9fffff]
Jun 13 10:56:54 alton kernel: [    0.190999] pci 0000:00:1e.0:   bridge window [mem 0xfe200000-0xfe3fffff 64bit pref]
Jun 13 10:56:54 alton kernel: [    0.192050] pci 0000:00:1f.0: PCI bridge to [bus 02]
Jun 13 10:56:54 alton kernel: [    0.192058] pci 0000:00:1f.0:   bridge window [io  0xc000-0xcfff]
Jun 13 10:56:54 alton kernel: [    0.192771] pci 0000:00:1f.0:   bridge window [mem 0xfe600000-0xfe7fffff]
Jun 13 10:56:54 alton kernel: [    0.193257] pci 0000:00:1f.0:   bridge window [mem 0xfe000000-0xfe1fffff 64bit pref]
Jun 13 10:56:54 alton kernel: [    0.194252] pci_bus 0000:00: resource 4 [io  0x0000-0x0cf7]
Jun 13 10:56:54 alton kernel: [    0.194253] pci_bus 0000:00: resource 5 [io  0x0d00-0xffff]
Jun 13 10:56:54 alton kernel: [    0.194254] pci_bus 0000:00: resource 6 [mem 0x000a0000-0x000bffff]
Jun 13 10:56:54 alton kernel: [    0.194255] pci_bus 0000:00: resource 7 [mem 0x40000000-0xfebfffff]
Jun 13 10:56:54 alton kernel: [    0.194256] pci_bus 0000:01: resource 0 [io  0xd000-0xdfff]
Jun 13 10:56:54 alton kernel: [    0.194257] pci_bus 0000:01: resource 1 [mem 0xfe800000-0xfe9fffff]
Jun 13 10:56:54 alton kernel: [    0.194258] pci_bus 0000:01: resource 2 [mem 0xfe200000-0xfe3fffff 64bit pref]
Jun 13 10:56:54 alton kernel: [    0.194259] pci_bus 0000:02: resource 0 [io  0xc000-0xcfff]
Jun 13 10:56:54 alton kernel: [    0.194260] pci_bus 0000:02: resource 1 [mem 0xfe600000-0xfe7fffff]
Jun 13 10:56:54 alton kernel: [    0.194260] pci_bus 0000:02: resource 2 [mem 0xfe000000-0xfe1fffff 64bit pref]
Jun 13 10:56:54 alton kernel: [    0.194351] NET: Registered protocol family 2
Jun 13 10:56:54 alton kernel: [    0.194552] TCP established hash table entries: 8192 (order: 4, 65536 bytes)
Jun 13 10:56:54 alton kernel: [    0.194580] TCP bind hash table entries: 8192 (order: 5, 131072 bytes)
Jun 13 10:56:54 alton kernel: [    0.194618] TCP: Hash tables configured (established 8192 bind 8192)
Jun 13 10:56:54 alton kernel: [    0.194668] TCP: reno registered
Jun 13 10:56:54 alton kernel: [    0.194670] UDP hash table entries: 512 (order: 2, 16384 bytes)
Jun 13 10:56:54 alton kernel: [    0.194677] UDP-Lite hash table entries: 512 (order: 2, 16384 bytes)
Jun 13 10:56:54 alton kernel: [    0.194724] NET: Registered protocol family 1
Jun 13 10:56:54 alton kernel: [    0.194739] pci 0000:00:00.0: Limiting direct PCI/PCI transfers
Jun 13 10:56:54 alton kernel: [    0.194749] pci 0000:00:01.0: PIIX3: Enabling Passive Release
Jun 13 10:56:54 alton kernel: [    0.194758] pci 0000:00:01.0: Activating ISA DMA hang workarounds
Jun 13 10:56:54 alton kernel: [    0.246105] ACPI: PCI Interrupt Link [LNKD] enabled at IRQ 11
Jun 13 10:56:54 alton kernel: [    0.272100] pci 0000:00:02.0: Video device with shadowed ROM
Jun 13 10:56:54 alton kernel: [    0.272124] PCI: CLS 0 bytes, default 64
Jun 13 10:56:54 alton kernel: [    0.272184] Unpacking initramfs...
Jun 13 10:56:54 alton kernel: [    0.480924] Freeing initrd memory: 14368K (ffff8800363e0000 - ffff8800371e8000)
Jun 13 10:56:54 alton kernel: [    0.481138] microcode: CPU0 sig=0xf61, pf=0x1, revision=0x1
Jun 13 10:56:54 alton kernel: [    0.481156] microcode: CPU1 sig=0xf61, pf=0x1, revision=0x1
Jun 13 10:56:54 alton kernel: [    0.481211] microcode: Microcode Update Driver: v2.00 <tigran@aivazian.fsnet.co.uk>, Peter Oruba
Jun 13 10:56:54 alton kernel: [    0.481392] futex hash table entries: 512 (order: 3, 32768 bytes)
Jun 13 10:56:54 alton kernel: [    0.481429] audit: initializing netlink subsys (disabled)
Jun 13 10:56:54 alton kernel: [    0.481449] audit: type=2000 audit(1465808210.461:1): initialized
Jun 13 10:56:54 alton kernel: [    0.482529] HugeTLB registered 2 MB page size, pre-allocated 0 pages
Jun 13 10:56:54 alton kernel: [    0.482546] zbud: loaded
Jun 13 10:56:54 alton kernel: [    0.482691] VFS: Disk quotas dquot_6.5.2
Jun 13 10:56:54 alton kernel: [    0.482706] Dquot-cache hash table entries: 512 (order 0, 4096 bytes)
Jun 13 10:56:54 alton kernel: [    0.482747] msgmni has been set to 1995
Jun 13 10:56:54 alton kernel: [    0.482976] alg: No test for stdrng (krng)
Jun 13 10:56:54 alton kernel: [    0.482991] Block layer SCSI generic (bsg) driver version 0.4 loaded (major 252)
Jun 13 10:56:54 alton kernel: [    0.483026] io scheduler noop registered
Jun 13 10:56:54 alton kernel: [    0.483028] io scheduler deadline registered
Jun 13 10:56:54 alton kernel: [    0.483051] io scheduler cfq registered (default)
Jun 13 10:56:54 alton kernel: [    0.483114] pci_hotplug: PCI Hot Plug PCI Core version: 0.5
Jun 13 10:56:54 alton kernel: [    0.483122] pciehp: PCI Express Hot Plug Controller Driver version: 0.4
Jun 13 10:56:54 alton kernel: [    0.483155] GHES: HEST is not enabled!
Jun 13 10:56:54 alton kernel: [    0.483193] Serial: 8250/16550 driver, 4 ports, IRQ sharing enabled
Jun 13 10:56:54 alton kernel: [    0.483436] Linux agpgart interface v0.103
Jun 13 10:56:54 alton kernel: [    0.483519] i8042: PNP: PS/2 Controller [PNP0303:KBD,PNP0f13:MOU] at 0x60,0x64 irq 1,12
Jun 13 10:56:54 alton kernel: [    0.483918] serio: i8042 KBD port at 0x60,0x64 irq 1
Jun 13 10:56:54 alton kernel: [    0.483921] serio: i8042 AUX port at 0x60,0x64 irq 12
Jun 13 10:56:54 alton kernel: [    0.483992] mousedev: PS/2 mouse device common for all mice
Jun 13 10:56:54 alton kernel: [    0.484043] rtc_cmos 00:00: RTC can wake from S4
Jun 13 10:56:54 alton kernel: [    0.484188] rtc_cmos 00:00: rtc core: registered rtc_cmos as rtc0
Jun 13 10:56:54 alton kernel: [    0.484243] rtc_cmos 00:00: alarms up to one day, 114 bytes nvram, hpet irqs
Jun 13 10:56:54 alton kernel: [    0.484253] ledtrig-cpu: registered to indicate activity on CPUs
Jun 13 10:56:54 alton kernel: [    0.484293] AMD IOMMUv2 driver by Joerg Roedel <joerg.roedel@amd.com>
Jun 13 10:56:54 alton kernel: [    0.484294] AMD IOMMUv2 functionality not available on this system
Jun 13 10:56:54 alton kernel: [    0.484346] TCP: cubic registered
Jun 13 10:56:54 alton kernel: [    0.484402] NET: Registered protocol family 10
Jun 13 10:56:54 alton kernel: [    0.485026] mip6: Mobile IPv6
Jun 13 10:56:54 alton kernel: [    0.485029] NET: Registered protocol family 17
Jun 13 10:56:54 alton kernel: [    0.485034] mpls_gso: MPLS GSO support
Jun 13 10:56:54 alton kernel: [    0.485194] registered taskstats version 1
Jun 13 10:56:54 alton kernel: [    0.496169] rtc_cmos 00:00: setting system clock to 2016-06-13 08:56:50 UTC (1465808210)
Jun 13 10:56:54 alton kernel: [    0.496207] PM: Hibernation image not present or could not be loaded.
Jun 13 10:56:54 alton kernel: [    0.496696] Freeing unused kernel memory: 1204K (ffffffff818ee000 - ffffffff81a1b000)
Jun 13 10:56:54 alton kernel: [    0.496697] Write protecting the kernel read-only data: 8192k
Jun 13 10:56:54 alton kernel: [    0.497000] Freeing unused kernel memory: 912K (ffff88000151c000 - ffff880001600000)
Jun 13 10:56:54 alton kernel: [    0.497266] Freeing unused kernel memory: 212K (ffff8800017cb000 - ffff880001800000)
Jun 13 10:56:54 alton kernel: [    0.502413] input: AT Translated Set 2 keyboard as /devices/platform/i8042/serio0/input/input0
Jun 13 10:56:54 alton kernel: [    0.546628] random: systemd-udevd urandom read with 1 bits of entropy available
Jun 13 10:56:54 alton kernel: [    0.553429] e1000: Intel(R) PRO/1000 Network Driver - version 7.3.21-k8-NAPI
Jun 13 10:56:54 alton kernel: [    0.553431] e1000: Copyright (c) 1999-2006 Intel Corporation.
Jun 13 10:56:54 alton kernel: [    0.573922] ACPI: bus type USB registered
Jun 13 10:56:54 alton kernel: [    0.573938] usbcore: registered new interface driver usbfs
Jun 13 10:56:54 alton kernel: [    0.573944] usbcore: registered new interface driver hub
Jun 13 10:56:54 alton kernel: [    0.604969] usbcore: registered new device driver usb
Jun 13 10:56:54 alton kernel: [    0.609906] ACPI: PCI Interrupt Link [LNKB] enabled at IRQ 10
Jun 13 10:56:54 alton kernel: [    0.611033] ehci_hcd: USB 2.0 'Enhanced' Host Controller (EHCI) Driver
Jun 13 10:56:54 alton kernel: [    0.615676] uhci_hcd: USB Universal Host Controller Interface driver
Jun 13 10:56:54 alton kernel: [    0.615725] SCSI subsystem initialized
Jun 13 10:56:54 alton kernel: [    0.618353] libata version 3.00 loaded.
Jun 13 10:56:54 alton kernel: [    0.647503] FDC 0 is a S82078B
Jun 13 10:56:54 alton kernel: [    0.950099] e1000 0000:00:12.0 eth0: (PCI:33MHz:32-bit) 32:34:30:32:32:34
Jun 13 10:56:54 alton kernel: [    0.950105] e1000 0000:00:12.0 eth0: Intel(R) PRO/1000 Network Connection
Jun 13 10:56:54 alton kernel: [    0.971028] ACPI: PCI Interrupt Link [LNKC] enabled at IRQ 11
Jun 13 10:56:54 alton kernel: [    0.992393] uhci_hcd 0000:00:01.2: UHCI Host Controller
Jun 13 10:56:54 alton kernel: [    0.992401] uhci_hcd 0000:00:01.2: new USB bus registered, assigned bus number 1
Jun 13 10:56:54 alton kernel: [    0.992411] uhci_hcd 0000:00:01.2: detected 2 ports
Jun 13 10:56:54 alton kernel: [    0.992454] uhci_hcd 0000:00:01.2: irq 11, io base 0x0000e040
Jun 13 10:56:54 alton kernel: [    0.992500] usb usb1: New USB device found, idVendor=1d6b, idProduct=0001
Jun 13 10:56:54 alton kernel: [    0.992501] usb usb1: New USB device strings: Mfr=3, Product=2, SerialNumber=1
Jun 13 10:56:54 alton kernel: [    0.992502] usb usb1: Product: UHCI Host Controller
Jun 13 10:56:54 alton kernel: [    0.992503] usb usb1: Manufacturer: Linux 3.16.0-4-amd64 uhci_hcd
Jun 13 10:56:54 alton kernel: [    0.992503] usb usb1: SerialNumber: 0000:00:01.2
Jun 13 10:56:54 alton kernel: [    1.008106] hub 1-0:1.0: USB hub found
Jun 13 10:56:54 alton kernel: [    1.008111] hub 1-0:1.0: 2 ports detected
Jun 13 10:56:54 alton kernel: [    1.008300] ata_piix 0000:00:01.1: version 2.13
Jun 13 10:56:54 alton kernel: [    1.015477] scsi0 : ata_piix
Jun 13 10:56:54 alton kernel: [    1.020669] scsi1 : ata_piix
Jun 13 10:56:54 alton kernel: [    1.020700] ata1: PATA max MWDMA2 cmd 0x1f0 ctl 0x3f6 bmdma 0xe0a0 irq 14
Jun 13 10:56:54 alton kernel: [    1.020701] ata2: PATA max MWDMA2 cmd 0x170 ctl 0x376 bmdma 0xe0a8 irq 15
Jun 13 10:56:54 alton kernel: [    1.020852] ahci 0000:00:07.0: version 3.0
Jun 13 10:56:54 alton kernel: [    1.044020] ahci 0000:00:07.0: irq 40 for MSI/MSI-X
Jun 13 10:56:54 alton kernel: [    1.044184] ahci 0000:00:07.0: AHCI 0001.0000 32 slots 6 ports 1.5 Gbps 0x3f impl SATA mode
Jun 13 10:56:54 alton kernel: [    1.044186] ahci 0000:00:07.0: flags: ncq only 
Jun 13 10:56:54 alton kernel: [    1.044852] scsi2 : ahci
Jun 13 10:56:54 alton kernel: [    1.044959] scsi3 : ahci
Jun 13 10:56:54 alton kernel: [    1.045151] scsi4 : ahci
Jun 13 10:56:54 alton kernel: [    1.045235] scsi5 : ahci
Jun 13 10:56:54 alton kernel: [    1.045315] scsi6 : ahci
Jun 13 10:56:54 alton kernel: [    1.045395] scsi7 : ahci
Jun 13 10:56:54 alton kernel: [    1.045430] ata3: SATA max UDMA/133 abar m4096@0xfea71000 port 0xfea71100 irq 40
Jun 13 10:56:54 alton kernel: [    1.045433] ata4: SATA max UDMA/133 abar m4096@0xfea71000 port 0xfea71180 irq 40
Jun 13 10:56:54 alton kernel: [    1.045435] ata5: SATA max UDMA/133 abar m4096@0xfea71000 port 0xfea71200 irq 40
Jun 13 10:56:54 alton kernel: [    1.045438] ata6: SATA max UDMA/133 abar m4096@0xfea71000 port 0xfea71280 irq 40
Jun 13 10:56:54 alton kernel: [    1.045440] ata7: SATA max UDMA/133 abar m4096@0xfea71000 port 0xfea71300 irq 40
Jun 13 10:56:54 alton kernel: [    1.045443] ata8: SATA max UDMA/133 abar m4096@0xfea71000 port 0xfea71380 irq 40
Jun 13 10:56:54 alton kernel: [    1.180267] ata2.01: NODEV after polling detection
Jun 13 10:56:54 alton kernel: [    1.180437] ata2.00: ATAPI: QEMU DVD-ROM, 2.4.1, max UDMA/100
Jun 13 10:56:54 alton kernel: [    1.180691] ata2.00: configured for MWDMA2
Jun 13 10:56:54 alton kernel: [    1.180955] scsi 1:0:0:0: CD-ROM            QEMU     QEMU DVD-ROM     2.4. PQ: 0 ANSI: 5
Jun 13 10:56:54 alton kernel: [    1.320038] usb 1-1: new full-speed USB device number 2 using uhci_hcd
Jun 13 10:56:54 alton kernel: [    1.364175] ata5: SATA link down (SStatus 0 SControl 300)
Jun 13 10:56:54 alton kernel: [    1.364235] ata7: SATA link down (SStatus 0 SControl 300)
Jun 13 10:56:54 alton kernel: [    1.364285] ata6: SATA link down (SStatus 0 SControl 300)
Jun 13 10:56:54 alton kernel: [    1.364336] ata4: SATA link down (SStatus 0 SControl 300)
Jun 13 10:56:54 alton kernel: [    1.364386] ata8: SATA link down (SStatus 0 SControl 300)
Jun 13 10:56:54 alton kernel: [    1.364439] ata3: SATA link up 1.5 Gbps (SStatus 113 SControl 300)
Jun 13 10:56:54 alton kernel: [    1.364478] ata3.00: ATA-7: QEMU HARDDISK, 2.4.1, max UDMA/100
Jun 13 10:56:54 alton kernel: [    1.364479] ata3.00: 41943040 sectors, multi 16: LBA48 NCQ (depth 31/32)
Jun 13 10:56:54 alton kernel: [    1.364480] ata3.00: applying bridge limits
Jun 13 10:56:54 alton kernel: [    1.364644] ata3.00: configured for UDMA/100
Jun 13 10:56:54 alton kernel: [    1.364701] scsi 2:0:0:0: Direct-Access     ATA      QEMU HARDDISK    1    PQ: 0 ANSI: 5
Jun 13 10:56:54 alton kernel: [    1.399364] sr0: scsi3-mmc drive: 4x/4x cd/rw xa/form2 tray
Jun 13 10:56:54 alton kernel: [    1.399366] cdrom: Uniform CD-ROM driver Revision: 3.20
Jun 13 10:56:54 alton kernel: [    1.399720] sr 1:0:0:0: Attached scsi CD-ROM sr0
Jun 13 10:56:54 alton kernel: [    1.404881] sr 1:0:0:0: Attached scsi generic sg0 type 5
Jun 13 10:56:54 alton kernel: [    1.404925] scsi 2:0:0:0: Attached scsi generic sg1 type 0
Jun 13 10:56:54 alton kernel: [    1.422923] sd 2:0:0:0: [sda] 41943040 512-byte logical blocks: (21.4 GB/20.0 GiB)
Jun 13 10:56:54 alton kernel: [    1.422943] sd 2:0:0:0: [sda] Write Protect is off
Jun 13 10:56:54 alton kernel: [    1.422945] sd 2:0:0:0: [sda] Mode Sense: 00 3a 00 00
Jun 13 10:56:54 alton kernel: [    1.422950] sd 2:0:0:0: [sda] Write cache: enabled, read cache: enabled, doesn't support DPO or FUA
Jun 13 10:56:54 alton kernel: [    1.423916]  sda: sda1 sda2
Jun 13 10:56:54 alton kernel: [    1.424114] sd 2:0:0:0: [sda] Attached SCSI disk
Jun 13 10:56:54 alton kernel: [    1.463701] input: ImExPS/2 Generic Explorer Mouse as /devices/platform/i8042/serio1/input/input2
Jun 13 10:56:54 alton kernel: [    1.480054] tsc: Refined TSC clocksource calibration: 3499.980 MHz
Jun 13 10:56:54 alton kernel: [    1.502262] usb 1-1: New USB device found, idVendor=0627, idProduct=0001
Jun 13 10:56:54 alton kernel: [    1.502264] usb 1-1: New USB device strings: Mfr=1, Product=3, SerialNumber=5
Jun 13 10:56:54 alton kernel: [    1.502265] usb 1-1: Product: QEMU USB Tablet
Jun 13 10:56:54 alton kernel: [    1.502266] usb 1-1: Manufacturer: QEMU
Jun 13 10:56:54 alton kernel: [    1.502267] usb 1-1: SerialNumber: 42
Jun 13 10:56:54 alton kernel: [    1.503321] PM: Starting manual resume from disk
Jun 13 10:56:54 alton kernel: [    1.503324] PM: Hibernation image partition 8:1 present
Jun 13 10:56:54 alton kernel: [    1.503324] PM: Looking for hibernation image.
Jun 13 10:56:54 alton kernel: [    1.503593] PM: Image not found (code -22)
Jun 13 10:56:54 alton kernel: [    1.503594] PM: Hibernation image not present or could not be loaded.
Jun 13 10:56:54 alton kernel: [    1.520623] hidraw: raw HID events driver (C) Jiri Kosina
Jun 13 10:56:54 alton kernel: [    1.539694] usbcore: registered new interface driver usbhid
Jun 13 10:56:54 alton kernel: [    1.539697] usbhid: USB HID core driver
Jun 13 10:56:54 alton kernel: [    1.557311] input: QEMU QEMU USB Tablet as /devices/pci0000:00/0000:00:01.2/usb1/1-1/1-1:1.0/0003:0627:0001.0001/input/input3
Jun 13 10:56:54 alton kernel: [    1.557431] hid-generic 0003:0627:0001.0001: input,hidraw0: USB HID v0.01 Pointer [QEMU QEMU USB Tablet] on usb-0000:00:01.2-1/input0
Jun 13 10:56:54 alton kernel: [    1.729109] EXT4-fs (sda2): mounted filesystem with ordered data mode. Opts: (null)
Jun 13 10:56:54 alton kernel: [    2.439405] input: Power Button as /devices/LNXSYSTM:00/LNXPWRBN:00/input/input4
Jun 13 10:56:54 alton kernel: [    2.439409] ACPI: Power Button [PWRF]
Jun 13 10:56:54 alton kernel: [    2.534635] piix4_smbus 0000:00:01.3: SMBus Host Controller at 0x700, revision 0
Jun 13 10:56:54 alton kernel: [    2.639743] shpchp: Standard Hot Plug PCI Controller Driver version: 0.4
Jun 13 10:56:54 alton kernel: [    2.639964] [drm] Initialized drm 1.1.0 20060810
Jun 13 10:56:54 alton kernel: [    2.721193] input: PC Speaker as /devices/platform/pcspkr/input/input5
Jun 13 10:56:54 alton kernel: [    2.833819] random: nonblocking pool is initialized
Jun 13 10:56:54 alton kernel: [    3.023573] ppdev: user-space parallel port driver
Jun 13 10:56:54 alton kernel: [    3.093362] Adding 975868k swap on /dev/sda1.  Priority:-1 extents:1 across:975868k FS
Jun 13 10:56:54 alton kernel: [    3.280461] EXT4-fs (sda2): re-mounted. Opts: errors=remount-ro
Jun 13 10:56:54 alton kernel: [    3.530238] IPv6: ADDRCONF(NETDEV_UP): eth0: link is not ready
Jun 13 10:56:54 alton kernel: [    3.540528] e1000: eth0 NIC Link is Up 1000 Mbps Full Duplex, Flow Control: RX
Jun 13 10:56:54 alton kernel: [    3.544914] IPv6: ADDRCONF(NETDEV_CHANGE): eth0: link becomes ready
Jun 13 10:56:54 alton kernel: [    3.843241] RPC: Registered named UNIX socket transport module.
Jun 13 10:56:54 alton kernel: [    3.843242] RPC: Registered udp transport module.
Jun 13 10:56:54 alton kernel: [    3.843243] RPC: Registered tcp transport module.
Jun 13 10:56:54 alton kernel: [    3.843244] RPC: Registered tcp NFSv4.1 backchannel transport module.
Jun 13 10:56:54 alton kernel: [    3.858862] FS-Cache: Loaded
Jun 13 10:56:54 alton kernel: [    3.881762] FS-Cache: Netfs 'nfs' registered for caching
Jun 13 10:56:54 alton kernel: [    3.898746] Installing knfsd (copyright (C) 1996 okir@monad.swb.de).
Jun 13 10:56:54 alton named[448]: zone localhost/IN: loaded serial 2
Jun 13 10:56:54 alton named[448]: zone 10.in-addr.arpa/IN: loaded serial 97
Jun 13 10:56:54 alton named[448]: all zones loaded
Jun 13 10:56:54 alton named[448]: running
Jun 13 10:56:54 alton named[448]: zone got/IN: sending notifies (serial 96)
Jun 13 10:56:54 alton named[448]: zone 10.in-addr.arpa/IN: sending notifies (serial 97)
Jun 13 10:56:54 alton xinetd[456]: Starting internet superserver: xinetd.
Jun 13 10:56:54 alton xinetd[566]: Reading included configuration file: /etc/xinetd.d/chargen [file=/etc/xinetd.conf] [line=14]
Jun 13 10:56:54 alton xinetd[566]: Reading included configuration file: /etc/xinetd.d/daytime [file=/etc/xinetd.d/daytime] [line=28]
Jun 13 10:56:54 alton xinetd[566]: Reading included configuration file: /etc/xinetd.d/discard [file=/etc/xinetd.d/discard] [line=26]
Jun 13 10:56:54 alton xinetd[566]: Reading included configuration file: /etc/xinetd.d/echo [file=/etc/xinetd.d/echo] [line=25]
Jun 13 10:56:54 alton xinetd[566]: Reading included configuration file: /etc/xinetd.d/nrpe [file=/etc/xinetd.d/nrpe] [line=26]
Jun 13 10:56:54 alton xinetd[566]: Reading included configuration file: /etc/xinetd.d/time [file=/etc/xinetd.d/time] [line=16]
Jun 13 10:56:54 alton xinetd[566]: removing chargen
Jun 13 10:56:54 alton xinetd[566]: removing chargen
Jun 13 10:56:54 alton xinetd[566]: removing daytime
Jun 13 10:56:54 alton xinetd[566]: removing daytime
Jun 13 10:56:54 alton xinetd[566]: removing discard
Jun 13 10:56:54 alton xinetd[566]: removing discard
Jun 13 10:56:54 alton xinetd[566]: removing echo
Jun 13 10:56:54 alton xinetd[566]: removing echo
Jun 13 10:56:54 alton xinetd[566]: removing time
Jun 13 10:56:54 alton xinetd[566]: removing time
Jun 13 10:56:54 alton xinetd[566]: xinetd Version 2.3.15 started with libwrap loadavg options compiled in.
Jun 13 10:56:54 alton xinetd[566]: Started working: 1 available service
Jun 13 10:56:54 alton rsyslogd-2007: action 'action 19' suspended, next retry is Mon Jun 13 10:57:24 2016 [try http://www.rsyslog.com/e/2007 ]
Jun 13 10:56:54 alton heartbeat[515]: Starting High-Availability services: 2016/06/13_10:56:54 INFO:  Resource is stopped
Jun 13 10:56:54 alton heartbeat: [871]: WARN: Core dumps could be lost if multiple dumps occur.
Jun 13 10:56:54 alton heartbeat: [871]: WARN: Consider setting non-default value in /proc/sys/kernel/core_pattern (or equivalent) for maximum supportability
Jun 13 10:56:54 alton heartbeat: [871]: WARN: Consider setting /proc/sys/kernel/core_uses_pid (or equivalent) to 1 for maximum supportability
Jun 13 10:56:54 alton heartbeat: [871]: info: Pacemaker support: false
Jun 13 10:56:54 alton heartbeat: [871]: WARN: Initial dead time [4000 ms] may be too small!
Jun 13 10:56:54 alton heartbeat: [871]: info: Initial dead time accounts for slow network startup time
Jun 13 10:56:54 alton heartbeat: [871]: info: It should be >= deadtime and >= 10 seconds
Jun 13 10:56:54 alton heartbeat: [871]: WARN: Logging daemon is disabled --enabling logging daemon is recommended
Jun 13 10:56:54 alton heartbeat: [871]: info: **************************
Jun 13 10:56:54 alton heartbeat: [871]: info: Configuration validated. Starting heartbeat 3.0.5
Jun 13 10:56:54 alton heartbeat: [872]: info: heartbeat: version 3.0.5
Jun 13 10:56:54 alton heartbeat[515]: Done.
Jun 13 10:56:54 alton heartbeat: [872]: info: Heartbeat generation: 1463833143
Jun 13 10:56:54 alton heartbeat: [872]: info: glib: UDP Broadcast heartbeat started on port 694 (694) interface eth0
Jun 13 10:56:54 alton heartbeat: [872]: info: glib: UDP Broadcast heartbeat closed on port 694 interface eth0 - Status: 1
Jun 13 10:56:54 alton heartbeat: [872]: info: glib: ucast: write socket priority set to IPTOS_LOWDELAY on eth0
Jun 13 10:56:54 alton heartbeat: [872]: info: glib: ucast: bound send socket to device: eth0
Jun 13 10:56:54 alton heartbeat: [872]: info: glib: ucast: set SO_REUSEPORT(w)
Jun 13 10:56:54 alton heartbeat: [872]: info: glib: ucast: set SO_REUSEADDR
Jun 13 10:56:54 alton heartbeat: [872]: info: glib: ucast: bound receive socket to device: eth0
Jun 13 10:56:54 alton heartbeat: [872]: info: glib: ucast: set SO_REUSEPORT
Jun 13 10:56:54 alton heartbeat: [872]: info: glib: ucast: started on port 694 interface eth0 to 10.0.30.20
Jun 13 10:56:54 alton heartbeat: [872]: info: Local status now set to: 'up'
Jun 13 10:56:56 alton heartbeat: [872]: info: Link alton:eth0 up.
Jun 13 10:56:56 alton named[448]: client 10.0.30.20#47208: received notify for zone 'got'
Jun 13 10:56:56 alton named[448]: zone got/IN: refused notify from non-master: 10.0.30.20#47208
Jun 13 10:56:56 alton named[448]: client 10.0.30.20#47208: received notify for zone '10.in-addr.arpa'
Jun 13 10:56:56 alton named[448]: zone 10.in-addr.arpa/IN: refused notify from non-master: 10.0.30.20#47208
Jun 13 10:56:56 alton heartbeat: [872]: info: Link tyrion:eth0 up.
Jun 13 10:56:56 alton heartbeat: [872]: info: Status update for node tyrion: status up
Jun 13 10:56:56 alton heartbeat: [883]: debug: notify_world: setting SIGCHLD Handler to SIG_DFL
Jun 13 10:56:56 alton harc(default)[883]: info: Running /etc/ha.d//rc.d/status status
Jun 13 10:56:57 alton heartbeat: [872]: debug: get_delnodelist: delnodelist=
Jun 13 10:56:57 alton heartbeat: [872]: info: Comm_now_up(): updating status to active
Jun 13 10:56:57 alton heartbeat: [872]: info: Local status now set to: 'active'
Jun 13 10:56:57 alton named[448]: error (network unreachable) resolving '0.debian.pool.ntp.org/A/IN': 2001:500:2d::d#53
Jun 13 10:56:57 alton named[448]: error (network unreachable) resolving '0.debian.pool.ntp.org/AAAA/IN': 2001:500:2d::d#53
Jun 13 10:56:57 alton named[448]: error (network unreachable) resolving './NS/IN': 2001:500:2d::d#53
Jun 13 10:56:57 alton heartbeat: [872]: info: Status update for node tyrion: status active
Jun 13 10:56:57 alton heartbeat: [906]: debug: notify_world: setting SIGCHLD Handler to SIG_DFL
Jun 13 10:56:57 alton harc(default)[906]: info: Running /etc/ha.d//rc.d/status status
Jun 13 10:56:58 alton named[448]: error (network unreachable) resolving '0.debian.pool.ntp.org/A/IN': 2001:503:c27::2:30#53
Jun 13 10:56:58 alton named[448]: error (network unreachable) resolving '0.debian.pool.ntp.org/AAAA/IN': 2001:503:c27::2:30#53
Jun 13 10:56:58 alton named[448]: error (network unreachable) resolving './NS/IN': 2001:503:c27::2:30#53
Jun 13 10:56:59 alton named[448]: error (network unreachable) resolving '0.debian.pool.ntp.org/A/IN': 2001:500:1::803f:235#53
Jun 13 10:56:59 alton named[448]: error (network unreachable) resolving '0.debian.pool.ntp.org/AAAA/IN': 2001:500:1::803f:235#53
Jun 13 10:56:59 alton named[448]: error (network unreachable) resolving './NS/IN': 2001:500:1::803f:235#53
Jun 13 10:57:01 alton exim4[457]: Starting MTA: exim4.
Jun 13 10:57:01 alton named[448]: error (network unreachable) resolving '0.debian.pool.ntp.org/A/IN': 2001:503:ba3e::2:30#53
Jun 13 10:57:01 alton named[448]: error (network unreachable) resolving '0.debian.pool.ntp.org/AAAA/IN': 2001:503:ba3e::2:30#53
Jun 13 10:57:01 alton named[448]: error (network unreachable) resolving './NS/IN': 2001:503:ba3e::2:30#53
Jun 13 10:57:02 alton named[448]: client 10.0.60.10#47987: received notify for zone 'got'
Jun 13 10:57:02 alton named[448]: zone got/IN: notify from 10.0.60.10#47987: zone is up to date
Jun 13 10:57:02 alton named[448]: client 10.0.60.10#7199: received notify for zone '10.in-addr.arpa'
Jun 13 10:57:02 alton named[448]: zone 10.in-addr.arpa/IN: notify from 10.0.60.10#7199: zone is up to date
Jun 13 10:57:02 alton named[448]: validating @0x7f03086db710: . NS: got insecure response; parent indicates it should be secure
Jun 13 10:57:02 alton named[448]: error (insecurity proof failed) resolving './NS/IN': 192.5.5.241#53
Jun 13 10:57:02 alton named[448]: success resolving './NS' (in '.'?) after disabling EDNS
Jun 13 10:57:03 alton named[448]: success resolving '0.debian.pool.ntp.org/A' (in 'org'?) after disabling EDNS
Jun 13 10:57:03 alton named[448]: success resolving '0.debian.pool.ntp.org/AAAA' (in 'org'?) after disabling EDNS
Jun 13 10:57:04 alton ntpd[496]: Listen normally on 5 eth0 fe80::3034:30ff:fe32:3234 UDP 123
Jun 13 10:57:04 alton ntpd[496]: peers refreshed
Jun 13 10:57:08 alton heartbeat: [872]: info: remote resource transition completed.
Jun 13 10:57:08 alton heartbeat: [872]: info: remote resource transition completed.
Jun 13 10:57:08 alton heartbeat: [872]: info: Initial resource acquisition complete (T_RESOURCES(us))
Jun 13 10:57:08 alton /usr/lib/ocf/resource.d//heartbeat/IPaddr(IPaddr_10.0.30.15)[969]: INFO:  Resource is stopped
Jun 13 10:57:08 alton heartbeat: [933]: info: Local Resource acquisition completed.
Jun 13 10:57:08 alton heartbeat: [872]: debug: StartNextRemoteRscReq(): child count 1
Jun 13 10:57:08 alton heartbeat: [1009]: debug: notify_world: setting SIGCHLD Handler to SIG_DFL
Jun 13 10:57:08 alton harc(default)[1009]: info: Running /etc/ha.d//rc.d/ip-request-resp ip-request-resp
Jun 13 10:57:08 alton ip-request-resp(default)[1009]: received ip-request-resp IPaddr::10.0.30.15//8/eth0:10 OK yes
Jun 13 10:57:08 alton ResourceManager(default)[1030]: info: Acquiring resource group: alton IPaddr::10.0.30.15//8/eth0:10 haproxy master-redis
Jun 13 10:57:08 alton /usr/lib/ocf/resource.d//heartbeat/IPaddr(IPaddr_10.0.30.15)[1057]: INFO:  Resource is stopped
Jun 13 10:57:08 alton ResourceManager(default)[1030]: info: Running /etc/ha.d/resource.d/IPaddr 10.0.30.15//8/eth0:10 start
Jun 13 10:57:08 alton IPaddr(IPaddr_10.0.30.15)[1138]: INFO: Using calculated netmask for 10.0.30.15: 255.0.0.0
Jun 13 10:57:08 alton IPaddr(IPaddr_10.0.30.15)[1138]: INFO: eval ifconfig eth0:0 10.0.30.15 netmask 255.0.0.0 broadcast 10.255.255.255
Jun 13 10:57:08 alton /usr/lib/ocf/resource.d//heartbeat/IPaddr(IPaddr_10.0.30.15)[1114]: INFO:  Success
Jun 13 10:57:08 alton ResourceManager(default)[1030]: info: Running /etc/init.d/haproxy  start
Jun 13 10:57:10 alton ntpd[496]: Listen normally on 6 eth0:0 10.0.30.15 UDP 123
Jun 13 10:57:10 alton ntpd[496]: peers refreshed
Jun 13 11:01:53 alton anacron[450]: Job `cron.daily' started
Jun 13 11:01:53 alton anacron[1383]: Updated timestamp for job `cron.daily' to 2016-06-13
Jun 13 11:01:54 alton rsyslogd: [origin software="rsyslogd" swVersion="8.4.2" x-pid="478" x-info="http://www.rsyslog.com"] rsyslogd was HUPed
